Component: ARM Compiler 5.06 update 7 (build 960) Tool: armlink [4d3601]

==============================================================================

Section Cross References

    startup_stm32h723xx.o(RESET) refers to startup_stm32h723xx.o(STACK) for __initial_sp
    startup_stm32h723xx.o(RESET) refers to startup_stm32h723xx.o(.text) for Reset_Handler
    startup_stm32h723xx.o(RESET) refers to stm32h7xx_it.o(i.NMI_Handler) for NMI_Handler
    startup_stm32h723xx.o(RESET) refers to stm32h7xx_it.o(i.HardFault_Handler) for HardFault_Handler
    startup_stm32h723xx.o(RESET) refers to stm32h7xx_it.o(i.MemManage_Handler) for MemManage_Handler
    startup_stm32h723xx.o(RESET) refers to stm32h7xx_it.o(i.BusFault_Handler) for BusFault_Handler
    startup_stm32h723xx.o(RESET) refers to stm32h7xx_it.o(i.UsageFault_Handler) for UsageFault_Handler
    startup_stm32h723xx.o(RESET) refers to port.o(.emb_text) for SVC_Handler
    startup_stm32h723xx.o(RESET) refers to stm32h7xx_it.o(i.DebugMon_Handler) for DebugMon_Handler
    startup_stm32h723xx.o(RESET) refers to cmsis_os2.o(i.SysTick_Handler) for SysTick_Handler
    startup_stm32h723xx.o(RESET) refers to stm32h7xx_it.o(i.USART1_IRQHandler) for USART1_IRQHandler
    startup_stm32h723xx.o(RESET) refers to stm32h7xx_it.o(i.TIM8_UP_TIM13_IRQHandler) for TIM8_UP_TIM13_IRQHandler
    startup_stm32h723xx.o(.text) refers to system_stm32h7xx.o(i.ExitRun0Mode) for ExitRun0Mode
    startup_stm32h723xx.o(.text) refers to system_stm32h7xx.o(i.SystemInit) for SystemInit
    startup_stm32h723xx.o(.text) refers to entry.o(.ARM.Collect$$$$00000000) for __main
    main.o(i.HAL_TIM_PeriodElapsedCallback) refers to stm32h7xx_hal.o(i.HAL_IncTick) for HAL_IncTick
    main.o(i.MPU_Config) refers to stm32h7xx_hal_cortex.o(i.HAL_MPU_Disable) for HAL_MPU_Disable
    main.o(i.MPU_Config) refers to stm32h7xx_hal_cortex.o(i.HAL_MPU_ConfigRegion) for HAL_MPU_ConfigRegion
    main.o(i.MPU_Config) refers to stm32h7xx_hal_cortex.o(i.HAL_MPU_Enable) for HAL_MPU_Enable
    main.o(i.SystemClock_Config) refers to memseta.o(.text) for __aeabi_memclr4
    main.o(i.SystemClock_Config) refers to stm32h7xx_hal_pwr_ex.o(i.HAL_PWREx_ConfigSupply) for HAL_PWREx_ConfigSupply
    main.o(i.SystemClock_Config) refers to stm32h7xx_hal_rcc.o(i.HAL_RCC_OscConfig) for HAL_RCC_OscConfig
    main.o(i.SystemClock_Config) refers to main.o(i.Error_Handler) for Error_Handler
    main.o(i.SystemClock_Config) refers to stm32h7xx_hal_rcc.o(i.HAL_RCC_ClockConfig) for HAL_RCC_ClockConfig
    main.o(i.main) refers to main.o(i.MPU_Config) for MPU_Config
    main.o(i.main) refers to stm32h7xx_hal.o(i.HAL_Init) for HAL_Init
    main.o(i.main) refers to main.o(i.SystemClock_Config) for SystemClock_Config
    main.o(i.main) refers to gpio.o(i.MX_GPIO_Init) for MX_GPIO_Init
    main.o(i.main) refers to tim.o(i.MX_TIM1_Init) for MX_TIM1_Init
    main.o(i.main) refers to usart.o(i.MX_USART1_UART_Init) for MX_USART1_UART_Init
    main.o(i.main) refers to tim.o(i.MX_TIM2_Init) for MX_TIM2_Init
    main.o(i.main) refers to cmsis_os2.o(i.osKernelInitialize) for osKernelInitialize
    main.o(i.main) refers to freertos.o(i.MX_FREERTOS_Init) for MX_FREERTOS_Init
    main.o(i.main) refers to cmsis_os2.o(i.osKernelStart) for osKernelStart
    freertos.o(i.Aimming) refers to vas1082.o(i.Aimming_Sel) for Aimming_Sel
    freertos.o(i.Aimming) refers to cmsis_os2.o(i.osDelay) for osDelay
    freertos.o(i.Callback01) refers to event_groups.o(i.xEventGroupSetBits) for xEventGroupSetBits
    freertos.o(i.Callback01) refers to freertos.o(.data) for count
    freertos.o(i.Freq) refers to vas1082.o(i.Freq_Sel) for Freq_Sel
    freertos.o(i.Freq) refers to cmsis_os2.o(i.osDelay) for osDelay
    freertos.o(i.MX_FREERTOS_Init) refers to cmsis_os2.o(i.osMutexNew) for osMutexNew
    freertos.o(i.MX_FREERTOS_Init) refers to cmsis_os2.o(i.osSemaphoreNew) for osSemaphoreNew
    freertos.o(i.MX_FREERTOS_Init) refers to cmsis_os2.o(i.osTimerNew) for osTimerNew
    freertos.o(i.MX_FREERTOS_Init) refers to cmsis_os2.o(i.osMessageQueueNew) for osMessageQueueNew
    freertos.o(i.MX_FREERTOS_Init) refers to cmsis_os2.o(i.osThreadNew) for osThreadNew
    freertos.o(i.MX_FREERTOS_Init) refers to cmsis_os2.o(i.osEventFlagsNew) for osEventFlagsNew
    freertos.o(i.MX_FREERTOS_Init) refers to freertos.o(.constdata) for UartMutexes_attributes
    freertos.o(i.MX_FREERTOS_Init) refers to freertos.o(.data) for UartMutexesHandle
    freertos.o(i.MX_FREERTOS_Init) refers to freertos.o(i.Callback01) for Callback01
    freertos.o(i.MX_FREERTOS_Init) refers to freertos.o(i.StartDefaultTask) for StartDefaultTask
    freertos.o(i.MX_FREERTOS_Init) refers to freertos.o(i.Freq) for Freq
    freertos.o(i.MX_FREERTOS_Init) refers to freertos.o(i.Aimming) for Aimming
    freertos.o(i.MX_FREERTOS_Init) refers to freertos.o(i.Uart) for Uart
    freertos.o(i.StartDefaultTask) refers to cmsis_os2.o(i.osTimerStart) for osTimerStart
[...]
    pxReadyTasksLists                        0x240002b4   Data        1120  tasks.o(.bss)
    xDelayedTaskList1                        0x24000714   Data          20  tasks.o(.bss)
    xDelayedTaskList2                        0x24000728   Data          20  tasks.o(.bss)
    xPendingReadyList                        0x2400073c   Data          20  tasks.o(.bss)
    xTasksWaitingTermination                 0x24000750   Data          20  tasks.o(.bss)
    xSuspendedTaskList                       0x24000764   Data          20  tasks.o(.bss)
    .bss                                     0x24000778   Section      280  timers.o(.bss)
    xActiveTimerList1                        0x24000778   Data          20  timers.o(.bss)
    xActiveTimerList2                        0x2400078c   Data          20  timers.o(.bss)
    xStaticTimerQueue                        0x240007a0   Data          80  timers.o(.bss)
    ucStaticTimerQueueStorage                0x240007f0   Data         160  timers.o(.bss)
    .bss                                     0x24000890   Section     1720  cmsis_os2.o(.bss)
    Idle_TCB                                 0x24000890   Data          92  cmsis_os2.o(.bss)
    Idle_Stack                               0x240008ec   Data         512  cmsis_os2.o(.bss)
    Timer_TCB                                0x24000aec   Data          92  cmsis_os2.o(.bss)
    Timer_Stack                              0x24000b48   Data        1024  cmsis_os2.o(.bss)
    .bss                                     0x24000f48   Section      128  vas1082.o(.bss)
    RxBuffer                                 0x24000f48   Data         128  vas1082.o(.bss)
    STACK                                    0x24000fc8   Section     1024  startup_stm32h723xx.o(STACK)

    Global Symbols

    Symbol Name                              Value     Ov Type        Size  Object(Section)

    BuildAttributes$$THM_ISAv4$E$P$D$K$B$S$7EM$VFPv5_D16$PE$PLD8$A:L22UL41UL21$X:L11$S22US41US21$IEEE1$IW$USESV6$~STKCKD$USESV7$~SHL$OTIME$ROPI$IEEEX$EBA8$MICROLIB$REQ8$PRES8$EABIv2 0x00000000   Number         0  anon$$obj.o ABSOLUTE
    __ARM_use_no_argv                        0x00000000   Number         0  main.o ABSOLUTE
    _printf_a                                0x00000000   Number         0  stubs.o ABSOLUTE
    _printf_c                                0x00000000   Number         0  stubs.o ABSOLUTE
    _printf_charcount                        0x00000000   Number         0  stubs.o ABSOLUTE
    _printf_d                                0x00000000   Number         0  stubs.o ABSOLUTE
    _printf_e                                0x00000000   Number         0  stubs.o ABSOLUTE
    _printf_f                                0x00000000   Number         0  stubs.o ABSOLUTE
    _printf_flags                            0x00000000   Number         0  stubs.o ABSOLUTE
    _printf_fp_dec                           0x00000000   Number         0  stubs.o ABSOLUTE
    _printf_fp_hex                           0x00000000   Number         0  stubs.o ABSOLUTE
    _printf_g                                0x00000000   Number         0  stubs.o ABSOLUTE
    _printf_i                                0x00000000   Number         0  stubs.o ABSOLUTE
    _printf_int_dec                          0x00000000   Number         0  stubs.o ABSOLUTE
    _printf_l                                0x00000000   Number         0  stubs.o ABSOLUTE
    _printf_lc                               0x00000000   Number         0  stubs.o ABSOLUTE
    _printf_ll                               0x00000000   Number         0  stubs.o ABSOLUTE
    _printf_lld                              0x00000000   Number         0  stubs.o ABSOLUTE
    _printf_lli                              0x00000000   Number         0  stubs.o ABSOLUTE
    _printf_llo                              0x00000000   Number         0  stubs.o ABSOLUTE
    _printf_llu                              0x00000000   Number         0  stubs.o ABSOLUTE
    _printf_llx                              0x00000000   Number         0  stubs.o ABSOLUTE
    _printf_longlong_dec                     0x00000000   Number         0  stubs.o ABSOLUTE
    _printf_longlong_hex                     0x00000000   Number         0  stubs.o ABSOLUTE
    _printf_longlong_oct                     0x00000000   Number         0  stubs.o ABSOLUTE
    _printf_ls                               0x00000000   Number         0  stubs.o ABSOLUTE
    _printf_mbtowc                           0x00000000   Number         0  stubs.o ABSOLUTE
    _printf_n                                0x00000000   Number         0  stubs.o ABSOLUTE
    _printf_o                                0x00000000   Number         0  stubs.o ABSOLUTE
    _printf_p                                0x00000000   Number         0  stubs.o ABSOLUTE
    _printf_percent                          0x00000000   Number         0  stubs.o ABSOLUTE
    _printf_pre_padding                      0x00000000   Number         0  stubs.o ABSOLUTE
    _printf_return_value                     0x00000000   Number         0  stubs.o ABSOLUTE
    _printf_s                                0x00000000   Number         0  stubs.o ABSOLUTE
    _printf_sizespec                         0x00000000   Number         0  stubs.o ABSOLUTE
    _printf_str                              0x00000000   Number         0  stubs.o ABSOLUTE
    _printf_truncate_signed                  0x00000000   Number         0  stubs.o ABSOLUTE
    _printf_truncate_unsigned                0x00000000   Number         0  stubs.o ABSOLUTE
    _printf_u                                0x00000000   Number         0  stubs.o ABSOLUTE
    _printf_wc                               0x00000000   Number         0  stubs.o ABSOLUTE
    _printf_wctomb                           0x00000000   Number         0  stubs.o ABSOLUTE
    _printf_widthprec                        0x00000000   Number         0  stubs.o ABSOLUTE
    _printf_x                                0x00000000   Number         0  stubs.o ABSOLUTE
    __arm_fini_                               - Undefined Weak Reference
    __cpp_initialize__aeabi_                  - Undefined Weak Reference
    __cxa_finalize                            - Undefined Weak Reference
    __decompress                              - Undefined Weak Reference
    _clock_init                               - Undefined Weak Reference
    _microlib_exit                            - Undefined Weak Reference
    __Vectors_Size                           0x000002cc   Number         0  startup_stm32h723xx.o ABSOLUTE
    __Vectors                                0x08000000   Data           4  startup_stm32h723xx.o(RESET)
    __Vectors_End                            0x080002cc   Data           0  startup_stm32h723xx.o(RESET)
    __main                                   0x080002cd   Thumb Code     0  entry.o(.ARM.Collect$$$$00000000)
    _main_stk                                0x080002cd   Thumb Code     0  entry2.o(.ARM.Collect$$$$00000001)
    _main_scatterload                        0x080002d1   Thumb Code     0  entry5.o(.ARM.Collect$$$$00000004)
    __main_after_scatterload                 0x080002d5   Thumb Code     0  entry5.o(.ARM.Collect$$$$00000004)
    _main_clock                              0x080002d5   Thumb Code     0  entry7b.o(.ARM.Collect$$$$00000008)
    _main_cpp_init                           0x080002d5   Thumb Code     0  entry8b.o(.ARM.Collect$$$$0000000A)
    _main_init                               0x080002d5   Thumb Code     0  entry9a.o(.ARM.Collect$$$$0000000B)
    __rt_lib_shutdown_fini                   0x080002dd   Thumb Code     0  entry12b.o(.ARM.Collect$$$$0000000E)
    __rt_final_cpp                           0x080002e1   Thumb Code     0  entry10a.o(.ARM.Collect$$$$0000000F)
    __rt_final_exit                          0x080002e1   Thumb Code     0  entry11a.o(.ARM.Collect$$$$00000011)
    SVC_Handler                              0x080002e5   Thumb Code    28  port.o(.emb_text)
    __asm___6_port_c_39a90d8d__prvStartFirstTask 0x08000305   Thumb Code    36  port.o(.emb_text)
    __asm___6_port_c_39a90d8d__prvEnableVFP  0x0800032d   Thumb Code    16  port.o(.emb_text)
    PendSV_Handler                           0x08000341   Thumb Code    88  port.o(.emb_text)
    vPortGetIPSR                             0x0800039d   Thumb Code     6  port.o(.emb_text)
    Reset_Handler                            0x080003a5   Thumb Code    12  startup_stm32h723xx.o(.text)
    ADC3_IRQHandler                          0x080003c3   Thumb Code     0  startup_stm32h723xx.o(.text)
    ADC_IRQHandler                           0x080003c3   Thumb Code     0  startup_stm32h723xx.o(.text)
    BDMA_Channel0_IRQHandler                 0x080003c3   Thumb Code     0  startup_stm32h723xx.o(.text)
    BDMA_Channel1_IRQHandler                 0x080003c3   Thumb Code     0  startup_stm32h723xx.o(.text)
    BDMA_Channel2_IRQHandler                 0x080003c3   Thumb Code     0  startup_stm32h723xx.o(.text)
    BDMA_Channel3_IRQHandler                 0x080003c3   Thumb Code     0  startup_stm32h723xx.o(.text)
    BDMA_Channel4_IRQHandler                 0x080003c3   Thumb Code     0  startup_stm32h723xx.o(.text)
    BDMA_Channel5_IRQHandler                 0x080003c3   Thumb Code     0  startup_stm32h723xx.o(.text)
    BDMA_Channel6_IRQHandler                 0x080003c3   Thumb Code     0  startup_stm32h723xx.o(.text)
    BDMA_Channel7_IRQHandler                 0x080003c3   Thumb Code     0  startup_stm32h723xx.o(.text)
    CEC_IRQHandler                           0x080003c3   Thumb Code     0  startup_stm32h723xx.o(.text)
    COMP1_IRQHandler                         0x080003c3   Thumb Code     0  startup_stm32h723xx.o(.text)
    CORDIC_IRQHandler                        0x080003c3   Thumb Code     0  startup_stm32h723xx.o(.text)
    CRS_IRQHandler                           0x080003c3   Thumb Code     0  startup_stm32h723xx.o(.text)
    DCMI_PSSI_IRQHandler                     0x080003c3   Thumb Code     0  startup_stm32h723xx.o(.text)
    DFSDM1_FLT0_IRQHandler                   0x080003c3   Thumb Code     0  startup_stm32h723xx.o(.text)
    DFSDM1_FLT1_IRQHandler                   0x080003c3   Thumb Code     0  startup_stm32h723xx.o(.text)
    DFSDM1_FLT2_IRQHandler                   0x080003c3   Thumb Code     0  startup_stm32h723xx.o(.text)
    DFSDM1_FLT3_IRQHandler                   0x080003c3   Thumb Code     0  startup_stm32h723xx.o(.text)
    DMA1_Stream0_IRQHandler                  0x080003c3   Thumb Code     0  startup_stm32h723xx.o(.text)
    DMA1_Stream1_IRQHandler                  0x080003c3   Thumb Code     0  startup_stm32h723xx.o(.text)
    DMA1_Stream2_IRQHandler                  0x080003c3   Thumb Code     0  startup_stm32h723xx.o(.text)
    DMA1_Stream3_IRQHandler                  0x080003c3   Thumb Code     0  startup_stm32h723xx.o(.text)
    DMA1_Stream4_IRQHandler                  0x080003c3   Thumb Code     0  startup_stm32h723xx.o(.text)
    DMA1_Stream5_IRQHandler                  0x080003c3   Thumb Code     0  startup_stm32h723xx.o(.text)
    DMA1_Stream6_IRQHandler                  0x080003c3   Thumb Code     0  startup_stm32h723xx.o(.text)
    DMA1_Stream7_IRQHandler                  0x080003c3   Thumb Code     0  startup_stm32h723xx.o(.text)
    DMA2D_IRQHandler                         0x080003c3   Thumb Code     0  startup_stm32h723xx.o(.text)
    DMA2_Stream0_IRQHandler                  0x080003c3   Thumb Code     0  startup_stm32h723xx.o(.text)
    DMA2_Stream1_IRQHandler                  0x080003c3   Thumb Code     0  startup_stm32h723xx.o(.text)
    DMA2_Stream2_IRQHandler                  0x080003c3   Thumb Code     0  startup_stm32h723xx.o(.text)
    DMA2_Stream3_IRQHandler                  0x080003c3   Thumb Code     0  startup_stm32h723xx.o(.text)
    DMA2_Stream4_IRQHandler                  0x080003c3   Thumb Code     0  startup_stm32h723xx.o(.text)
    DMA2_Stream5_IRQHandler                  0x080003c3   Thumb Code     0  startup_stm32h723xx.o(.text)
    DMA2_Stream6_IRQHandler                  0x080003c3   Thumb Code     0  startup_stm32h723xx.o(.text)
    DMA2_Stream7_IRQHandler                  0x080003c3   Thumb Code     0  startup_stm32h723xx.o(.text)
    DMAMUX1_OVR_IRQHandler                   0x080003c3   Thumb Code     0  startup_stm32h723xx.o(.text)
    DMAMUX2_OVR_IRQHandler                   0x080003c3   Thumb Code     0  startup_stm32h723xx.o(.text)
    DTS_IRQHandler                           0x080003c3   Thumb Code     0  startup_stm32h723xx.o(.text)
    ECC_IRQHandler                           0x080003c3   Thumb Code     0  startup_stm32h723xx.o(.text)
    ETH_IRQHandler                           0x080003c3   Thumb Code     0  startup_stm32h723xx.o(.text)
    ETH_WKUP_IRQHandler                      0x080003c3   Thumb Code     0  startup_stm32h723xx.o(.text)
    EXTI0_IRQHandler                         0x080003c3   Thumb Code     0  startup_stm32h723xx.o(.text)
    EXTI15_10_IRQHandler                     0x080003c3   Thumb Code     0  startup_stm32h723xx.o(.text)
    EXTI1_IRQHandler                         0x080003c3   Thumb Code     0  startup_stm32h723xx.o(.text)
    EXTI2_IRQHandler                         0x080003c3   Thumb Code     0  startup_stm32h723xx.o(.text)
    EXTI3_IRQHandler                         0x080003c3   Thumb Code     0  startup_stm32h723xx.o(.text)
    EXTI4_IRQHandler                         0x080003c3   Thumb Code     0  startup_stm32h723xx.o(.text)
    EXTI9_5_IRQHandler                       0x080003c3   Thumb Code     0  startup_stm32h723xx.o(.text)
    FDCAN1_IT0_IRQHandler                    0x080003c3   Thumb Code     0  startup_stm32h723xx.o(.text)
    FDCAN1_IT1_IRQHandler                    0x080003c3   Thumb Code     0  startup_stm32h723xx.o(.text)
    FDCAN2_IT0_IRQHandler                    0x080003c3   Thumb Code     0  startup_stm32h723xx.o(.text)
    FDCAN2_IT1_IRQHandler                    0x080003c3   Thumb Code     0  startup_stm32h723xx.o(.text)
    FDCAN3_IT0_IRQHandler                    0x080003c3   Thumb Code     0  startup_stm32h723xx.o(.text)
    FDCAN3_IT1_IRQHandler                    0x080003c3   Thumb Code     0  startup_stm32h723xx.o(.text)
    FDCAN_CAL_IRQHandler                     0x080003c3   Thumb Code     0  startup_stm32h723xx.o(.text)
    FLASH_IRQHandler                         0x080003c3   Thumb Code     0  startup_stm32h723xx.o(.text)
    FMAC_IRQHandler                          0x080003c3   Thumb Code     0  startup_stm32h723xx.o(.text)
    FMC_IRQHandler                           0x080003c3   Thumb Code     0  startup_stm32h723xx.o(.text)
    FPU_IRQHandler                           0x080003c3   Thumb Code     0  startup_stm32h723xx.o(.text)
    HSEM1_IRQHandler                         0x080003c3   Thumb Code     0  startup_stm32h723xx.o(.text)
    I2C1_ER_IRQHandler                       0x080003c3   Thumb Code     0  startup_stm32h723xx.o(.text)
    I2C1_EV_IRQHandler                       0x080003c3   Thumb Code     0  startup_stm32h723xx.o(.text)
    I2C2_ER_IRQHandler                       0x080003c3   Thumb Code     0  startup_stm32h723xx.o(.text)
    I2C2_EV_IRQHandler                       0x080003c3   Thumb Code     0  startup_stm32h723xx.o(.text)
    I2C3_ER_IRQHandler                       0x080003c3   Thumb Code     0  startup_stm32h723xx.o(.text)
    I2C3_EV_IRQHandler                       0x080003c3   Thumb Code     0  startup_stm32h723xx.o(.text)
    I2C4_ER_IRQHandler                       0x080003c3   Thumb Code     0  startup_stm32h723xx.o(.text)
    I2C4_EV_IRQHandler                       0x080003c3   Thumb Code     0  startup_stm32h723xx.o(.text)
    I2C5_ER_IRQHandler                       0x080003c3   Thumb Code     0  startup_stm32h723xx.o(.text)
    I2C5_EV_IRQHandler                       0x080003c3   Thumb Code     0  startup_stm32h723xx.o(.text)
    LPTIM1_IRQHandler                        0x080003c3   Thumb Code     0  startup_stm32h723xx.o(.text)
    LPTIM2_IRQHandler                        0x080003c3   Thumb Code     0  startup_stm32h723xx.o(.text)
    LPTIM3_IRQHandler                        0x080003c3   Thumb Code     0  startup_stm32h723xx.o(.text)
    LPTIM4_IRQHandler                        0x080003c3   Thumb Code     0  startup_stm32h723xx.o(.text)
    LPTIM5_IRQHandler                        0x080003c3   Thumb Code     0  startup_stm32h723xx.o(.text)
    LPUART1_IRQHandler                       0x080003c3   Thumb Code     0  startup_stm32h723xx.o(.text)
    LTDC_ER_IRQHandler                       0x080003c3   Thumb Code     0  startup_stm32h723xx.o(.text)
    LTDC_IRQHandler                          0x080003c3   Thumb Code     0  startup_stm32h723xx.o(.text)
    MDIOS_IRQHandler                         0x080003c3   Thumb Code     0  startup_stm32h723xx.o(.text)
    MDIOS_WKUP_IRQHandler                    0x080003c3   Thumb Code     0  startup_stm32h723xx.o(.text)
    MDMA_IRQHandler                          0x080003c3   Thumb Code     0  startup_stm32h723xx.o(.text)
    OCTOSPI1_IRQHandler                      0x080003c3   Thumb Code     0  startup_stm32h723xx.o(.text)
    OCTOSPI2_IRQHandler                      0x080003c3   Thumb Code     0  startup_stm32h723xx.o(.text)
    OTG_HS_EP1_IN_IRQHandler                 0x080003c3   Thumb Code     0  startup_stm32h723xx.o(.text)
    OTG_HS_EP1_OUT_IRQHandler                0x080003c3   Thumb Code     0  startup_stm32h723xx.o(.text)
    OTG_HS_IRQHandler                        0x080003c3   Thumb Code     0  startup_stm32h723xx.o(.text)
    OTG_HS_WKUP_IRQHandler                   0x080003c3   Thumb Code     0  startup_stm32h723xx.o(.text)
    PVD_AVD_IRQHandler                       0x080003c3   Thumb Code     0  startup_stm32h723xx.o(.text)
    RCC_IRQHandler                           0x080003c3   Thumb Code     0  startup_stm32h723xx.o(.text)
    RNG_IRQHandler                           0x080003c3   Thumb Code     0  startup_stm32h723xx.o(.text)
    RTC_Alarm_IRQHandler                     0x080003c3   Thumb Code     0  startup_stm32h723xx.o(.text)
    RTC_WKUP_IRQHandler                      0x080003c3   Thumb Code     0  startup_stm32h723xx.o(.text)
    SAI1_IRQHandler                          0x080003c3   Thumb Code     0  startup_stm32h723xx.o(.text)
    SAI4_IRQHandler                          0x080003c3   Thumb Code     0  startup_stm32h723xx.o(.text)
    SDMMC1_IRQHandler                        0x080003c3   Thumb Code     0  startup_stm32h723xx.o(.text)
    SDMMC2_IRQHandler                        0x080003c3   Thumb Code     0  startup_stm32h723xx.o(.text)
    SPDIF_RX_IRQHandler                      0x080003c3   Thumb Code     0  startup_stm32h723xx.o(.text)
    SPI1_IRQHandler                          0x080003c3   Thumb Code     0  startup_stm32h723xx.o(.text)
    SPI2_IRQHandler                          0x080003c3   Thumb Code     0  startup_stm32h723xx.o(.text)
    SPI3_IRQHandler                          0x080003c3   Thumb Code     0  startup_stm32h723xx.o(.text)
    SPI4_IRQHandler                          0x080003c3   Thumb Code     0  startup_stm32h723xx.o(.text)
    SPI5_IRQHandler                          0x080003c3   Thumb Code     0  startup_stm32h723xx.o(.text)
    SPI6_IRQHandler                          0x080003c3   Thumb Code     0  startup_stm32h723xx.o(.text)
    SWPMI1_IRQHandler                        0x080003c3   Thumb Code     0  startup_stm32h723xx.o(.text)
    TAMP_STAMP_IRQHandler                    0x080003c3   Thumb Code     0  startup_stm32h723xx.o(.text)
    TIM15_IRQHandler                         0x080003c3   Thumb Code     0  startup_stm32h723xx.o(.text)
    TIM16_IRQHandler                         0x080003c3   Thumb Code     0  startup_stm32h723xx.o(.text)
    TIM17_IRQHandler                         0x080003c3   Thumb Code     0  startup_stm32h723xx.o(.text)
    TIM1_BRK_IRQHandler                      0x080003c3   Thumb Code     0  startup_stm32h723xx.o(.text)
    TIM1_CC_IRQHandler                       0x080003c3   Thumb Code     0  startup_stm32h723xx.o(.text)
    TIM1_TRG_COM_IRQHandler                  0x080003c3   Thumb Code     0  startup_stm32h723xx.o(.text)
    TIM1_UP_IRQHandler                       0x080003c3   Thumb Code     0  startup_stm32h723xx.o(.text)
    TIM23_IRQHandler                         0x080003c3   Thumb Code     0  startup_stm32h723xx.o(.text)
    TIM24_IRQHandler                         0x080003c3   Thumb Code     0  startup_stm32h723xx.o(.text)
    TIM2_IRQHandler                          0x080003c3   Thumb Code     0  startup_stm32h723xx.o(.text)
    TIM3_IRQHandler                          0x080003c3   Thumb Code     0  startup_stm32h723xx.o(.text)
    TIM4_IRQHandler                          0x080003c3   Thumb Code     0  startup_stm32h723xx.o(.text)
    TIM5_IRQHandler                          0x080003c3   Thumb Code     0  startup_stm32h723xx.o(.text)
    TIM6_DAC_IRQHandler                      0x080003c3   Thumb Code     0  startup_stm32h723xx.o(.text)
    TIM7_IRQHandler                          0x080003c3   Thumb Code     0  startup_stm32h723xx.o(.text)
    TIM8_BRK_TIM12_IRQHandler                0x080003c3   Thumb Code     0  startup_stm32h723xx.o(.text)
    TIM8_CC_IRQHandler                       0x080003c3   Thumb Code     0  startup_stm32h723xx.o(.text)
    TIM8_TRG_COM_TIM14_IRQHandler            0x080003c3   Thumb Code     0  startup_stm32h723xx.o(.text)
    UART4_IRQHandler                         0x080003c3   Thumb Code     0  startup_stm32h723xx.o(.text)
    UART5_IRQHandler                         0x080003c3   Thumb Code     0  startup_stm32h723xx.o(.text)
    UART7_IRQHandler                         0x080003c3   Thumb Code     0  startup_stm32h723xx.o(.text)
    UART8_IRQHandler                         0x080003c3   Thumb Code     0  startup_stm32h723xx.o(.text)
    UART9_IRQHandler                         0x080003c3   Thumb Code     0  startup_stm32h723xx.o(.text)
    USART10_IRQHandler                       0x080003c3   Thumb Code     0  startup_stm32h723xx.o(.text)
    USART2_IRQHandler                        0x080003c3   Thumb Code     0  startup_stm32h723xx.o(.text)
    USART3_IRQHandler                        0x080003c3   Thumb Code     0  startup_stm32h723xx.o(.text)
    USART6_IRQHandler                        0x080003c3   Thumb Code     0  startup_stm32h723xx.o(.text)
    WAKEUP_PIN_IRQHandler                    0x080003c3   Thumb Code     0  startup_stm32h723xx.o(.text)
    WWDG_IRQHandler                          0x080003c3   Thumb Code     0  startup_stm32h723xx.o(.text)
    __aeabi_uldivmod                         0x080003d1   Thumb Code    98  uldiv.o(.text)
    __aeabi_memcpy                           0x08000433   Thumb Code    36  memcpya.o(.text)
    __aeabi_memcpy4                          0x08000433   Thumb Code     0  memcpya.o(.text)
    __aeabi_memcpy8                          0x08000433   Thumb Code     0  memcpya.o(.text)
    __aeabi_memset                           0x08000457   Thumb Code    14  memseta.o(.text)
    __aeabi_memset4                          0x08000457   Thumb Code     0  memseta.o(.text)
    __aeabi_memset8                          0x08000457   Thumb Code     0  memseta.o(.text)
    __aeabi_memclr                           0x08000465   Thumb Code     4  memseta.o(.text)
    __aeabi_memclr4                          0x08000465   Thumb Code     0  memseta.o(.text)
    __aeabi_memclr8                          0x08000465   Thumb Code     0  memseta.o(.text)
    memset                                   0x08000469   Thumb Code    18  memseta.o(.text)
    __aeabi_uidiv                            0x0800047b   Thumb Code     0  uidiv.o(.text)
    __aeabi_uidivmod                         0x0800047b   Thumb Code    44  uidiv.o(.text)
    __aeabi_llsl                             0x080004a7   Thumb Code    30  llshl.o(.text)
    _ll_shift_l                              0x080004a7   Thumb Code     0  llshl.o(.text)
    __aeabi_llsr                             0x080004c5   Thumb Code    32  llushr.o(.text)
    _ll_ushift_r                             0x080004c5   Thumb Code     0  llushr.o(.text)
    __I$use$fp                               0x080004e5   Thumb Code     0  iusefp.o(.text)
    __aeabi_dadd                             0x080004e5   Thumb Code   322  dadd.o(.text)
    __aeabi_dsub                             0x08000627   Thumb Code     6  dadd.o(.text)
    __aeabi_drsub                            0x0800062d   Thumb Code     6  dadd.o(.text)
    __aeabi_dmul                             0x08000633   Thumb Code   228  dmul.o(.text)
    __aeabi_ddiv                             0x08000717   Thumb Code   222  ddiv.o(.text)
    __ARM_scalbn                             0x080007f5   Thumb Code    46  dscalb.o(.text)
    scalbn                                   0x080007f5   Thumb Code     0  dscalb.o(.text)
    __aeabi_d2ulz                            0x08000823   Thumb Code    48  dfixul.o(.text)
    __aeabi_cdrcmple                         0x08000855   Thumb Code    48  cdrcmple.o(.text)
    __scatterload                            0x08000885   Thumb Code    28  init.o(.text)
    __scatterload_rt2                        0x08000885   Thumb Code     0  init.o(.text)
    __aeabi_lasr                             0x080008a9   Thumb Code    36  llsshr.o(.text)
    _ll_sshift_r                             0x080008a9   Thumb Code     0  llsshr.o(.text)
    _double_round                            0x080008cd   Thumb Code    30  depilogue.o(.text)
    _double_epilogue                         0x080008eb   Thumb Code   156  depilogue.o(.text)
    Aimming                                  0x08000987   Thumb Code    14  freertos.o(i.Aimming)
    Aimming_Sel                              0x08000995   Thumb Code  2620  vas1082.o(i.Aimming_Sel)
    BusFault_Handler                         0x080013fd   Thumb Code     4  stm32h7xx_it.o(i.BusFault_Handler)
    Callback01                               0x08001401   Thumb Code    54  freertos.o(i.Callback01)
    DebugMon_Handler                         0x08001441   Thumb Code     2  stm32h7xx_it.o(i.DebugMon_Handler)
    Error_Handler                            0x08001443   Thumb Code     6  main.o(i.Error_Handler)
    ExitRun0Mode                             0x08001449   Thumb Code    30  system_stm32h7xx.o(i.ExitRun0Mode)
    Freq                                     0x0800146d   Thumb Code    14  freertos.o(i.Freq)
    Freq_Sel                                 0x0800147d   Thumb Code   312  vas1082.o(i.Freq_Sel)
    HAL_DMA_Abort                            0x08001681   Thumb Code  1236  stm32h7xx_hal_dma.o(i.HAL_DMA_Abort)
    HAL_DMA_Abort_IT                         0x08001b5d   Thumb Code   906  stm32h7xx_hal_dma.o(i.HAL_DMA_Abort_IT)
    HAL_GPIO_Init                            0x08001ef5   Thumb Code   446  stm32h7xx_hal_gpio.o(i.HAL_GPIO_Init)
    HAL_GetTick                              0x080020e5   Thumb Code     6  stm32h7xx_hal.o(i.HAL_GetTick)
    HAL_IncTick                              0x080020f1   Thumb Code    16  stm32h7xx_hal.o(i.HAL_IncTick)
    HAL_Init                                 0x08002109   Thumb Code    80  stm32h7xx_hal.o(i.HAL_Init)
    HAL_InitTick                             0x08002169   Thumb Code   128  stm32h7xx_hal_timebase_tim.o(i.HAL_InitTick)
    HAL_MPU_ConfigRegion                     0x080021fd   Thumb Code    86  stm32h7xx_hal_cortex.o(i.HAL_MPU_ConfigRegion)
    HAL_MPU_Disable                          0x08002259   Thumb Code    38  stm32h7xx_hal_cortex.o(i.HAL_MPU_Disable)
    HAL_MPU_Enable                           0x08002285   Thumb Code    58  stm32h7xx_hal_cortex.o(i.HAL_MPU_Enable)
    HAL_MspInit                              0x080022c5   Thumb Code    42  stm32h7xx_hal_msp.o(i.HAL_MspInit)
    HAL_NVIC_EnableIRQ                       0x080022f5   Thumb Code    40  stm32h7xx_hal_cortex.o(i.HAL_NVIC_EnableIRQ)
    HAL_NVIC_SetPriority                     0x0800231d   Thumb Code   122  stm32h7xx_hal_cortex.o(i.HAL_NVIC_SetPriority)
    HAL_NVIC_SetPriorityGrouping             0x08002399   Thumb Code    32  stm32h7xx_hal_cortex.o(i.HAL_NVIC_SetPriorityGrouping)
    HAL_PWREx_ConfigSupply                   0x080023c1   Thumb Code    90  stm32h7xx_hal_pwr_ex.o(i.HAL_PWREx_ConfigSupply)
    HAL_RCCEx_GetD3PCLK1Freq                 0x08002421   Thumb Code    26  stm32h7xx_hal_rcc_ex.o(i.HAL_RCCEx_GetD3PCLK1Freq)
    HAL_RCCEx_GetPLL2ClockFreq               0x08002445   Thumb Code   536  stm32h7xx_hal_rcc_ex.o(i.HAL_RCCEx_GetPLL2ClockFreq)
    HAL_RCCEx_GetPLL3ClockFreq               0x08002675   Thumb Code   536  stm32h7xx_hal_rcc_ex.o(i.HAL_RCCEx_GetPLL3ClockFreq)
    HAL_RCCEx_PeriphCLKConfig                0x080028a5   Thumb Code  3272  stm32h7xx_hal_rcc_ex.o(i.HAL_RCCEx_PeriphCLKConfig)
    HAL_RCC_ClockConfig                      0x0800356d   Thumb Code   774  stm32h7xx_hal_rcc.o(i.HAL_RCC_ClockConfig)
    HAL_RCC_GetClockConfig                   0x0800388d   Thumb Code    98  stm32h7xx_hal_rcc.o(i.HAL_RCC_GetClockConfig)
    HAL_RCC_GetHCLKFreq                      0x080038f9   Thumb Code    60  stm32h7xx_hal_rcc.o(i.HAL_RCC_GetHCLKFreq)
    HAL_RCC_GetPCLK1Freq                     0x08003945   Thumb Code    26  stm32h7xx_hal_rcc.o(i.HAL_RCC_GetPCLK1Freq)
    HAL_RCC_GetPCLK2Freq                     0x08003969   Thumb Code    26  stm32h7xx_hal_rcc.o(i.HAL_RCC_GetPCLK2Freq)
    HAL_RCC_GetSysClockFreq                  0x0800398d   Thumb Code   524  stm32h7xx_hal_rcc.o(i.HAL_RCC_GetSysClockFreq)
    HAL_RCC_OscConfig                        0x08003bb9   Thumb Code  1874  stm32h7xx_hal_rcc.o(i.HAL_RCC_OscConfig)
    HAL_TIMEx_Break2Callback                 0x08004315   Thumb Code     2  stm32h7xx_hal_tim_ex.o(i.HAL_TIMEx_Break2Callback)
    HAL_TIMEx_BreakCallback                  0x08004317   Thumb Code     2  stm32h7xx_hal_tim_ex.o(i.HAL_TIMEx_BreakCallback)
    HAL_TIMEx_CommutCallback                 0x08004319   Thumb Code     2  stm32h7xx_hal_tim_ex.o(i.HAL_TIMEx_CommutCallback)
    HAL_TIMEx_ConfigBreakDeadTime            0x0800431d   Thumb Code   192  stm32h7xx_hal_tim_ex.o(i.HAL_TIMEx_ConfigBreakDeadTime)
    HAL_TIMEx_MasterConfigSynchronization    0x080043e5   Thumb Code   190  stm32h7xx_hal_tim_ex.o(i.HAL_TIMEx_MasterConfigSynchronization)
    HAL_TIM_Base_Init                        0x080044c9   Thumb Code   110  stm32h7xx_hal_tim.o(i.HAL_TIM_Base_Init)
    HAL_TIM_Base_MspInit                     0x08004539   Thumb Code    80  tim.o(i.HAL_TIM_Base_MspInit)
    HAL_TIM_Base_Start                       0x08004591   Thumb Code   150  stm32h7xx_hal_tim.o(i.HAL_TIM_Base_Start)
    HAL_TIM_Base_Start_IT                    0x08004651   Thumb Code   162  stm32h7xx_hal_tim.o(i.HAL_TIM_Base_Start_IT)
    HAL_TIM_Base_Stop                        0x0800471d   Thumb Code    50  stm32h7xx_hal_tim.o(i.HAL_TIM_Base_Stop)
    HAL_TIM_ConfigClockSource                0x08004751   Thumb Code   304  stm32h7xx_hal_tim.o(i.HAL_TIM_ConfigClockSource)
    HAL_TIM_IC_CaptureCallback               0x08004885   Thumb Code     2  stm32h7xx_hal_tim.o(i.HAL_TIM_IC_CaptureCallback)
    HAL_TIM_IRQHandler                       0x08004887   Thumb Code   408  stm32h7xx_hal_tim.o(i.HAL_TIM_IRQHandler)
    HAL_TIM_MspPostInit                      0x08004a21   Thumb Code    82  tim.o(i.HAL_TIM_MspPostInit)
    HAL_TIM_OC_DelayElapsedCallback          0x08004a81   Thumb Code     2  stm32h7xx_hal_tim.o(i.HAL_TIM_OC_DelayElapsedCallback)
    HAL_TIM_PWM_ConfigChannel                0x08004a83   Thumb Code   368  stm32h7xx_hal_tim.o(i.HAL_TIM_PWM_ConfigChannel)
    HAL_TIM_PWM_Init                         0x08004bf3   Thumb Code   110  stm32h7xx_hal_tim.o(i.HAL_TIM_PWM_Init)
    HAL_TIM_PWM_MspInit                      0x08004c61   Thumb Code     2  stm32h7xx_hal_tim.o(i.HAL_TIM_PWM_MspInit)
    HAL_TIM_PWM_PulseFinishedCallback        0x08004c63   Thumb Code     2  stm32h7xx_hal_tim.o(i.HAL_TIM_PWM_PulseFinishedCallback)
    HAL_TIM_PWM_Start                        0x08004c65   Thumb Code   330  stm32h7xx_hal_tim.o(i.HAL_TIM_PWM_Start)
    HAL_TIM_PWM_Stop                         0x08004de1   Thumb Code   208  stm32h7xx_hal_tim.o(i.HAL_TIM_PWM_Stop)
    HAL_TIM_PeriodElapsedCallback            0x08004ec5   Thumb Code    18  main.o(i.HAL_TIM_PeriodElapsedCallback)
    HAL_TIM_TriggerCallback                  0x08004edd   Thumb Code     2  stm32h7xx_hal_tim.o(i.HAL_TIM_TriggerCallback)
    HAL_UARTEx_DisableFifoMode               0x08004edf   Thumb Code    78  stm32h7xx_hal_uart_ex.o(i.HAL_UARTEx_DisableFifoMode)
    HAL_UARTEx_RxEventCallback               0x08004f2d   Thumb Code     2  stm32h7xx_hal_uart.o(i.HAL_UARTEx_RxEventCallback)
    HAL_UARTEx_RxFifoFullCallback            0x08004f2f   Thumb Code     2  stm32h7xx_hal_uart_ex.o(i.HAL_UARTEx_RxFifoFullCallback)
    HAL_UARTEx_SetRxFifoThreshold            0x08004f31   Thumb Code    94  stm32h7xx_hal_uart_ex.o(i.HAL_UARTEx_SetRxFifoThreshold)
    HAL_UARTEx_SetTxFifoThreshold            0x08004f8f   Thumb Code    94  stm32h7xx_hal_uart_ex.o(i.HAL_UARTEx_SetTxFifoThreshold)
    HAL_UARTEx_TxFifoEmptyCallback           0x08004fed   Thumb Code     2  stm32h7xx_hal_uart_ex.o(i.HAL_UARTEx_TxFifoEmptyCallback)
    HAL_UARTEx_WakeupCallback                0x08004fef   Thumb Code     2  stm32h7xx_hal_uart_ex.o(i.HAL_UARTEx_WakeupCallback)
    HAL_UART_ErrorCallback                   0x08004ff1   Thumb Code     2  stm32h7xx_hal_uart.o(i.HAL_UART_ErrorCallback)
    HAL_UART_IRQHandler                      0x08004ff5   Thumb Code  1206  stm32h7xx_hal_uart.o(i.HAL_UART_IRQHandler)
    HAL_UART_Init                            0x080054ab   Thumb Code   120  stm32h7xx_hal_uart.o(i.HAL_UART_Init)
    HAL_UART_MspInit                         0x08005525   Thumb Code   158  usart.o(i.HAL_UART_MspInit)
    HAL_UART_Receive_IT                      0x080055d1   Thumb Code    88  stm32h7xx_hal_uart.o(i.HAL_UART_Receive_IT)
    HAL_UART_RxCpltCallback                  0x0800562d   Thumb Code   148  usart.o(i.HAL_UART_RxCpltCallback)
    HAL_UART_Transmit                        0x080056e9   Thumb Code   194  stm32h7xx_hal_uart.o(i.HAL_UART_Transmit)
    HAL_UART_TxCpltCallback                  0x080057ab   Thumb Code     2  stm32h7xx_hal_uart.o(i.HAL_UART_TxCpltCallback)
    HardFault_Handler                        0x080057ad   Thumb Code     4  stm32h7xx_it.o(i.HardFault_Handler)
    MX_FREERTOS_Init                         0x08005809   Thumb Code   152  freertos.o(i.MX_FREERTOS_Init)
    MX_GPIO_Init                             0x0800590d   Thumb Code    58  gpio.o(i.MX_GPIO_Init)
    MX_TIM1_Init                             0x0800594d   Thumb Code   304  tim.o(i.MX_TIM1_Init)
    MX_TIM1_Init_Again                       0x08005a85   Thumb Code   270  tim.o(i.MX_TIM1_Init_Again)
    MX_TIM2_Init                             0x08005b9d   Thumb Code   104  tim.o(i.MX_TIM2_Init)
    MX_USART1_UART_Init                      0x08005c09   Thumb Code   124  usart.o(i.MX_USART1_UART_Init)
    MemManage_Handler                        0x08005c91   Thumb Code     4  stm32h7xx_it.o(i.MemManage_Handler)
    NMI_Handler                              0x08005c95   Thumb Code     4  stm32h7xx_it.o(i.NMI_Handler)
    StartDefaultTask                         0x08005f61   Thumb Code    58  freertos.o(i.StartDefaultTask)
    SysTick_Handler                          0x08005fb1   Thumb Code    22  cmsis_os2.o(i.SysTick_Handler)
    SystemClock_Config                       0x08005fc9   Thumb Code   182  main.o(i.SystemClock_Config)
    SystemInit                               0x08006085   Thumb Code   236  system_stm32h7xx.o(i.SystemInit)
    TIM8_UP_TIM13_IRQHandler                 0x08006191   Thumb Code    10  stm32h7xx_it.o(i.TIM8_UP_TIM13_IRQHandler)
    TIM_Base_SetConfig                       0x080061a1   Thumb Code   190  stm32h7xx_hal_tim.o(i.TIM_Base_SetConfig)
    TIM_CCxChannelCmd                        0x08006289   Thumb Code    34  stm32h7xx_hal_tim.o(i.TIM_CCxChannelCmd)
    TIM_ETR_SetConfig                        0x080062ab   Thumb Code    22  stm32h7xx_hal_tim.o(i.TIM_ETR_SetConfig)
    TIM_OC2_SetConfig                        0x08006385   Thumb Code   156  stm32h7xx_hal_tim.o(i.TIM_OC2_SetConfig)
    UART_AdvFeatureConfig                    0x080066fd   Thumb Code   248  stm32h7xx_hal_uart.o(i.UART_AdvFeatureConfig)
    UART_CheckIdleState                      0x080067f5   Thumb Code   234  stm32h7xx_hal_uart.o(i.UART_CheckIdleState)
    UART_SetConfig                           0x08006f95   Thumb Code  1558  stm32h7xx_hal_uart.o(i.UART_SetConfig)
    UART_Start_Receive_IT                    0x080075bd   Thumb Code   332  stm32h7xx_hal_uart.o(i.UART_Start_Receive_IT)
    UART_WaitOnFlagUntilTimeout              0x08007719   Thumb Code   172  stm32h7xx_hal_uart.o(i.UART_WaitOnFlagUntilTimeout)
    USART1_IRQHandler                        0x080077c5   Thumb Code    10  stm32h7xx_it.o(i.USART1_IRQHandler)
    Uart                                     0x080077d5   Thumb Code    14  freertos.o(i.Uart)
    Uart_Receive                             0x080077e5   Thumb Code   216  vas1082.o(i.Uart_Receive)
    UsageFault_Handler                       0x080078dd   Thumb Code     4  stm32h7xx_it.o(i.UsageFault_Handler)
    __0printf                                0x080078e1   Thumb Code    22  printfa.o(i.__0printf)
    __1printf                                0x080078e1   Thumb Code     0  printfa.o(i.__0printf)
    __2printf                                0x080078e1   Thumb Code     0  printfa.o(i.__0printf)
    __c89printf                              0x080078e1   Thumb Code     0  printfa.o(i.__0printf)
    printf                                   0x080078e1   Thumb Code     0  printfa.o(i.__0printf)
    __ARM_fpclassify                         0x08007901   Thumb Code    48  fpclassify.o(i.__ARM_fpclassify)
    __hardfp_pow                             0x08007971   Thumb Code  2140  pow.o(i.__hardfp_pow)
    __kernel_poly                            0x08008269   Thumb Code   112  poly.o(i.__kernel_poly)
    __mathlib_dbl_divzero                    0x080082d9   Thumb Code    14  dunder.o(i.__mathlib_dbl_divzero)
    __mathlib_dbl_infnan2                    0x080082f9   Thumb Code     6  dunder.o(i.__mathlib_dbl_infnan2)
    __mathlib_dbl_invalid                    0x08008301   Thumb Code    10  dunder.o(i.__mathlib_dbl_invalid)
    __mathlib_dbl_overflow                   0x08008319   Thumb Code    10  dunder.o(i.__mathlib_dbl_overflow)
    __mathlib_dbl_underflow                  0x08008331   Thumb Code    10  dunder.o(i.__mathlib_dbl_underflow)
    __scatterload_copy                       0x08008349   Thumb Code    14  handlers.o(i.__scatterload_copy)
    __scatterload_null                       0x08008357   Thumb Code     2  handlers.o(i.__scatterload_null)
    __scatterload_zeroinit                   0x08008359   Thumb Code    14  handlers.o(i.__scatterload_zeroinit)
    __set_errno                              0x08008369   Thumb Code     6  errno.o(i.__set_errno)
    delay_us                                 0x08008c01   Thumb Code    40  tim.o(i.delay_us)
    fabs                                     0x08008c2d   Thumb Code    24  fabs.o(i.fabs)
    fputc                                    0x08008c45   Thumb Code    22  usart.o(i.fputc)
    main                                     0x08008c61   Thumb Code    44  main.o(i.main)
    osDelay                                  0x08008c8d   Thumb Code    30  cmsis_os2.o(i.osDelay)
    osEventFlagsNew                          0x08008cab   Thumb Code    70  cmsis_os2.o(i.osEventFlagsNew)
    osKernelInitialize                       0x08008cf1   Thumb Code    38  cmsis_os2.o(i.osKernelInitialize)
    osKernelStart                            0x08008d1d   Thumb Code    82  cmsis_os2.o(i.osKernelStart)
    osMessageQueueNew                        0x08008d7d   Thumb Code   154  cmsis_os2.o(i.osMessageQueueNew)
    osMutexNew                               0x08008e17   Thumb Code   178  cmsis_os2.o(i.osMutexNew)
    osSemaphoreNew                           0x08008ec9   Thumb Code   204  cmsis_os2.o(i.osSemaphoreNew)
    osThreadNew                              0x08008f95   Thumb Code   184  cmsis_os2.o(i.osThreadNew)
    osTimerNew                               0x0800904d   Thumb Code   182  cmsis_os2.o(i.osTimerNew)
    osTimerStart                             0x08009109   Thumb Code    60  cmsis_os2.o(i.osTimerStart)
    pvPortMalloc                             0x08009c15   Thumb Code   306  heap_4.o(i.pvPortMalloc)
    pvTaskIncrementMutexHeldCount            0x08009d61   Thumb Code    26  tasks.o(i.pvTaskIncrementMutexHeldCount)
    pvTimerGetTimerID                        0x08009d81   Thumb Code    44  timers.o(i.pvTimerGetTimerID)
    pxPortInitialiseStack                    0x08009dad   Thumb Code    38  port.o(i.pxPortInitialiseStack)
    sqrt                                     0x08009dd9   Thumb Code   106  sqrt.o(i.sqrt)
    uxListRemove                             0x08009e43   Thumb Code    40  list.o(i.uxListRemove)
    uxTaskResetEventItemValue                0x08009e6d   Thumb Code    24  tasks.o(i.uxTaskResetEventItemValue)
    vApplicationGetIdleTaskMemory            0x08009e89   Thumb Code    14  cmsis_os2.o(i.vApplicationGetIdleTaskMemory)
    vApplicationGetTimerTaskMemory           0x08009ea1   Thumb Code    16  cmsis_os2.o(i.vApplicationGetTimerTaskMemory)
    vApplicationStackOverflowHook            0x08009eb9   Thumb Code    16  freertos.o(i.vApplicationStackOverflowHook)
    vListInitialise                          0x08009ed9   Thumb Code    26  list.o(i.vListInitialise)
    vListInitialiseItem                      0x08009ef3   Thumb Code     6  list.o(i.vListInitialiseItem)
    vListInsert                              0x08009ef9   Thumb Code    52  list.o(i.vListInsert)
    vListInsertEnd                           0x08009f2d   Thumb Code    24  list.o(i.vListInsertEnd)
    vPortEnterCritical                       0x08009f45   Thumb Code    76  port.o(i.vPortEnterCritical)
    vPortExitCritical                        0x08009f99   Thumb Code    56  port.o(i.vPortExitCritical)
    vPortFree                                0x08009fd5   Thumb Code   150  heap_4.o(i.vPortFree)
    vPortSetupTimerInterrupt                 0x0800a079   Thumb Code    36  port.o(i.vPortSetupTimerInterrupt)
    vPortValidateInterruptPriority           0x0800a0a1   Thumb Code   106  port.o(i.vPortValidateInterruptPriority)
    vQueueAddToRegistry                      0x0800a119   Thumb Code    38  queue.o(i.vQueueAddToRegistry)
    vQueueDelete                             0x0800a145   Thumb Code    50  queue.o(i.vQueueDelete)
    vQueueUnregisterQueue                    0x0800a179   Thumb Code    44  queue.o(i.vQueueUnregisterQueue)
    vQueueWaitForMessageRestricted           0x0800a1a9   Thumb Code    74  queue.o(i.vQueueWaitForMessageRestricted)
    vTaskDelay                               0x0800a1f5   Thumb Code    82  tasks.o(i.vTaskDelay)
    vTaskInternalSetTimeOutState             0x0800a251   Thumb Code    14  tasks.o(i.vTaskInternalSetTimeOutState)
    vTaskMissedYield                         0x0800a269   Thumb Code     8  tasks.o(i.vTaskMissedYield)
    vTaskPlaceOnEventList                    0x0800a275   Thumb Code    52  tasks.o(i.vTaskPlaceOnEventList)
    vTaskPlaceOnEventListRestricted          0x0800a2ad   Thumb Code    60  tasks.o(i.vTaskPlaceOnEventListRestricted)
    vTaskPlaceOnUnorderedEventList           0x0800a2ed   Thumb Code   100  tasks.o(i.vTaskPlaceOnUnorderedEventList)
    vTaskPriorityDisinheritAfterTimeout      0x0800a359   Thumb Code   194  tasks.o(i.vTaskPriorityDisinheritAfterTimeout)
    vTaskRemoveFromUnorderedEventList        0x0800a429   Thumb Code   140  tasks.o(i.vTaskRemoveFromUnorderedEventList)
    vTaskStartScheduler                      0x0800a4c9   Thumb Code   156  tasks.o(i.vTaskStartScheduler)
    vTaskSuspendAll                          0x0800a581   Thumb Code    12  tasks.o(i.vTaskSuspendAll)
    vTaskSwitchContext                       0x0800a591   Thumb Code   178  tasks.o(i.vTaskSwitchContext)
    var_init                                 0x0800a659   Thumb Code   106  vas1082.o(i.var_init)
    xEventGroupCreate                        0x0800a6e9   Thumb Code    30  event_groups.o(i.xEventGroupCreate)
    xEventGroupCreateStatic                  0x0800a707   Thumb Code    90  event_groups.o(i.xEventGroupCreateStatic)
    xEventGroupSetBits                       0x0800a761   Thumb Code   206  event_groups.o(i.xEventGroupSetBits)
    xEventGroupWaitBits                      0x0800a831   Thumb Code   338  event_groups.o(i.xEventGroupWaitBits)
    xPortStartScheduler                      0x0800a989   Thumb Code   330  port.o(i.xPortStartScheduler)
    xPortSysTickHandler                      0x0800aaf1   Thumb Code    46  port.o(i.xPortSysTickHandler)
    xQueueCreateCountingSemaphore            0x0800ab25   Thumb Code    92  queue.o(i.xQueueCreateCountingSemaphore)
    xQueueCreateCountingSemaphoreStatic      0x0800ab81   Thumb Code   100  queue.o(i.xQueueCreateCountingSemaphoreStatic)
    xQueueCreateMutex                        0x0800abe5   Thumb Code    34  queue.o(i.xQueueCreateMutex)
    xQueueCreateMutexStatic                  0x0800ac07   Thumb Code    42  queue.o(i.xQueueCreateMutexStatic)
    xQueueGenericCreate                      0x0800ac31   Thumb Code    90  queue.o(i.xQueueGenericCreate)
    xQueueGenericCreateStatic                0x0800ac8b   Thumb Code   224  queue.o(i.xQueueGenericCreateStatic)
    xQueueGenericReset                       0x0800ad6d   Thumb Code   146  queue.o(i.xQueueGenericReset)
    xQueueGenericSend                        0x0800ae05   Thumb Code   420  queue.o(i.xQueueGenericSend)
    xQueueGenericSendFromISR                 0x0800afad   Thumb Code   252  queue.o(i.xQueueGenericSendFromISR)
    xQueueGiveFromISR                        0x0800b0a9   Thumb Code   224  queue.o(i.xQueueGiveFromISR)
    xQueueReceive                            0x0800b189   Thumb Code   356  queue.o(i.xQueueReceive)
    xQueueSemaphoreTake                      0x0800b2f1   Thumb Code   434  queue.o(i.xQueueSemaphoreTake)
    xTaskCheckForTimeOut                     0x0800b4a9   Thumb Code   132  tasks.o(i.xTaskCheckForTimeOut)
    xTaskCreate                              0x0800b535   Thumb Code   100  tasks.o(i.xTaskCreate)
    xTaskCreateStatic                        0x0800b599   Thumb Code   186  tasks.o(i.xTaskCreateStatic)
    xTaskGetSchedulerState                   0x0800b655   Thumb Code    24  tasks.o(i.xTaskGetSchedulerState)
    xTaskGetTickCount                        0x0800b675   Thumb Code     6  tasks.o(i.xTaskGetTickCount)
    xTaskIncrementTick                       0x0800b681   Thumb Code   280  tasks.o(i.xTaskIncrementTick)
    xTaskPriorityDisinherit                  0x0800b7c5   Thumb Code   152  tasks.o(i.xTaskPriorityDisinherit)
    xTaskPriorityInherit                     0x0800b869   Thumb Code   150  tasks.o(i.xTaskPriorityInherit)
    xTaskRemoveFromEventList                 0x0800b90d   Thumb Code   126  tasks.o(i.xTaskRemoveFromEventList)
    xTaskResumeAll                           0x0800b9a5   Thumb Code   222  tasks.o(i.xTaskResumeAll)
    xTimerCreate                             0x0800baa9   Thumb Code    54  timers.o(i.xTimerCreate)
    xTimerCreateStatic                       0x0800badf   Thumb Code   114  timers.o(i.xTimerCreateStatic)
    xTimerCreateTimerTask                    0x0800bb51   Thumb Code   100  timers.o(i.xTimerCreateTimerTask)
    xTimerGenericCommand                     0x0800bbc9   Thumb Code   128  timers.o(i.xTimerGenericCommand)
    defaultTask_attributes                   0x0800bc4c   Data          36  freertos.o(.constdata)
    Task_Freq_attributes                     0x0800bc70   Data          36  freertos.o(.constdata)
    Task_Aimming_attributes                  0x0800bc94   Data          36  freertos.o(.constdata)
    Task_Uart_attributes                     0x0800bcb8   Data          36  freertos.o(.constdata)
    UartQueue_attributes                     0x0800bcdc   Data          24  freertos.o(.constdata)
    myTimer01_attributes                     0x0800bcf4   Data          16  freertos.o(.constdata)
    UartMutexes_attributes                   0x0800bd04   Data          16  freertos.o(.constdata)
    Freq_Sem_attributes                      0x0800bd14   Data          16  freertos.o(.constdata)
    Aimming_Sem_attributes                   0x0800bd24   Data          16  freertos.o(.constdata)
    Uart_Sem_attributes                      0x0800bd34   Data          16  freertos.o(.constdata)
    Event1_attributes                        0x0800bd44   Data          16  freertos.o(.constdata)
    UARTPrescTable                           0x0800bd54   Data          24  stm32h7xx_hal_uart.o(.constdata)
    D1CorePrescTable                         0x0800bd7c   Data          16  system_stm32h7xx.o(.constdata)
    __mathlib_zero                           0x0800be18   Data           8  qnan.o(.constdata)
    Region$$Table$$Base                      0x0800bea4   Number         0  anon$$obj.o(Region$$Table)
    Region$$Table$$Limit                     0x0800bed4   Number         0  anon$$obj.o(Region$$Table)
    defaultTaskHandle                        0x24000000   Data           4  freertos.o(.data)
    Task_FreqHandle                          0x24000004   Data           4  freertos.o(.data)
    Task_AimmingHandle                       0x24000008   Data           4  freertos.o(.data)
    Task_UartHandle                          0x2400000c   Data           4  freertos.o(.data)
    UartQueueHandle                          0x24000010   Data           4  freertos.o(.data)
    myTimer01Handle                          0x24000014   Data           4  freertos.o(.data)
    UartMutexesHandle                        0x24000018   Data           4  freertos.o(.data)
    Freq_SemHandle                           0x2400001c   Data           4  freertos.o(.data)
    Aimming_SemHandle                        0x24000020   Data           4  freertos.o(.data)
    Uart_SemHandle                           0x24000024   Data           4  freertos.o(.data)
    Event1Handle                             0x24000028   Data           4  freertos.o(.data)
    Uart1                                    0x2400002e   Data           5  usart.o(.data)
    uwTick                                   0x24000034   Data           4  stm32h7xx_hal.o(.data)
    uwTickPrio                               0x24000038   Data           4  stm32h7xx_hal.o(.data)
    uwTickFreq                               0x2400003c   Data           1  stm32h7xx_hal.o(.data)
    SystemCoreClock                          0x24000040   Data           4  system_stm32h7xx.o(.data)
    SystemD2Clock                            0x24000044   Data           4  system_stm32h7xx.o(.data)
    pxCurrentTCB                             0x24000048   Data           4  tasks.o(.data)
    currentState                             0x240000f0   Data           1  vas1082.o(.data)
    __stdout                                 0x240000f4   Data           4  stdout.o(.data)
    htim1                                    0x240000fc   Data          76  tim.o(.bss)
    htim2                                    0x24000148   Data          76  tim.o(.bss)
    huart1                                   0x24000194   Data         148  usart.o(.bss)
    htim8                                    0x24000228   Data          76  stm32h7xx_hal_timebase_tim.o(.bss)
    xQueueRegistry                           0x24000274   Data          64  queue.o(.bss)
    __initial_sp                             0x240013c8   Data           0  startup_stm32h723xx.o(STACK)



==============================================================================

Memory Map of the image

  Image Entry point : 0x080002cd

  Load Region LR_IROM1 (Base: 0x08000000, Size: 0x0000bfd0, Max: 0x00100000, ABSOLUTE)

    Execution Region ER_IROM1 (Exec base: 0x08000000, Load base: 0x08000000, Size: 0x0000bed4, Max: 0x00100000, ABSOLUTE)

    Exec Addr    Load Addr    Size         Type   Attr      Idx    E Section Name        Object

    0x08000000   0x08000000   0x000002cc   Data   RO            3    RESET               startup_stm32h723xx.o
    0x080002cc   0x080002cc   0x00000000   Code   RO         6659  * .ARM.Collect$$$$00000000  mc_w.l(entry.o)
    0x080002cc   0x080002cc   0x00000004   Code   RO         6970    .ARM.Collect$$$$00000001  mc_w.l(entry2.o)
    0x080002d0   0x080002d0   0x00000004   Code   RO         6973    .ARM.Collect$$$$00000004  mc_w.l(entry5.o)
    0x080002d4   0x080002d4   0x00000000   Code   RO         6975    .ARM.Collect$$$$00000008  mc_w.l(entry7b.o)
    0x080002d4   0x080002d4   0x00000000   Code   RO         6977    .ARM.Collect$$$$0000000A  mc_w.l(entry8b.o)
    0x080002d4   0x080002d4   0x00000008   Code   RO         6978    .ARM.Collect$$$$0000000B  mc_w.l(entry9a.o)
    0x080002dc   0x080002dc   0x00000004   Code   RO         6985    .ARM.Collect$$$$0000000E  mc_w.l(entry12b.o)
    0x080002e0   0x080002e0   0x00000000   Code   RO         6980    .ARM.Collect$$$$0000000F  mc_w.l(entry10a.o)
    0x080002e0   0x080002e0   0x00000000   Code   RO         6982    .ARM.Collect$$$$00000011  mc_w.l(entry11a.o)
    0x080002e0   0x080002e0   0x00000004   Code   RO         6971    .ARM.Collect$$$$00002712  mc_w.l(entry2.o)
    0x080002e4   0x080002e4   0x000000be   Code   RO         6480    .emb_text           port.o
    0x080003a2   0x080003a2   0x00000002   PAD
    0x080003a4   0x080003a4   0x0000002c   Code   RO            4    .text               startup_stm32h723xx.o
    0x080003d0   0x080003d0   0x00000062   Code   RO         6662    .text               mc_w.l(uldiv.o)
    0x08000432   0x08000432   0x00000024   Code   RO         6664    .text               mc_w.l(memcpya.o)
    0x08000456   0x08000456   0x00000024   Code   RO         6668    .text               mc_w.l(memseta.o)
    0x0800047a   0x0800047a   0x0000002c   Code   RO         6987    .text               mc_w.l(uidiv.o)
    0x080004a6   0x080004a6   0x0000001e   Code   RO         6989    .text               mc_w.l(llshl.o)
    0x080004c4   0x080004c4   0x00000020   Code   RO         6991    .text               mc_w.l(llushr.o)
    0x080004e4   0x080004e4   0x00000000   Code   RO         7000    .text               mc_w.l(iusefp.o)
    0x080004e4   0x080004e4   0x0000014e   Code   RO         7001    .text               mf_w.l(dadd.o)
    0x08000632   0x08000632   0x000000e4   Code   RO         7003    .text               mf_w.l(dmul.o)
    0x08000716   0x08000716   0x000000de   Code   RO         7005    .text               mf_w.l(ddiv.o)
    0x080007f4   0x080007f4   0x0000002e   Code   RO         7007    .text               mf_w.l(dscalb.o)
    0x08000822   0x08000822   0x00000030   Code   RO         7009    .text               mf_w.l(dfixul.o)
    0x08000852   0x08000852   0x00000002   PAD
    0x08000854   0x08000854   0x00000030   Code   RO         7011    .text               mf_w.l(cdrcmple.o)
    0x08000884   0x08000884   0x00000024   Code   RO         7013    .text               mc_w.l(init.o)
    0x080008a8   0x080008a8   0x00000024   Code   RO         7015    .text               mc_w.l(llsshr.o)
    0x080008cc   0x080008cc   0x000000ba   Code   RO         7017    .text               mf_w.l(depilogue.o)
    0x08000986   0x08000986   0x0000000e   Code   RO          256    i.Aimming           freertos.o
    0x08000994   0x08000994   0x00000a68   Code   RO         6560    i.Aimming_Sel       vas1082.o
    0x080013fc   0x080013fc   0x00000004   Code   RO          489    i.BusFault_Handler  stm32h7xx_it.o
    0x08001400   0x08001400   0x00000040   Code   RO          257    i.Callback01        freertos.o
    0x08001440   0x08001440   0x00000002   Code   RO          490    i.DebugMon_Handler  stm32h7xx_it.o
    0x08001442   0x08001442   0x00000006   Code   RO           13    i.Error_Handler     main.o
    0x08001448   0x08001448   0x00000024   Code   RO         4723    i.ExitRun0Mode      system_stm32h7xx.o
    0x0800146c   0x0800146c   0x0000000e   Code   RO          258    i.Freq              freertos.o
    0x0800147a   0x0800147a   0x00000002   PAD
    0x0800147c   0x0800147c   0x00000204   Code   RO         6561    i.Freq_Sel          vas1082.o
    0x08001680   0x08001680   0x000004dc   Code   RO         2539    i.HAL_DMA_Abort     stm32h7xx_hal_dma.o
    0x08001b5c   0x08001b5c   0x00000398   Code   RO         2540    i.HAL_DMA_Abort_IT  stm32h7xx_hal_dma.o
    0x08001ef4   0x08001ef4   0x000001f0   Code   RO         2387    i.HAL_GPIO_Init     stm32h7xx_hal_gpio.o
    0x080020e4   0x080020e4   0x0000000c   Code   RO         3252    i.HAL_GetTick       stm32h7xx_hal.o
    0x080020f0   0x080020f0   0x00000018   Code   RO         3258    i.HAL_IncTick       stm32h7xx_hal.o
    0x08002108   0x08002108   0x00000060   Code   RO         3259    i.HAL_Init          stm32h7xx_hal.o
    0x08002168   0x08002168   0x00000094   Code   RO          587    i.HAL_InitTick      stm32h7xx_hal_timebase_tim.o
    0x080021fc   0x080021fc   0x0000005c   Code   RO         1657    i.HAL_MPU_ConfigRegion  stm32h7xx_hal_cortex.o
    0x08002258   0x08002258   0x0000002c   Code   RO         1658    i.HAL_MPU_Disable   stm32h7xx_hal_cortex.o
    0x08002284   0x08002284   0x00000040   Code   RO         1660    i.HAL_MPU_Enable    stm32h7xx_hal_cortex.o
    0x080022c4   0x080022c4   0x00000030   Code   RO          563    i.HAL_MspInit       stm32h7xx_hal_msp.o
    0x080022f4   0x080022f4   0x00000028   Code   RO         1664    i.HAL_NVIC_EnableIRQ  stm32h7xx_hal_cortex.o
    0x0800231c   0x0800231c   0x0000007a   Code   RO         1670    i.HAL_NVIC_SetPriority  stm32h7xx_hal_cortex.o
    0x08002396   0x08002396   0x00000002   PAD
    0x08002398   0x08002398   0x00000028   Code   RO         1671    i.HAL_NVIC_SetPriorityGrouping  stm32h7xx_hal_cortex.o
    0x080023c0   0x080023c0   0x00000060   Code   RO         2988    i.HAL_PWREx_ConfigSupply  stm32h7xx_hal_pwr_ex.o
    0x08002420   0x08002420   0x00000024   Code   RO         1930    i.HAL_RCCEx_GetD3PCLK1Freq  stm32h7xx_hal_rcc_ex.o
    0x08002444   0x08002444   0x00000230   Code   RO         1932    i.HAL_RCCEx_GetPLL2ClockFreq  stm32h7xx_hal_rcc_ex.o
    0x08002674   0x08002674   0x00000230   Code   RO         1933    i.HAL_RCCEx_GetPLL3ClockFreq  stm32h7xx_hal_rcc_ex.o
    0x080028a4   0x080028a4   0x00000cc8   Code   RO         1939    i.HAL_RCCEx_PeriphCLKConfig  stm32h7xx_hal_rcc_ex.o
    0x0800356c   0x0800356c   0x00000320   Code   RO         1815    i.HAL_RCC_ClockConfig  stm32h7xx_hal_rcc.o
    0x0800388c   0x0800388c   0x0000006c   Code   RO         1819    i.HAL_RCC_GetClockConfig  stm32h7xx_hal_rcc.o
    0x080038f8   0x080038f8   0x0000004c   Code   RO         1820    i.HAL_RCC_GetHCLKFreq  stm32h7xx_hal_rcc.o
    0x08003944   0x08003944   0x00000024   Code   RO         1822    i.HAL_RCC_GetPCLK1Freq  stm32h7xx_hal_rcc.o
    0x08003968   0x08003968   0x00000024   Code   RO         1823    i.HAL_RCC_GetPCLK2Freq  stm32h7xx_hal_rcc.o
    0x0800398c   0x0800398c   0x0000022c   Code   RO         1824    i.HAL_RCC_GetSysClockFreq  stm32h7xx_hal_rcc.o
    0x08003bb8   0x08003bb8   0x0000075c   Code   RO         1827    i.HAL_RCC_OscConfig  stm32h7xx_hal_rcc.o
    0x08004314   0x08004314   0x00000002   Code   RO         1353    i.HAL_TIMEx_Break2Callback  stm32h7xx_hal_tim_ex.o
    0x08004316   0x08004316   0x00000002   Code   RO         1354    i.HAL_TIMEx_BreakCallback  stm32h7xx_hal_tim_ex.o
    0x08004318   0x08004318   0x00000002   Code   RO         1355    i.HAL_TIMEx_CommutCallback  stm32h7xx_hal_tim_ex.o
    0x0800431a   0x0800431a   0x00000002   PAD
    0x0800431c   0x0800431c   0x000000c8   Code   RO         1357    i.HAL_TIMEx_ConfigBreakDeadTime  stm32h7xx_hal_tim_ex.o
    0x080043e4   0x080043e4   0x000000e4   Code   RO         1376    i.HAL_TIMEx_MasterConfigSynchronization  stm32h7xx_hal_tim_ex.o
    0x080044c8   0x080044c8   0x0000006e   Code   RO          628    i.HAL_TIM_Base_Init  stm32h7xx_hal_tim.o
    0x08004536   0x08004536   0x00000002   PAD
    0x08004538   0x08004538   0x00000058   Code   RO          364    i.HAL_TIM_Base_MspInit  tim.o
    0x08004590   0x08004590   0x000000c0   Code   RO          631    i.HAL_TIM_Base_Start  stm32h7xx_hal_tim.o
    0x08004650   0x08004650   0x000000cc   Code   RO          633    i.HAL_TIM_Base_Start_IT  stm32h7xx_hal_tim.o
    0x0800471c   0x0800471c   0x00000032   Code   RO          634    i.HAL_TIM_Base_Stop  stm32h7xx_hal_tim.o
    0x0800474e   0x0800474e   0x00000002   PAD
    0x08004750   0x08004750   0x00000134   Code   RO          637    i.HAL_TIM_ConfigClockSource  stm32h7xx_hal_tim.o
    0x08004884   0x08004884   0x00000002   Code   RO          662    i.HAL_TIM_IC_CaptureCallback  stm32h7xx_hal_tim.o
    0x08004886   0x08004886   0x00000198   Code   RO          676    i.HAL_TIM_IRQHandler  stm32h7xx_hal_tim.o
    0x08004a1e   0x08004a1e   0x00000002   PAD
    0x08004a20   0x08004a20   0x00000060   Code   RO          365    i.HAL_TIM_MspPostInit  tim.o
    0x08004a80   0x08004a80   0x00000002   Code   RO          679    i.HAL_TIM_OC_DelayElapsedCallback  stm32h7xx_hal_tim.o
    0x08004a82   0x08004a82   0x00000170   Code   RO          700    i.HAL_TIM_PWM_ConfigChannel  stm32h7xx_hal_tim.o
    0x08004bf2   0x08004bf2   0x0000006e   Code   RO          703    i.HAL_TIM_PWM_Init  stm32h7xx_hal_tim.o
    0x08004c60   0x08004c60   0x00000002   Code   RO          705    i.HAL_TIM_PWM_MspInit  stm32h7xx_hal_tim.o
    0x08004c62   0x08004c62   0x00000002   Code   RO          706    i.HAL_TIM_PWM_PulseFinishedCallback  stm32h7xx_hal_tim.o
    0x08004c64   0x08004c64   0x0000017c   Code   RO          708    i.HAL_TIM_PWM_Start  stm32h7xx_hal_tim.o
    0x08004de0   0x08004de0   0x000000e4   Code   RO          711    i.HAL_TIM_PWM_Stop  stm32h7xx_hal_tim.o
    0x08004ec4   0x08004ec4   0x00000018   Code   RO           14    i.HAL_TIM_PeriodElapsedCallback  main.o
    0x08004edc   0x08004edc   0x00000002   Code   RO          719    i.HAL_TIM_TriggerCallback  stm32h7xx_hal_tim.o
    0x08004ede   0x08004ede   0x0000004e   Code   RO         4600    i.HAL_UARTEx_DisableFifoMode  stm32h7xx_hal_uart_ex.o
    0x08004f2c   0x08004f2c   0x00000002   Code   RO         4184    i.HAL_UARTEx_RxEventCallback  stm32h7xx_hal_uart.o
    0x08004f2e   0x08004f2e   0x00000002   Code   RO         4608    i.HAL_UARTEx_RxFifoFullCallback  stm32h7xx_hal_uart_ex.o
    0x08004f30   0x08004f30   0x0000005e   Code   RO         4609    i.HAL_UARTEx_SetRxFifoThreshold  stm32h7xx_hal_uart_ex.o
    0x08004f8e   0x08004f8e   0x0000005e   Code   RO         4610    i.HAL_UARTEx_SetTxFifoThreshold  stm32h7xx_hal_uart_ex.o
    0x08004fec   0x08004fec   0x00000002   Code   RO         4612    i.HAL_UARTEx_TxFifoEmptyCallback  stm32h7xx_hal_uart_ex.o
    0x08004fee   0x08004fee   0x00000002   Code   RO         4613    i.HAL_UARTEx_WakeupCallback  stm32h7xx_hal_uart_ex.o
    0x08004ff0   0x08004ff0   0x00000002   Code   RO         4200    i.HAL_UART_ErrorCallback  stm32h7xx_hal_uart.o
    0x08004ff2   0x08004ff2   0x00000002   PAD
    0x08004ff4   0x08004ff4   0x000004b6   Code   RO         4203    i.HAL_UART_IRQHandler  stm32h7xx_hal_uart.o
    0x080054aa   0x080054aa   0x00000078   Code   RO         4204    i.HAL_UART_Init     stm32h7xx_hal_uart.o
    0x08005522   0x08005522   0x00000002   PAD
    0x08005524   0x08005524   0x000000ac   Code   RO          430    i.HAL_UART_MspInit  usart.o
    0x080055d0   0x080055d0   0x0000005c   Code   RO         4209    i.HAL_UART_Receive_IT  stm32h7xx_hal_uart.o
    0x0800562c   0x0800562c   0x000000bc   Code   RO          431    i.HAL_UART_RxCpltCallback  usart.o
    0x080056e8   0x080056e8   0x000000c2   Code   RO         4213    i.HAL_UART_Transmit  stm32h7xx_hal_uart.o
    0x080057aa   0x080057aa   0x00000002   Code   RO         4216    i.HAL_UART_TxCpltCallback  stm32h7xx_hal_uart.o
    0x080057ac   0x080057ac   0x00000004   Code   RO          491    i.HardFault_Handler  stm32h7xx_it.o
    0x080057b0   0x080057b0   0x00000056   Code   RO           15    i.MPU_Config        main.o
    0x08005806   0x08005806   0x00000002   PAD
    0x08005808   0x08005808   0x00000104   Code   RO          259    i.MX_FREERTOS_Init  freertos.o
    0x0800590c   0x0800590c   0x00000040   Code   RO          232    i.MX_GPIO_Init      gpio.o
    0x0800594c   0x0800594c   0x00000138   Code   RO          366    i.MX_TIM1_Init      tim.o
    0x08005a84   0x08005a84   0x00000118   Code   RO          367    i.MX_TIM1_Init_Again  tim.o
    0x08005b9c   0x08005b9c   0x0000006c   Code   RO          368    i.MX_TIM2_Init      tim.o
    0x08005c08   0x08005c08   0x00000088   Code   RO          432    i.MX_USART1_UART_Init  usart.o
    0x08005c90   0x08005c90   0x00000004   Code   RO          492    i.MemManage_Handler  stm32h7xx_it.o
    0x08005c94   0x08005c94   0x00000004   Code   RO          493    i.NMI_Handler       stm32h7xx_it.o
    0x08005c98   0x08005c98   0x00000164   Code   RO         1942    i.RCCEx_PLL2_Config  stm32h7xx_hal_rcc_ex.o
    0x08005dfc   0x08005dfc   0x00000164   Code   RO         1943    i.RCCEx_PLL3_Config  stm32h7xx_hal_rcc_ex.o
    0x08005f60   0x08005f60   0x00000050   Code   RO          260    i.StartDefaultTask  freertos.o
    0x08005fb0   0x08005fb0   0x00000016   Code   RO         5904    i.SysTick_Handler   cmsis_os2.o
    0x08005fc6   0x08005fc6   0x00000002   PAD
    0x08005fc8   0x08005fc8   0x000000bc   Code   RO           16    i.SystemClock_Config  main.o
    0x08006084   0x08006084   0x0000010c   Code   RO         4725    i.SystemInit        system_stm32h7xx.o
    0x08006190   0x08006190   0x00000010   Code   RO          494    i.TIM8_UP_TIM13_IRQHandler  stm32h7xx_it.o
    0x080061a0   0x080061a0   0x000000e8   Code   RO          721    i.TIM_Base_SetConfig  stm32h7xx_hal_tim.o
    0x08006288   0x08006288   0x00000022   Code   RO          722    i.TIM_CCxChannelCmd  stm32h7xx_hal_tim.o
    0x080062aa   0x080062aa   0x00000016   Code   RO          732    i.TIM_ETR_SetConfig  stm32h7xx_hal_tim.o
    0x080062c0   0x080062c0   0x00000018   Code   RO          733    i.TIM_ITRx_SetConfig  stm32h7xx_hal_tim.o
    0x080062d8   0x080062d8   0x000000ac   Code   RO          734    i.TIM_OC1_SetConfig  stm32h7xx_hal_tim.o
    0x08006384   0x08006384   0x000000b4   Code   RO          735    i.TIM_OC2_SetConfig  stm32h7xx_hal_tim.o
    0x08006438   0x08006438   0x000000b4   Code   RO          736    i.TIM_OC3_SetConfig  stm32h7xx_hal_tim.o
    0x080064ec   0x080064ec   0x00000074   Code   RO          737    i.TIM_OC4_SetConfig  stm32h7xx_hal_tim.o
    0x08006560   0x08006560   0x00000070   Code   RO          738    i.TIM_OC5_SetConfig  stm32h7xx_hal_tim.o
    0x080065d0   0x080065d0   0x00000070   Code   RO          739    i.TIM_OC6_SetConfig  stm32h7xx_hal_tim.o
    0x08006640   0x08006640   0x00000026   Code   RO          741    i.TIM_TI1_ConfigInputStage  stm32h7xx_hal_tim.o
    0x08006666   0x08006666   0x00000028   Code   RO          743    i.TIM_TI2_ConfigInputStage  stm32h7xx_hal_tim.o
    0x0800668e   0x0800668e   0x00000016   Code   RO         5905    i.TimerCallback     cmsis_os2.o
    0x080066a4   0x080066a4   0x00000058   Code   RO         4614    i.UARTEx_SetNbDataToProcess  stm32h7xx_hal_uart_ex.o
    0x080066fc   0x080066fc   0x000000f8   Code   RO         4218    i.UART_AdvFeatureConfig  stm32h7xx_hal_uart.o
    0x080067f4   0x080067f4   0x000000ea   Code   RO         4219    i.UART_CheckIdleState  stm32h7xx_hal_uart.o
    0x080068de   0x080068de   0x00000014   Code   RO         4220    i.UART_DMAAbortOnError  stm32h7xx_hal_uart.o
    0x080068f2   0x080068f2   0x00000002   PAD
    0x080068f4   0x080068f4   0x0000006c   Code   RO         4230    i.UART_EndRxTransfer  stm32h7xx_hal_uart.o
    0x08006960   0x08006960   0x00000030   Code   RO         4231    i.UART_EndTransmit_IT  stm32h7xx_hal_uart.o
    0x08006990   0x08006990   0x00000104   Code   RO         4233    i.UART_RxISR_16BIT  stm32h7xx_hal_uart.o
    0x08006a94   0x08006a94   0x00000200   Code   RO         4234    i.UART_RxISR_16BIT_FIFOEN  stm32h7xx_hal_uart.o
    0x08006c94   0x08006c94   0x00000104   Code   RO         4235    i.UART_RxISR_8BIT   stm32h7xx_hal_uart.o
    0x08006d98   0x08006d98   0x000001fc   Code   RO         4236    i.UART_RxISR_8BIT_FIFOEN  stm32h7xx_hal_uart.o
    0x08006f94   0x08006f94   0x00000628   Code   RO         4237    i.UART_SetConfig    stm32h7xx_hal_uart.o
    0x080075bc   0x080075bc   0x0000015c   Code   RO         4239    i.UART_Start_Receive_IT  stm32h7xx_hal_uart.o
    0x08007718   0x08007718   0x000000ac   Code   RO         4244    i.UART_WaitOnFlagUntilTimeout  stm32h7xx_hal_uart.o
    0x080077c4   0x080077c4   0x00000010   Code   RO          495    i.USART1_IRQHandler  stm32h7xx_it.o
    0x080077d4   0x080077d4   0x0000000e   Code   RO          261    i.Uart              freertos.o
    0x080077e2   0x080077e2   0x00000002   PAD
    0x080077e4   0x080077e4   0x000000f8   Code   RO         6562    i.Uart_Receive      vas1082.o
    0x080078dc   0x080078dc   0x00000004   Code   RO          496    i.UsageFault_Handler  stm32h7xx_it.o
    0x080078e0   0x080078e0   0x00000020   Code   RO         6905    i.__0printf         mc_w.l(printfa.o)
    0x08007900   0x08007900   0x00000030   Code   RO         6953    i.__ARM_fpclassify  m_wv.l(fpclassify.o)
    0x08007930   0x08007930   0x00000010   Code   RO         1677    i.__NVIC_GetPriorityGrouping  stm32h7xx_hal_cortex.o
    0x08007940   0x08007940   0x00000028   Code   RO         1678    i.__NVIC_SetPriority  stm32h7xx_hal_cortex.o
    0x08007968   0x08007968   0x00000006   Code   RO         5906    i.__get_IPSR        cmsis_os2.o
    0x0800796e   0x0800796e   0x00000002   PAD
    0x08007970   0x08007970   0x000008f8   Code   RO         6645    i.__hardfp_pow      m_wv.l(pow.o)
    0x08008268   0x08008268   0x00000070   Code   RO         6955    i.__kernel_poly     m_wv.l(poly.o)
    0x080082d8   0x080082d8   0x00000020   Code   RO         6933    i.__mathlib_dbl_divzero  m_wv.l(dunder.o)
    0x080082f8   0x080082f8   0x00000006   Code   RO         6935    i.__mathlib_dbl_infnan2  m_wv.l(dunder.o)
    0x080082fe   0x080082fe   0x00000002   PAD
    0x08008300   0x08008300   0x00000018   Code   RO         6936    i.__mathlib_dbl_invalid  m_wv.l(dunder.o)
    0x08008318   0x08008318   0x00000018   Code   RO         6937    i.__mathlib_dbl_overflow  m_wv.l(dunder.o)
    0x08008330   0x08008330   0x00000018   Code   RO         6939    i.__mathlib_dbl_underflow  m_wv.l(dunder.o)
    0x08008348   0x08008348   0x0000000e   Code   RO         7021    i.__scatterload_copy  mc_w.l(handlers.o)
    0x08008356   0x08008356   0x00000002   Code   RO         7022    i.__scatterload_null  mc_w.l(handlers.o)
    0x08008358   0x08008358   0x0000000e   Code   RO         7023    i.__scatterload_zeroinit  mc_w.l(handlers.o)
    0x08008366   0x08008366   0x00000002   PAD
    0x08008368   0x08008368   0x0000000c   Code   RO         6995    i.__set_errno       mc_w.l(errno.o)
    0x08008374   0x08008374   0x00000184   Code   RO         6912    i._fp_digits        mc_w.l(printfa.o)
    0x080084f8   0x080084f8   0x000006b4   Code   RO         6913    i._printf_core      mc_w.l(printfa.o)
    0x08008bac   0x08008bac   0x00000024   Code   RO         6914    i._printf_post_padding  mc_w.l(printfa.o)
    0x08008bd0   0x08008bd0   0x0000002e   Code   RO         6915    i._printf_pre_padding  mc_w.l(printfa.o)
    0x08008bfe   0x08008bfe   0x00000002   PAD
    0x08008c00   0x08008c00   0x0000002c   Code   RO          369    i.delay_us          tim.o
    0x08008c2c   0x08008c2c   0x00000018   Code   RO         6949    i.fabs              m_wv.l(fabs.o)
    0x08008c44   0x08008c44   0x0000001c   Code   RO          433    i.fputc             usart.o
    0x08008c60   0x08008c60   0x0000002c   Code   RO           17    i.main              main.o
    0x08008c8c   0x08008c8c   0x0000001e   Code   RO         5907    i.osDelay           cmsis_os2.o
    0x08008caa   0x08008caa   0x00000046   Code   RO         5912    i.osEventFlagsNew   cmsis_os2.o
    0x08008cf0   0x08008cf0   0x0000002c   Code   RO         5921    i.osKernelInitialize  cmsis_os2.o
    0x08008d1c   0x08008d1c   0x00000060   Code   RO         5924    i.osKernelStart     cmsis_os2.o
    0x08008d7c   0x08008d7c   0x0000009a   Code   RO         5941    i.osMessageQueueNew  cmsis_os2.o
    0x08008e16   0x08008e16   0x000000b2   Code   RO         5947    i.osMutexNew        cmsis_os2.o
    0x08008ec8   0x08008ec8   0x000000cc   Code   RO         5952    i.osSemaphoreNew    cmsis_os2.o
    0x08008f94   0x08008f94   0x000000b8   Code   RO         5966    i.osThreadNew       cmsis_os2.o
    0x0800904c   0x0800904c   0x000000bc   Code   RO         5975    i.osTimerNew        cmsis_os2.o
    0x08009108   0x08009108   0x0000003c   Code   RO         5976    i.osTimerStart      cmsis_os2.o
    0x08009144   0x08009144   0x0000007c   Code   RO         5344    i.prvAddCurrentTaskToDelayedList  tasks.o
    0x080091c0   0x080091c0   0x000000b8   Code   RO         5345    i.prvAddNewTaskToReadyList  tasks.o
    0x08009278   0x08009278   0x00000074   Code   RO         5720    i.prvCheckForValidListAndQueue  timers.o
    0x080092ec   0x080092ec   0x00000048   Code   RO         5346    i.prvCheckTasksWaitingTermination  tasks.o
    0x08009334   0x08009334   0x0000002a   Code   RO         4931    i.prvCopyDataFromQueue  queue.o
    0x0800935e   0x0800935e   0x0000007e   Code   RO         4932    i.prvCopyDataToQueue  queue.o
    0x080093dc   0x080093dc   0x00000050   Code   RO         5347    i.prvDeleteTCB      tasks.o
    0x0800942c   0x0800942c   0x00000014   Code   RO         4933    i.prvGetDisinheritPriorityAfterTimeout  queue.o
    0x08009440   0x08009440   0x00000028   Code   RO         5721    i.prvGetNextExpireTime  timers.o
    0x08009468   0x08009468   0x0000007c   Code   RO         6425    i.prvHeapInit       heap_4.o
    0x080094e4   0x080094e4   0x00000028   Code   RO         5348    i.prvIdleTask       tasks.o
    0x0800950c   0x0800950c   0x0000001e   Code   RO         4934    i.prvInitialiseMutex  queue.o
    0x0800952a   0x0800952a   0x0000002a   Code   RO         4935    i.prvInitialiseNewQueue  queue.o
    0x08009554   0x08009554   0x000000be   Code   RO         5349    i.prvInitialiseNewTask  tasks.o
    0x08009612   0x08009612   0x0000005a   Code   RO         5722    i.prvInitialiseNewTimer  timers.o
    0x0800966c   0x0800966c   0x00000068   Code   RO         5350    i.prvInitialiseTaskLists  tasks.o
    0x080096d4   0x080096d4   0x00000068   Code   RO         6426    i.prvInsertBlockIntoFreeList  heap_4.o
    0x0800973c   0x0800973c   0x00000058   Code   RO         5723    i.prvInsertTimerInActiveList  timers.o
    0x08009794   0x08009794   0x0000001a   Code   RO         4936    i.prvIsQueueEmpty   queue.o
    0x080097ae   0x080097ae   0x0000001e   Code   RO         4937    i.prvIsQueueFull    queue.o
    0x080097cc   0x080097cc   0x00000074   Code   RO         5724    i.prvProcessExpiredTimer  timers.o
    0x08009840   0x08009840   0x00000164   Code   RO         5725    i.prvProcessReceivedCommands  timers.o
    0x080099a4   0x080099a4   0x00000074   Code   RO         5726    i.prvProcessTimerOrBlockTask  timers.o
    0x08009a18   0x08009a18   0x00000034   Code   RO         5352    i.prvResetNextTaskUnblockTime  tasks.o
    0x08009a4c   0x08009a4c   0x0000002c   Code   RO         5727    i.prvSampleTimeNow  timers.o
    0x08009a78   0x08009a78   0x000000a4   Code   RO         5728    i.prvSwitchTimerLists  timers.o
    0x08009b1c   0x08009b1c   0x00000040   Code   RO         6481    i.prvTaskExitError  port.o
    0x08009b5c   0x08009b5c   0x0000001e   Code   RO         4772    i.prvTestWaitCondition  event_groups.o
    0x08009b7a   0x08009b7a   0x0000001a   Code   RO         5729    i.prvTimerTask      timers.o
    0x08009b94   0x08009b94   0x0000007e   Code   RO         4938    i.prvUnlockQueue    queue.o
    0x08009c12   0x08009c12   0x00000002   PAD
    0x08009c14   0x08009c14   0x0000014c   Code   RO         6427    i.pvPortMalloc      heap_4.o
    0x08009d60   0x08009d60   0x00000020   Code   RO         5355    i.pvTaskIncrementMutexHeldCount  tasks.o
    0x08009d80   0x08009d80   0x0000002c   Code   RO         5730    i.pvTimerGetTimerID  timers.o
    0x08009dac   0x08009dac   0x0000002c   Code   RO         6482    i.pxPortInitialiseStack  port.o
    0x08009dd8   0x08009dd8   0x0000006a   Code   RO         6960    i.sqrt              m_wv.l(sqrt.o)
    0x08009e42   0x08009e42   0x00000028   Code   RO         4891    i.uxListRemove      list.o
    0x08009e6a   0x08009e6a   0x00000002   PAD
    0x08009e6c   0x08009e6c   0x0000001c   Code   RO         5364    i.uxTaskResetEventItemValue  tasks.o
    0x08009e88   0x08009e88   0x00000018   Code   RO         5978    i.vApplicationGetIdleTaskMemory  cmsis_os2.o
    0x08009ea0   0x08009ea0   0x00000018   Code   RO         5979    i.vApplicationGetTimerTaskMemory  cmsis_os2.o
    0x08009eb8   0x08009eb8   0x00000020   Code   RO          262    i.vApplicationStackOverflowHook  freertos.o
    0x08009ed8   0x08009ed8   0x0000001a   Code   RO         4892    i.vListInitialise   list.o
    0x08009ef2   0x08009ef2   0x00000006   Code   RO         4893    i.vListInitialiseItem  list.o
    0x08009ef8   0x08009ef8   0x00000034   Code   RO         4894    i.vListInsert       list.o
    0x08009f2c   0x08009f2c   0x00000018   Code   RO         4895    i.vListInsertEnd    list.o
    0x08009f44   0x08009f44   0x00000054   Code   RO         6484    i.vPortEnterCritical  port.o
    0x08009f98   0x08009f98   0x0000003c   Code   RO         6485    i.vPortExitCritical  port.o
    0x08009fd4   0x08009fd4   0x000000a4   Code   RO         6428    i.vPortFree         heap_4.o
    0x0800a078   0x0800a078   0x00000028   Code   RO         6486    i.vPortSetupTimerInterrupt  port.o
    0x0800a0a0   0x0800a0a0   0x00000078   Code   RO         6487    i.vPortValidateInterruptPriority  port.o
    0x0800a118   0x0800a118   0x0000002c   Code   RO         4944    i.vQueueAddToRegistry  queue.o
    0x0800a144   0x0800a144   0x00000032   Code   RO         4945    i.vQueueDelete      queue.o
    0x0800a176   0x0800a176   0x00000002   PAD
    0x0800a178   0x0800a178   0x00000030   Code   RO         4947    i.vQueueUnregisterQueue  queue.o
    0x0800a1a8   0x0800a1a8   0x0000004a   Code   RO         4948    i.vQueueWaitForMessageRestricted  queue.o
    0x0800a1f2   0x0800a1f2   0x00000002   PAD
    0x0800a1f4   0x0800a1f4   0x0000005c   Code   RO         5365    i.vTaskDelay        tasks.o
    0x0800a250   0x0800a250   0x00000018   Code   RO         5370    i.vTaskInternalSetTimeOutState  tasks.o
    0x0800a268   0x0800a268   0x0000000c   Code   RO         5371    i.vTaskMissedYield  tasks.o
    0x0800a274   0x0800a274   0x00000038   Code   RO         5373    i.vTaskPlaceOnEventList  tasks.o
    0x0800a2ac   0x0800a2ac   0x00000040   Code   RO         5374    i.vTaskPlaceOnEventListRestricted  tasks.o
    0x0800a2ec   0x0800a2ec   0x0000006c   Code   RO         5375    i.vTaskPlaceOnUnorderedEventList  tasks.o
    0x0800a358   0x0800a358   0x000000d0   Code   RO         5376    i.vTaskPriorityDisinheritAfterTimeout  tasks.o
    0x0800a428   0x0800a428   0x000000a0   Code   RO         5378    i.vTaskRemoveFromUnorderedEventList  tasks.o
    0x0800a4c8   0x0800a4c8   0x000000b8   Code   RO         5382    i.vTaskStartScheduler  tasks.o
    0x0800a580   0x0800a580   0x00000010   Code   RO         5384    i.vTaskSuspendAll   tasks.o
    0x0800a590   0x0800a590   0x000000c8   Code   RO         5385    i.vTaskSwitchContext  tasks.o
    0x0800a658   0x0800a658   0x00000090   Code   RO         6563    i.var_init          vas1082.o
    0x0800a6e8   0x0800a6e8   0x0000001e   Code   RO         4780    i.xEventGroupCreate  event_groups.o
    0x0800a706   0x0800a706   0x0000005a   Code   RO         4781    i.xEventGroupCreateStatic  event_groups.o
    0x0800a760   0x0800a760   0x000000ce   Code   RO         4783    i.xEventGroupSetBits  event_groups.o
    0x0800a82e   0x0800a82e   0x00000002   PAD
    0x0800a830   0x0800a830   0x00000158   Code   RO         4786    i.xEventGroupWaitBits  event_groups.o
    0x0800a988   0x0800a988   0x00000168   Code   RO         6488    i.xPortStartScheduler  port.o
    0x0800aaf0   0x0800aaf0   0x00000034   Code   RO         6489    i.xPortSysTickHandler  port.o
    0x0800ab24   0x0800ab24   0x0000005c   Code   RO         4949    i.xQueueCreateCountingSemaphore  queue.o
    0x0800ab80   0x0800ab80   0x00000064   Code   RO         4950    i.xQueueCreateCountingSemaphoreStatic  queue.o
    0x0800abe4   0x0800abe4   0x00000022   Code   RO         4951    i.xQueueCreateMutex  queue.o
    0x0800ac06   0x0800ac06   0x0000002a   Code   RO         4952    i.xQueueCreateMutexStatic  queue.o
    0x0800ac30   0x0800ac30   0x0000005a   Code   RO         4953    i.xQueueGenericCreate  queue.o
    0x0800ac8a   0x0800ac8a   0x000000e0   Code   RO         4954    i.xQueueGenericCreateStatic  queue.o
    0x0800ad6a   0x0800ad6a   0x00000002   PAD
    0x0800ad6c   0x0800ad6c   0x00000098   Code   RO         4955    i.xQueueGenericReset  queue.o
    0x0800ae04   0x0800ae04   0x000001a8   Code   RO         4956    i.xQueueGenericSend  queue.o
    0x0800afac   0x0800afac   0x000000fc   Code   RO         4957    i.xQueueGenericSendFromISR  queue.o
    0x0800b0a8   0x0800b0a8   0x000000e0   Code   RO         4960    i.xQueueGiveFromISR  queue.o
    0x0800b188   0x0800b188   0x00000168   Code   RO         4966    i.xQueueReceive     queue.o
    0x0800b2f0   0x0800b2f0   0x000001b8   Code   RO         4968    i.xQueueSemaphoreTake  queue.o
    0x0800b4a8   0x0800b4a8   0x0000008c   Code   RO         5387    i.xTaskCheckForTimeOut  tasks.o
    0x0800b534   0x0800b534   0x00000064   Code   RO         5388    i.xTaskCreate       tasks.o
    0x0800b598   0x0800b598   0x000000ba   Code   RO         5389    i.xTaskCreateStatic  tasks.o
    0x0800b652   0x0800b652   0x00000002   PAD
    0x0800b654   0x0800b654   0x00000020   Code   RO         5393    i.xTaskGetSchedulerState  tasks.o
    0x0800b674   0x0800b674   0x0000000c   Code   RO         5394    i.xTaskGetTickCount  tasks.o
    0x0800b680   0x0800b680   0x00000144   Code   RO         5396    i.xTaskIncrementTick  tasks.o
    0x0800b7c4   0x0800b7c4   0x000000a4   Code   RO         5399    i.xTaskPriorityDisinherit  tasks.o
    0x0800b868   0x0800b868   0x000000a4   Code   RO         5400    i.xTaskPriorityInherit  tasks.o
    0x0800b90c   0x0800b90c   0x00000098   Code   RO         5401    i.xTaskRemoveFromEventList  tasks.o
    0x0800b9a4   0x0800b9a4   0x00000104   Code   RO         5402    i.xTaskResumeAll    tasks.o
    0x0800baa8   0x0800baa8   0x00000036   Code   RO         5736    i.xTimerCreate      timers.o
    0x0800bade   0x0800bade   0x00000072   Code   RO         5737    i.xTimerCreateStatic  timers.o
    0x0800bb50   0x0800bb50   0x00000078   Code   RO         5738    i.xTimerCreateTimerTask  timers.o
    0x0800bbc8   0x0800bbc8   0x00000084   Code   RO         5739    i.xTimerGenericCommand  timers.o
    0x0800bc4c   0x0800bc4c   0x00000108   Data   RO          263    .constdata          freertos.o
    0x0800bd54   0x0800bd54   0x00000018   Data   RO         4245    .constdata          stm32h7xx_hal_uart.o
    0x0800bd6c   0x0800bd6c   0x00000010   Data   RO         4616    .constdata          stm32h7xx_hal_uart_ex.o
    0x0800bd7c   0x0800bd7c   0x00000010   Data   RO         4726    .constdata          system_stm32h7xx.o
    0x0800bd8c   0x0800bd8c   0x00000004   PAD
    0x0800bd90   0x0800bd90   0x00000088   Data   RO         6648    .constdata          m_wv.l(pow.o)
    0x0800be18   0x0800be18   0x00000008   Data   RO         6957    .constdata          m_wv.l(qnan.o)
    0x0800be20   0x0800be20   0x00000082   Data   RO          264    .conststring        freertos.o
    0x0800bea2   0x0800bea2   0x00000002   PAD
    0x0800bea4   0x0800bea4   0x00000030   Data   RO         7019    Region$$Table       anon$$obj.o


    Execution Region RW_IRAM1 (Exec base: 0x20000000, Load base: 0x0800bed4, Size: 0x00003c00, Max: 0x00020000, ABSOLUTE)

    Exec Addr    Load Addr    Size         Type   Attr      Idx    E Section Name        Object

    0x20000000        -       0x00003c00   Zero   RW         6433    .bss                heap_4.o


    Execution Region RW_IRAM2 (Exec base: 0x24000000, Load base: 0x0800bed4, Size: 0x000013c8, Max: 0x00020000, ABSOLUTE)

    Exec Addr    Load Addr    Size         Type   Attr      Idx    E Section Name        Object

    0x24000000   0x0800bed4   0x0000002e   Data   RW          265    .data               freertos.o
    0x2400002e   0x0800bf02   0x00000006   Data   RW          435    .data               usart.o
    0x24000034   0x0800bf08   0x00000009   Data   RW         3283    .data               stm32h7xx_hal.o
    0x2400003d   0x0800bf11   0x00000003   PAD
    0x24000040   0x0800bf14   0x00000008   Data   RW         4727    .data               system_stm32h7xx.o
    0x24000048   0x0800bf1c   0x0000003c   Data   RW         5405    .data               tasks.o
    0x24000084   0x0800bf58   0x00000014   Data   RW         5747    .data               timers.o
    0x24000098   0x0800bf6c   0x00000004   Data   RW         5982    .data               cmsis_os2.o
    0x2400009c   0x0800bf70   0x00000020   Data   RW         6434    .data               heap_4.o
    0x240000bc   0x0800bf90   0x0000000c   Data   RW         6490    .data               port.o
    0x240000c8   0x0800bf9c   0x00000029   Data   RW         6565    .data               vas1082.o
    0x240000f1   0x0800bfc5   0x00000003   PAD
    0x240000f4   0x0800bfc8   0x00000004   Data   RW         6986    .data               mc_w.l(stdout.o)
    0x240000f8   0x0800bfcc   0x00000004   Data   RW         6996    .data               mc_w.l(errno.o)
    0x240000fc        -       0x00000098   Zero   RW          370    .bss                tim.o
    0x24000194        -       0x00000094   Zero   RW          434    .bss                usart.o
    0x24000228        -       0x0000004c   Zero   RW          590    .bss                stm32h7xx_hal_timebase_tim.o
    0x24000274        -       0x00000040   Zero   RW         4970    .bss                queue.o
    0x240002b4        -       0x000004c4   Zero   RW         5404    .bss                tasks.o
    0x24000778        -       0x00000118   Zero   RW         5746    .bss                timers.o
    0x24000890        -       0x000006b8   Zero   RW         5981    .bss                cmsis_os2.o
    0x24000f48        -       0x00000080   Zero   RW         6564    .bss                vas1082.o
    0x24000fc8        -       0x00000400   Zero   RW            1    STACK               startup_stm32h723xx.o


==============================================================================

Image component sizes


      Code (inc. data)   RO Data    RW Data    ZI Data      Debug   Object Name

      1306         44          0          4       1720      60875   cmsis_os2.o
       700          6          0          0          0      26433   event_groups.o
       478        156        394         46          0       9024   freertos.o
        64          6          0          0          0        955   gpio.o
       724         74          0         32      15360       5087   heap_4.o
       148          0          0          0          0       3798   list.o
       348         12          0          0          0    1202468   main.o
      1014         92          0         12          0      12013   port.o
      3092         30          0          0         64      28239   queue.o
        44         12        716          0       1024        856   startup_stm32h723xx.o
       132         30          0          9          0      22502   stm32h7xx_hal.o
       458         40          0          0          0      41704   stm32h7xx_hal_cortex.o
      2164         34          0          0          0       4487   stm32h7xx_hal_dma.o
       496         50          0          0          0       1616   stm32h7xx_hal_gpio.o
        48          6          0          0          0        974   stm32h7xx_hal_msp.o
        96          6          0          0          0        793   stm32h7xx_hal_pwr_ex.o
      3496        120          0          0          0       7749   stm32h7xx_hal_rcc.o
      5140        112          0          0          0       7469   stm32h7xx_hal_rcc_ex.o
      3630        364          0          0          0      20952   stm32h7xx_hal_tim.o
       434         46          0          0          0       4276   stm32h7xx_hal_tim_ex.o
       148         20          0          0         76       1655   stm32h7xx_hal_timebase_tim.o
      5912        208         24          0          0      38898   stm32h7xx_hal_uart.o
       360         10         16          0          0       5706   stm32h7xx_hal_uart_ex.o
        54         12          0          0          0       3956   stm32h7xx_it.o
         0          0          0          0          0       9448   stream_buffer.o
       304         38         16          8          0       1965   system_stm32h7xx.o
      3564        412          0         60       1220      33388   tasks.o
       928         48          0          0        152       4965   tim.o
      1620        124          0         20        280      34823   timers.o
       524         72          0          6        148       5359   usart.o
      3572        422          0         41        128       5578   vas1082.o

    ----------------------------------------------------------------------
     41040       2606       1220        244      20172    1608011   Object Totals
         0          0         48          0          0          0   (incl. Generated)
        42          0          6          6          0          0   (incl. Padding)

    ----------------------------------------------------------------------

      Code (inc. data)   RO Data    RW Data    ZI Data      Debug   Library Member Name

       110         60          0          0          0        580   dunder.o
        24          0          0          0          0        124   fabs.o
        48          0          0          0          0        124   fpclassify.o
       112          0          0          0          0        116   poly.o
      2296        304        136          0          0        320   pow.o
         0          0          8          0          0          0   qnan.o
       106          0          0          0          0        140   sqrt.o
         0          0          0          0          0          0   entry.o
         0          0          0          0          0          0   entry10a.o
         0          0          0          0          0          0   entry11a.o
         4          0          0          0          0          0   entry12b.o
         8          4          0          0          0          0   entry2.o
         4          0          0          0          0          0   entry5.o
         0          0          0          0          0          0   entry7b.o
         0          0          0          0          0          0   entry8b.o
         8          4          0          0          0          0   entry9a.o
        12          6          0          4          0         68   errno.o
        30          0          0          0          0          0   handlers.o
        36          8          0          0          0         68   init.o
         0          0          0          0          0          0   iusefp.o
        30          0          0          0          0         68   llshl.o
        36          0          0          0          0         68   llsshr.o
        32          0          0          0          0         68   llushr.o
        36          0          0          0          0         68   memcpya.o
        36          0          0          0          0        108   memseta.o
      2218         90          0          0          0        464   printfa.o
         0          0          0          4          0          0   stdout.o
        44          0          0          0          0         80   uidiv.o
        98          0          0          0          0         92   uldiv.o
        48          0          0          0          0         68   cdrcmple.o
       334          0          0          0          0        148   dadd.o
       222          0          0          0          0        100   ddiv.o
       186          0          0          0          0        176   depilogue.o
        48          0          0          0          0         68   dfixul.o
       228          0          0          0          0         96   dmul.o
        46          0          0          0          0         80   dscalb.o

    ----------------------------------------------------------------------
      6448        476        144          8          0       3292   Library Totals
         8          0          0          0          0          0   (incl. Padding)

    ----------------------------------------------------------------------

      Code (inc. data)   RO Data    RW Data    ZI Data      Debug   Library Name

      2696        364        144          0          0       1404   m_wv.l
      2632        112          0          8          0       1152   mc_w.l
      1112          0          0          0          0        736   mf_w.l

    ----------------------------------------------------------------------
      6448        476        144          8          0       3292   Library Totals

    ----------------------------------------------------------------------

==============================================================================


      Code (inc. data)   RO Data    RW Data    ZI Data      Debug   

     47488       3082       1364        252      20172    1586971   Grand Totals
     47488       3082       1364        252      20172    1586971   ELF Image Totals
     47488       3082       1364        252          0          0   ROM Totals

==============================================================================

    Total RO  Size (Code + RO Data)                48852 (  47.71kB)
    Total RW  Size (RW Data + ZI Data)             20424 (  19.95kB)
    Total ROM Size (Code + RO Data + RW Data)      49104 (  47.95kB)

==============================================================================

