Component: ARM Compiler 5.06 update 7 (build 960) Tool: armlink [4d3601]

==============================================================================

Section Cross References

    startup_stm32h723xx.o(RESET) refers to startup_stm32h723xx.o(STACK) for __initial_sp
    startup_stm32h723xx.o(RESET) refers to startup_stm32h723xx.o(.text) for Reset_Handler
    startup_stm32h723xx.o(RESET) refers to stm32h7xx_it.o(i.NMI_Handler) for NMI_Handler
    startup_stm32h723xx.o(RESET) refers to stm32h7xx_it.o(i.HardFault_Handler) for HardFault_Handler
    startup_stm32h723xx.o(RESET) refers to stm32h7xx_it.o(i.MemManage_Handler) for MemManage_Handler
    startup_stm32h723xx.o(RESET) refers to stm32h7xx_it.o(i.BusFault_Handler) for BusFault_Handler
    startup_stm32h723xx.o(RESET) refers to stm32h7xx_it.o(i.UsageFault_Handler) for UsageFault_Handler
    startup_stm32h723xx.o(RESET) refers to port.o(.emb_text) for SVC_Handler
    startup_stm32h723xx.o(RESET) refers to stm32h7xx_it.o(i.DebugMon_Handler) for DebugMon_Handler
    startup_stm32h723xx.o(RESET) refers to cmsis_os2.o(i.SysTick_Handler) for SysTick_Handler
    startup_stm32h723xx.o(RESET) refers to stm32h7xx_it.o(i.USART1_IRQHandler) for USART1_IRQHandler
    startup_stm32h723xx.o(RESET) refers to stm32h7xx_it.o(i.TIM8_UP_TIM13_IRQHandler) for TIM8_UP_TIM13_IRQHandler
    startup_stm32h723xx.o(.text) refers to system_stm32h7xx.o(i.ExitRun0Mode) for ExitRun0Mode
    startup_stm32h723xx.o(.text) refers to system_stm32h7xx.o(i.SystemInit) for SystemInit
    startup_stm32h723xx.o(.text) refers to entry.o(.ARM.Collect$$$$00000000) for __main
    main.o(i.HAL_TIM_PeriodElapsedCallback) refers to stm32h7xx_hal.o(i.HAL_IncTick) for HAL_IncTick
    main.o(i.MPU_Config) refers to stm32h7xx_hal_cortex.o(i.HAL_MPU_Disable) for HAL_MPU_Disable
    main.o(i.MPU_Config) refers to stm32h7xx_hal_cortex.o(i.HAL_MPU_ConfigRegion) for HAL_MPU_ConfigRegion
    main.o(i.MPU_Config) refers to stm32h7xx_hal_cortex.o(i.HAL_MPU_Enable) for HAL_MPU_Enable
    main.o(i.SystemClock_Config) refers to memseta.o(.text) for __aeabi_memclr4
    main.o(i.SystemClock_Config) refers to stm32h7xx_hal_pwr_ex.o(i.HAL_PWREx_ConfigSupply) for HAL_PWREx_ConfigSupply
    main.o(i.SystemClock_Config) refers to stm32h7xx_hal_rcc.o(i.HAL_RCC_OscConfig) for HAL_RCC_OscConfig
    main.o(i.SystemClock_Config) refers to main.o(i.Error_Handler) for Error_Handler
    main.o(i.SystemClock_Config) refers to stm32h7xx_hal_rcc.o(i.HAL_RCC_ClockConfig) for HAL_RCC_ClockConfig
    main.o(i.main) refers to main.o(i.MPU_Config) for MPU_Config
    main.o(i.main) refers to stm32h7xx_hal.o(i.HAL_Init) for HAL_Init
    main.o(i.main) refers to main.o(i.SystemClock_Config) for SystemClock_Config
    main.o(i.main) refers to gpio.o(i.MX_GPIO_Init) for MX_GPIO_Init
    main.o(i.main) refers to tim.o(i.MX_TIM1_Init) for MX_TIM1_Init
    main.o(i.main) refers to usart.o(i.MX_USART1_UART_Init) for MX_USART1_UART_Init
    main.o(i.main) refers to tim.o(i.MX_TIM2_Init) for MX_TIM2_Init
    main.o(i.main) refers to cmsis_os2.o(i.osKernelInitialize) for osKernelInitialize
    main.o(i.main) refers to freertos.o(i.MX_FREERTOS_Init) for MX_FREERTOS_Init
    main.o(i.main) refers to cmsis_os2.o(i.osKernelStart) for osKernelStart
    freertos.o(i.Aimming) refers to vas1082.o(i.Aimming_Sel) for Aimming_Sel
    freertos.o(i.Aimming) refers to cmsis_os2.o(i.osDelay) for osDelay
    freertos.o(i.Freq) refers to vas1082.o(i.Freq_Sel) for Freq_Sel
    freertos.o(i.Freq) refers to cmsis_os2.o(i.osDelay) for osDelay
    freertos.o(i.MX_FREERTOS_Init) refers to cmsis_os2.o(i.osMutexNew) for osMutexNew
    freertos.o(i.MX_FREERTOS_Init) refers to cmsis_os2.o(i.osSemaphoreNew) for osSemaphoreNew
    freertos.o(i.MX_FREERTOS_Init) refers to cmsis_os2.o(i.osTimerNew) for osTimerNew
    freertos.o(i.MX_FREERTOS_Init) refers to cmsis_os2.o(i.osMessageQueueNew) for osMessageQueueNew
    freertos.o(i.MX_FREERTOS_Init) refers to cmsis_os2.o(i.osThreadNew) for osThreadNew
    freertos.o(i.MX_FREERTOS_Init) refers to cmsis_os2.o(i.osEventFlagsNew) for osEventFlagsNew
    freertos.o(i.MX_FREERTOS_Init) refers to freertos.o(.constdata) for UartMutexes_attributes
    freertos.o(i.MX_FREERTOS_Init) refers to freertos.o(.data) for UartMutexesHandle
    freertos.o(i.MX_FREERTOS_Init) refers to freertos.o(i.Callback01) for Callback01
    freertos.o(i.MX_FREERTOS_Init) refers to freertos.o(i.StartDefaultTask) for StartDefaultTask
    freertos.o(i.MX_FREERTOS_Init) refers to freertos.o(i.Freq) for Freq
    freertos.o(i.MX_FREERTOS_Init) refers to freertos.o(i.Aimming) for Aimming
    freertos.o(i.MX_FREERTOS_Init) refers to freertos.o(i.Uart) for Uart
    freertos.o(i.MX_FREERTOS_Init) refers to freertos.o(i.Other) for Other
    freertos.o(i.Other) refers to vas1082.o(i.Other_Function) for Other_Function
    freertos.o(i.Other) refers to cmsis_os2.o(i.osDelay) for osDelay
    freertos.o(i.StartDefaultTask) refers to printfa.o(i.__0printf) for __2printf
[...]
    _printf_ll                               0x00000000   Number         0  stubs.o ABSOLUTE
    _printf_lld                              0x00000000   Number         0  stubs.o ABSOLUTE
    _printf_lli                              0x00000000   Number         0  stubs.o ABSOLUTE
    _printf_llo                              0x00000000   Number         0  stubs.o ABSOLUTE
    _printf_llu                              0x00000000   Number         0  stubs.o ABSOLUTE
    _printf_llx                              0x00000000   Number         0  stubs.o ABSOLUTE
    _printf_longlong_dec                     0x00000000   Number         0  stubs.o ABSOLUTE
    _printf_longlong_hex                     0x00000000   Number         0  stubs.o ABSOLUTE
    _printf_longlong_oct                     0x00000000   Number         0  stubs.o ABSOLUTE
    _printf_ls                               0x00000000   Number         0  stubs.o ABSOLUTE
    _printf_mbtowc                           0x00000000   Number         0  stubs.o ABSOLUTE
    _printf_n                                0x00000000   Number         0  stubs.o ABSOLUTE
    _printf_o                                0x00000000   Number         0  stubs.o ABSOLUTE
    _printf_p                                0x00000000   Number         0  stubs.o ABSOLUTE
    _printf_percent                          0x00000000   Number         0  stubs.o ABSOLUTE
    _printf_pre_padding                      0x00000000   Number         0  stubs.o ABSOLUTE
    _printf_return_value                     0x00000000   Number         0  stubs.o ABSOLUTE
    _printf_s                                0x00000000   Number         0  stubs.o ABSOLUTE
    _printf_sizespec                         0x00000000   Number         0  stubs.o ABSOLUTE
    _printf_str                              0x00000000   Number         0  stubs.o ABSOLUTE
    _printf_truncate_signed                  0x00000000   Number         0  stubs.o ABSOLUTE
    _printf_truncate_unsigned                0x00000000   Number         0  stubs.o ABSOLUTE
    _printf_u                                0x00000000   Number         0  stubs.o ABSOLUTE
    _printf_wc                               0x00000000   Number         0  stubs.o ABSOLUTE
    _printf_wctomb                           0x00000000   Number         0  stubs.o ABSOLUTE
    _printf_widthprec                        0x00000000   Number         0  stubs.o ABSOLUTE
    _printf_x                                0x00000000   Number         0  stubs.o ABSOLUTE
    __arm_fini_                               - Undefined Weak Reference
    __cpp_initialize__aeabi_                  - Undefined Weak Reference
    __cxa_finalize                            - Undefined Weak Reference
    __decompress                              - Undefined Weak Reference
    _clock_init                               - Undefined Weak Reference
    _microlib_exit                            - Undefined Weak Reference
    __Vectors_Size                           0x000002cc   Number         0  startup_stm32h723xx.o ABSOLUTE
    __Vectors                                0x08000000   Data           4  startup_stm32h723xx.o(RESET)
    __Vectors_End                            0x080002cc   Data           0  startup_stm32h723xx.o(RESET)
    __main                                   0x080002cd   Thumb Code     0  entry.o(.ARM.Collect$$$$00000000)
    _main_stk                                0x080002cd   Thumb Code     0  entry2.o(.ARM.Collect$$$$00000001)
    _main_scatterload                        0x080002d1   Thumb Code     0  entry5.o(.ARM.Collect$$$$00000004)
    __main_after_scatterload                 0x080002d5   Thumb Code     0  entry5.o(.ARM.Collect$$$$00000004)
    _main_clock                              0x080002d5   Thumb Code     0  entry7b.o(.ARM.Collect$$$$00000008)
    _main_cpp_init                           0x080002d5   Thumb Code     0  entry8b.o(.ARM.Collect$$$$0000000A)
    _main_init                               0x080002d5   Thumb Code     0  entry9a.o(.ARM.Collect$$$$0000000B)
    __rt_lib_shutdown_fini                   0x080002dd   Thumb Code     0  entry12b.o(.ARM.Collect$$$$0000000E)
    __rt_final_cpp                           0x080002e1   Thumb Code     0  entry10a.o(.ARM.Collect$$$$0000000F)
    __rt_final_exit                          0x080002e1   Thumb Code     0  entry11a.o(.ARM.Collect$$$$00000011)
    SVC_Handler                              0x080002e5   Thumb Code    28  port.o(.emb_text)
    __asm___6_port_c_39a90d8d__prvStartFirstTask 0x08000305   Thumb Code    36  port.o(.emb_text)
    __asm___6_port_c_39a90d8d__prvEnableVFP  0x0800032d   Thumb Code    16  port.o(.emb_text)
    PendSV_Handler                           0x08000341   Thumb Code    88  port.o(.emb_text)
    vPortGetIPSR                             0x0800039d   Thumb Code     6  port.o(.emb_text)
    Reset_Handler                            0x080003a5   Thumb Code    12  startup_stm32h723xx.o(.text)
    ADC3_IRQHandler                          0x080003c3   Thumb Code     0  startup_stm32h723xx.o(.text)
    ADC_IRQHandler                           0x080003c3   Thumb Code     0  startup_stm32h723xx.o(.text)
    BDMA_Channel0_IRQHandler                 0x080003c3   Thumb Code     0  startup_stm32h723xx.o(.text)
    BDMA_Channel1_IRQHandler                 0x080003c3   Thumb Code     0  startup_stm32h723xx.o(.text)
    BDMA_Channel2_IRQHandler                 0x080003c3   Thumb Code     0  startup_stm32h723xx.o(.text)
    BDMA_Channel3_IRQHandler                 0x080003c3   Thumb Code     0  startup_stm32h723xx.o(.text)
    BDMA_Channel4_IRQHandler                 0x080003c3   Thumb Code     0  startup_stm32h723xx.o(.text)
    BDMA_Channel5_IRQHandler                 0x080003c3   Thumb Code     0  startup_stm32h723xx.o(.text)
    BDMA_Channel6_IRQHandler                 0x080003c3   Thumb Code     0  startup_stm32h723xx.o(.text)
    BDMA_Channel7_IRQHandler                 0x080003c3   Thumb Code     0  startup_stm32h723xx.o(.text)
    CEC_IRQHandler                           0x080003c3   Thumb Code     0  startup_stm32h723xx.o(.text)
    COMP1_IRQHandler                         0x080003c3   Thumb Code     0  startup_stm32h723xx.o(.text)
    CORDIC_IRQHandler                        0x080003c3   Thumb Code     0  startup_stm32h723xx.o(.text)
    CRS_IRQHandler                           0x080003c3   Thumb Code     0  startup_stm32h723xx.o(.text)
    DCMI_PSSI_IRQHandler                     0x080003c3   Thumb Code     0  startup_stm32h723xx.o(.text)
    DFSDM1_FLT0_IRQHandler                   0x080003c3   Thumb Code     0  startup_stm32h723xx.o(.text)
    DFSDM1_FLT1_IRQHandler                   0x080003c3   Thumb Code     0  startup_stm32h723xx.o(.text)
    DFSDM1_FLT2_IRQHandler                   0x080003c3   Thumb Code     0  startup_stm32h723xx.o(.text)
    DFSDM1_FLT3_IRQHandler                   0x080003c3   Thumb Code     0  startup_stm32h723xx.o(.text)
    DMA1_Stream0_IRQHandler                  0x080003c3   Thumb Code     0  startup_stm32h723xx.o(.text)
    DMA1_Stream1_IRQHandler                  0x080003c3   Thumb Code     0  startup_stm32h723xx.o(.text)
    DMA1_Stream2_IRQHandler                  0x080003c3   Thumb Code     0  startup_stm32h723xx.o(.text)
    DMA1_Stream3_IRQHandler                  0x080003c3   Thumb Code     0  startup_stm32h723xx.o(.text)
    DMA1_Stream4_IRQHandler                  0x080003c3   Thumb Code     0  startup_stm32h723xx.o(.text)
    DMA1_Stream5_IRQHandler                  0x080003c3   Thumb Code     0  startup_stm32h723xx.o(.text)
    DMA1_Stream6_IRQHandler                  0x080003c3   Thumb Code     0  startup_stm32h723xx.o(.text)
    DMA1_Stream7_IRQHandler                  0x080003c3   Thumb Code     0  startup_stm32h723xx.o(.text)
    DMA2D_IRQHandler                         0x080003c3   Thumb Code     0  startup_stm32h723xx.o(.text)
    DMA2_Stream0_IRQHandler                  0x080003c3   Thumb Code     0  startup_stm32h723xx.o(.text)
    DMA2_Stream1_IRQHandler                  0x080003c3   Thumb Code     0  startup_stm32h723xx.o(.text)
    DMA2_Stream2_IRQHandler                  0x080003c3   Thumb Code     0  startup_stm32h723xx.o(.text)
    DMA2_Stream3_IRQHandler                  0x080003c3   Thumb Code     0  startup_stm32h723xx.o(.text)
    DMA2_Stream4_IRQHandler                  0x080003c3   Thumb Code     0  startup_stm32h723xx.o(.text)
    DMA2_Stream5_IRQHandler                  0x080003c3   Thumb Code     0  startup_stm32h723xx.o(.text)
    DMA2_Stream6_IRQHandler                  0x080003c3   Thumb Code     0  startup_stm32h723xx.o(.text)
    DMA2_Stream7_IRQHandler                  0x080003c3   Thumb Code     0  startup_stm32h723xx.o(.text)
    DMAMUX1_OVR_IRQHandler                   0x080003c3   Thumb Code     0  startup_stm32h723xx.o(.text)
    DMAMUX2_OVR_IRQHandler                   0x080003c3   Thumb Code     0  startup_stm32h723xx.o(.text)
    DTS_IRQHandler                           0x080003c3   Thumb Code     0  startup_stm32h723xx.o(.text)
    ECC_IRQHandler                           0x080003c3   Thumb Code     0  startup_stm32h723xx.o(.text)
    ETH_IRQHandler                           0x080003c3   Thumb Code     0  startup_stm32h723xx.o(.text)
    ETH_WKUP_IRQHandler                      0x080003c3   Thumb Code     0  startup_stm32h723xx.o(.text)
    EXTI0_IRQHandler                         0x080003c3   Thumb Code     0  startup_stm32h723xx.o(.text)
    EXTI15_10_IRQHandler                     0x080003c3   Thumb Code     0  startup_stm32h723xx.o(.text)
    EXTI1_IRQHandler                         0x080003c3   Thumb Code     0  startup_stm32h723xx.o(.text)
    EXTI2_IRQHandler                         0x080003c3   Thumb Code     0  startup_stm32h723xx.o(.text)
    EXTI3_IRQHandler                         0x080003c3   Thumb Code     0  startup_stm32h723xx.o(.text)
    EXTI4_IRQHandler                         0x080003c3   Thumb Code     0  startup_stm32h723xx.o(.text)
    EXTI9_5_IRQHandler                       0x080003c3   Thumb Code     0  startup_stm32h723xx.o(.text)
    FDCAN1_IT0_IRQHandler                    0x080003c3   Thumb Code     0  startup_stm32h723xx.o(.text)
    FDCAN1_IT1_IRQHandler                    0x080003c3   Thumb Code     0  startup_stm32h723xx.o(.text)
    FDCAN2_IT0_IRQHandler                    0x080003c3   Thumb Code     0  startup_stm32h723xx.o(.text)
    FDCAN2_IT1_IRQHandler                    0x080003c3   Thumb Code     0  startup_stm32h723xx.o(.text)
    FDCAN3_IT0_IRQHandler                    0x080003c3   Thumb Code     0  startup_stm32h723xx.o(.text)
    FDCAN3_IT1_IRQHandler                    0x080003c3   Thumb Code     0  startup_stm32h723xx.o(.text)
    FDCAN_CAL_IRQHandler                     0x080003c3   Thumb Code     0  startup_stm32h723xx.o(.text)
    FLASH_IRQHandler                         0x080003c3   Thumb Code     0  startup_stm32h723xx.o(.text)
    FMAC_IRQHandler                          0x080003c3   Thumb Code     0  startup_stm32h723xx.o(.text)
    FMC_IRQHandler                           0x080003c3   Thumb Code     0  startup_stm32h723xx.o(.text)
    FPU_IRQHandler                           0x080003c3   Thumb Code     0  startup_stm32h723xx.o(.text)
    HSEM1_IRQHandler                         0x080003c3   Thumb Code     0  startup_stm32h723xx.o(.text)
    I2C1_ER_IRQHandler                       0x080003c3   Thumb Code     0  startup_stm32h723xx.o(.text)
    I2C1_EV_IRQHandler                       0x080003c3   Thumb Code     0  startup_stm32h723xx.o(.text)
    I2C2_ER_IRQHandler                       0x080003c3   Thumb Code     0  startup_stm32h723xx.o(.text)
    I2C2_EV_IRQHandler                       0x080003c3   Thumb Code     0  startup_stm32h723xx.o(.text)
    I2C3_ER_IRQHandler                       0x080003c3   Thumb Code     0  startup_stm32h723xx.o(.text)
    I2C3_EV_IRQHandler                       0x080003c3   Thumb Code     0  startup_stm32h723xx.o(.text)
    I2C4_ER_IRQHandler                       0x080003c3   Thumb Code     0  startup_stm32h723xx.o(.text)
    I2C4_EV_IRQHandler                       0x080003c3   Thumb Code     0  startup_stm32h723xx.o(.text)
    I2C5_ER_IRQHandler                       0x080003c3   Thumb Code     0  startup_stm32h723xx.o(.text)
    I2C5_EV_IRQHandler                       0x080003c3   Thumb Code     0  startup_stm32h723xx.o(.text)
    LPTIM1_IRQHandler                        0x080003c3   Thumb Code     0  startup_stm32h723xx.o(.text)
    LPTIM2_IRQHandler                        0x080003c3   Thumb Code     0  startup_stm32h723xx.o(.text)
    LPTIM3_IRQHandler                        0x080003c3   Thumb Code     0  startup_stm32h723xx.o(.text)
    LPTIM4_IRQHandler                        0x080003c3   Thumb Code     0  startup_stm32h723xx.o(.text)
    LPTIM5_IRQHandler                        0x080003c3   Thumb Code     0  startup_stm32h723xx.o(.text)
    LPUART1_IRQHandler                       0x080003c3   Thumb Code     0  startup_stm32h723xx.o(.text)
    LTDC_ER_IRQHandler                       0x080003c3   Thumb Code     0  startup_stm32h723xx.o(.text)
    LTDC_IRQHandler                          0x080003c3   Thumb Code     0  startup_stm32h723xx.o(.text)
    MDIOS_IRQHandler                         0x080003c3   Thumb Code     0  startup_stm32h723xx.o(.text)
    MDIOS_WKUP_IRQHandler                    0x080003c3   Thumb Code     0  startup_stm32h723xx.o(.text)
    MDMA_IRQHandler                          0x080003c3   Thumb Code     0  startup_stm32h723xx.o(.text)
    OCTOSPI1_IRQHandler                      0x080003c3   Thumb Code     0  startup_stm32h723xx.o(.text)
    OCTOSPI2_IRQHandler                      0x080003c3   Thumb Code     0  startup_stm32h723xx.o(.text)
    OTG_HS_EP1_IN_IRQHandler                 0x080003c3   Thumb Code     0  startup_stm32h723xx.o(.text)
    OTG_HS_EP1_OUT_IRQHandler                0x080003c3   Thumb Code     0  startup_stm32h723xx.o(.text)
    OTG_HS_IRQHandler                        0x080003c3   Thumb Code     0  startup_stm32h723xx.o(.text)
    OTG_HS_WKUP_IRQHandler                   0x080003c3   Thumb Code     0  startup_stm32h723xx.o(.text)
    PVD_AVD_IRQHandler                       0x080003c3   Thumb Code     0  startup_stm32h723xx.o(.text)
    RCC_IRQHandler                           0x080003c3   Thumb Code     0  startup_stm32h723xx.o(.text)
    RNG_IRQHandler                           0x080003c3   Thumb Code     0  startup_stm32h723xx.o(.text)
    RTC_Alarm_IRQHandler                     0x080003c3   Thumb Code     0  startup_stm32h723xx.o(.text)
    RTC_WKUP_IRQHandler                      0x080003c3   Thumb Code     0  startup_stm32h723xx.o(.text)
    SAI1_IRQHandler                          0x080003c3   Thumb Code     0  startup_stm32h723xx.o(.text)
    SAI4_IRQHandler                          0x080003c3   Thumb Code     0  startup_stm32h723xx.o(.text)
    SDMMC1_IRQHandler                        0x080003c3   Thumb Code     0  startup_stm32h723xx.o(.text)
    SDMMC2_IRQHandler                        0x080003c3   Thumb Code     0  startup_stm32h723xx.o(.text)
    SPDIF_RX_IRQHandler                      0x080003c3   Thumb Code     0  startup_stm32h723xx.o(.text)
    SPI1_IRQHandler                          0x080003c3   Thumb Code     0  startup_stm32h723xx.o(.text)
    SPI2_IRQHandler                          0x080003c3   Thumb Code     0  startup_stm32h723xx.o(.text)
    SPI3_IRQHandler                          0x080003c3   Thumb Code     0  startup_stm32h723xx.o(.text)
    SPI4_IRQHandler                          0x080003c3   Thumb Code     0  startup_stm32h723xx.o(.text)
    SPI5_IRQHandler                          0x080003c3   Thumb Code     0  startup_stm32h723xx.o(.text)
    SPI6_IRQHandler                          0x080003c3   Thumb Code     0  startup_stm32h723xx.o(.text)
    SWPMI1_IRQHandler                        0x080003c3   Thumb Code     0  startup_stm32h723xx.o(.text)
    TAMP_STAMP_IRQHandler                    0x080003c3   Thumb Code     0  startup_stm32h723xx.o(.text)
    TIM15_IRQHandler                         0x080003c3   Thumb Code     0  startup_stm32h723xx.o(.text)
    TIM16_IRQHandler                         0x080003c3   Thumb Code     0  startup_stm32h723xx.o(.text)
    TIM17_IRQHandler                         0x080003c3   Thumb Code     0  startup_stm32h723xx.o(.text)
    TIM1_BRK_IRQHandler                      0x080003c3   Thumb Code     0  startup_stm32h723xx.o(.text)
    TIM1_CC_IRQHandler                       0x080003c3   Thumb Code     0  startup_stm32h723xx.o(.text)
    TIM1_TRG_COM_IRQHandler                  0x080003c3   Thumb Code     0  startup_stm32h723xx.o(.text)
    TIM1_UP_IRQHandler                       0x080003c3   Thumb Code     0  startup_stm32h723xx.o(.text)
    TIM23_IRQHandler                         0x080003c3   Thumb Code     0  startup_stm32h723xx.o(.text)
    TIM24_IRQHandler                         0x080003c3   Thumb Code     0  startup_stm32h723xx.o(.text)
    TIM2_IRQHandler                          0x080003c3   Thumb Code     0  startup_stm32h723xx.o(.text)
    TIM3_IRQHandler                          0x080003c3   Thumb Code     0  startup_stm32h723xx.o(.text)
    TIM4_IRQHandler                          0x080003c3   Thumb Code     0  startup_stm32h723xx.o(.text)
    TIM5_IRQHandler                          0x080003c3   Thumb Code     0  startup_stm32h723xx.o(.text)
    TIM6_DAC_IRQHandler                      0x080003c3   Thumb Code     0  startup_stm32h723xx.o(.text)
    TIM7_IRQHandler                          0x080003c3   Thumb Code     0  startup_stm32h723xx.o(.text)
    TIM8_BRK_TIM12_IRQHandler                0x080003c3   Thumb Code     0  startup_stm32h723xx.o(.text)
    TIM8_CC_IRQHandler                       0x080003c3   Thumb Code     0  startup_stm32h723xx.o(.text)
    TIM8_TRG_COM_TIM14_IRQHandler            0x080003c3   Thumb Code     0  startup_stm32h723xx.o(.text)
    UART4_IRQHandler                         0x080003c3   Thumb Code     0  startup_stm32h723xx.o(.text)
    UART5_IRQHandler                         0x080003c3   Thumb Code     0  startup_stm32h723xx.o(.text)
    UART7_IRQHandler                         0x080003c3   Thumb Code     0  startup_stm32h723xx.o(.text)
    UART8_IRQHandler                         0x080003c3   Thumb Code     0  startup_stm32h723xx.o(.text)
    UART9_IRQHandler                         0x080003c3   Thumb Code     0  startup_stm32h723xx.o(.text)
    USART10_IRQHandler                       0x080003c3   Thumb Code     0  startup_stm32h723xx.o(.text)
    USART2_IRQHandler                        0x080003c3   Thumb Code     0  startup_stm32h723xx.o(.text)
    USART3_IRQHandler                        0x080003c3   Thumb Code     0  startup_stm32h723xx.o(.text)
    USART6_IRQHandler                        0x080003c3   Thumb Code     0  startup_stm32h723xx.o(.text)
    WAKEUP_PIN_IRQHandler                    0x080003c3   Thumb Code     0  startup_stm32h723xx.o(.text)
    WWDG_IRQHandler                          0x080003c3   Thumb Code     0  startup_stm32h723xx.o(.text)
    __aeabi_uldivmod                         0x080003d1   Thumb Code    98  uldiv.o(.text)
    __aeabi_memcpy                           0x08000433   Thumb Code    36  memcpya.o(.text)
    __aeabi_memcpy4                          0x08000433   Thumb Code     0  memcpya.o(.text)
    __aeabi_memcpy8                          0x08000433   Thumb Code     0  memcpya.o(.text)
    __aeabi_memset                           0x08000457   Thumb Code    14  memseta.o(.text)
    __aeabi_memset4                          0x08000457   Thumb Code     0  memseta.o(.text)
    __aeabi_memset8                          0x08000457   Thumb Code     0  memseta.o(.text)
    __aeabi_memclr                           0x08000465   Thumb Code     4  memseta.o(.text)
    __aeabi_memclr4                          0x08000465   Thumb Code     0  memseta.o(.text)
    __aeabi_memclr8                          0x08000465   Thumb Code     0  memseta.o(.text)
    memset                                   0x08000469   Thumb Code    18  memseta.o(.text)
    __aeabi_uidiv                            0x0800047b   Thumb Code     0  uidiv.o(.text)
    __aeabi_uidivmod                         0x0800047b   Thumb Code    44  uidiv.o(.text)
    __aeabi_llsl                             0x080004a7   Thumb Code    30  llshl.o(.text)
    _ll_shift_l                              0x080004a7   Thumb Code     0  llshl.o(.text)
    __aeabi_llsr                             0x080004c5   Thumb Code    32  llushr.o(.text)
    _ll_ushift_r                             0x080004c5   Thumb Code     0  llushr.o(.text)
    __I$use$fp                               0x080004e5   Thumb Code     0  iusefp.o(.text)
    __aeabi_dadd                             0x080004e5   Thumb Code   322  dadd.o(.text)
    __aeabi_dsub                             0x08000627   Thumb Code     6  dadd.o(.text)
    __aeabi_drsub                            0x0800062d   Thumb Code     6  dadd.o(.text)
    __aeabi_dmul                             0x08000633   Thumb Code   228  dmul.o(.text)
    __aeabi_ddiv                             0x08000717   Thumb Code   222  ddiv.o(.text)
    __ARM_scalbn                             0x080007f5   Thumb Code    46  dscalb.o(.text)
    scalbn                                   0x080007f5   Thumb Code     0  dscalb.o(.text)
    __aeabi_d2ulz                            0x08000823   Thumb Code    48  dfixul.o(.text)
    __aeabi_cdrcmple                         0x08000855   Thumb Code    48  cdrcmple.o(.text)
    __scatterload                            0x08000885   Thumb Code    28  init.o(.text)
    __scatterload_rt2                        0x08000885   Thumb Code     0  init.o(.text)
    __aeabi_lasr                             0x080008a9   Thumb Code    36  llsshr.o(.text)
    _ll_sshift_r                             0x080008a9   Thumb Code     0  llsshr.o(.text)
    _double_round                            0x080008cd   Thumb Code    30  depilogue.o(.text)
    _double_epilogue                         0x080008eb   Thumb Code   156  depilogue.o(.text)
    Aimming                                  0x08000987   Thumb Code    14  freertos.o(i.Aimming)
    Aimming_Sel                              0x08000995   Thumb Code  2530  vas1082.o(i.Aimming_Sel)
    BusFault_Handler                         0x08001399   Thumb Code     4  stm32h7xx_it.o(i.BusFault_Handler)
    Callback01                               0x0800139d   Thumb Code     2  freertos.o(i.Callback01)
    DebugMon_Handler                         0x0800139f   Thumb Code     2  stm32h7xx_it.o(i.DebugMon_Handler)
    Error_Handler                            0x080013a1   Thumb Code     6  main.o(i.Error_Handler)
    ExitRun0Mode                             0x080013a9   Thumb Code    30  system_stm32h7xx.o(i.ExitRun0Mode)
    Freq                                     0x080013cd   Thumb Code    14  freertos.o(i.Freq)
    Freq_Sel                                 0x080013dd   Thumb Code   314  vas1082.o(i.Freq_Sel)
    HAL_DMA_Abort                            0x080015e5   Thumb Code  1236  stm32h7xx_hal_dma.o(i.HAL_DMA_Abort)
    HAL_DMA_Abort_IT                         0x08001ac1   Thumb Code   906  stm32h7xx_hal_dma.o(i.HAL_DMA_Abort_IT)
    HAL_GPIO_Init                            0x08001e59   Thumb Code   446  stm32h7xx_hal_gpio.o(i.HAL_GPIO_Init)
    HAL_GetTick                              0x08002049   Thumb Code     6  stm32h7xx_hal.o(i.HAL_GetTick)
    HAL_IncTick                              0x08002055   Thumb Code    16  stm32h7xx_hal.o(i.HAL_IncTick)
    HAL_Init                                 0x0800206d   Thumb Code    80  stm32h7xx_hal.o(i.HAL_Init)
    HAL_InitTick                             0x080020cd   Thumb Code   128  stm32h7xx_hal_timebase_tim.o(i.HAL_InitTick)
    HAL_MPU_ConfigRegion                     0x08002161   Thumb Code    86  stm32h7xx_hal_cortex.o(i.HAL_MPU_ConfigRegion)
    HAL_MPU_Disable                          0x080021bd   Thumb Code    38  stm32h7xx_hal_cortex.o(i.HAL_MPU_Disable)
    HAL_MPU_Enable                           0x080021e9   Thumb Code    58  stm32h7xx_hal_cortex.o(i.HAL_MPU_Enable)
    HAL_MspInit                              0x08002229   Thumb Code    42  stm32h7xx_hal_msp.o(i.HAL_MspInit)
    HAL_NVIC_EnableIRQ                       0x08002259   Thumb Code    40  stm32h7xx_hal_cortex.o(i.HAL_NVIC_EnableIRQ)
    HAL_NVIC_SetPriority                     0x08002281   Thumb Code   122  stm32h7xx_hal_cortex.o(i.HAL_NVIC_SetPriority)
    HAL_NVIC_SetPriorityGrouping             0x080022fd   Thumb Code    32  stm32h7xx_hal_cortex.o(i.HAL_NVIC_SetPriorityGrouping)
    HAL_PWREx_ConfigSupply                   0x08002325   Thumb Code    90  stm32h7xx_hal_pwr_ex.o(i.HAL_PWREx_ConfigSupply)
    HAL_RCCEx_GetD3PCLK1Freq                 0x08002385   Thumb Code    26  stm32h7xx_hal_rcc_ex.o(i.HAL_RCCEx_GetD3PCLK1Freq)
    HAL_RCCEx_GetPLL2ClockFreq               0x080023a9   Thumb Code   536  stm32h7xx_hal_rcc_ex.o(i.HAL_RCCEx_GetPLL2ClockFreq)
    HAL_RCCEx_GetPLL3ClockFreq               0x080025d9   Thumb Code   536  stm32h7xx_hal_rcc_ex.o(i.HAL_RCCEx_GetPLL3ClockFreq)
    HAL_RCCEx_PeriphCLKConfig                0x08002809   Thumb Code  3272  stm32h7xx_hal_rcc_ex.o(i.HAL_RCCEx_PeriphCLKConfig)
    HAL_RCC_ClockConfig                      0x080034d1   Thumb Code   774  stm32h7xx_hal_rcc.o(i.HAL_RCC_ClockConfig)
    HAL_RCC_GetClockConfig                   0x080037f1   Thumb Code    98  stm32h7xx_hal_rcc.o(i.HAL_RCC_GetClockConfig)
    HAL_RCC_GetHCLKFreq                      0x0800385d   Thumb Code    60  stm32h7xx_hal_rcc.o(i.HAL_RCC_GetHCLKFreq)
    HAL_RCC_GetPCLK1Freq                     0x080038a9   Thumb Code    26  stm32h7xx_hal_rcc.o(i.HAL_RCC_GetPCLK1Freq)
    HAL_RCC_GetPCLK2Freq                     0x080038cd   Thumb Code    26  stm32h7xx_hal_rcc.o(i.HAL_RCC_GetPCLK2Freq)
    HAL_RCC_GetSysClockFreq                  0x080038f1   Thumb Code   524  stm32h7xx_hal_rcc.o(i.HAL_RCC_GetSysClockFreq)
    HAL_RCC_OscConfig                        0x08003b1d   Thumb Code  1874  stm32h7xx_hal_rcc.o(i.HAL_RCC_OscConfig)
    HAL_TIMEx_Break2Callback                 0x08004279   Thumb Code     2  stm32h7xx_hal_tim_ex.o(i.HAL_TIMEx_Break2Callback)
    HAL_TIMEx_BreakCallback                  0x0800427b   Thumb Code     2  stm32h7xx_hal_tim_ex.o(i.HAL_TIMEx_BreakCallback)
    HAL_TIMEx_CommutCallback                 0x0800427d   Thumb Code     2  stm32h7xx_hal_tim_ex.o(i.HAL_TIMEx_CommutCallback)
    HAL_TIMEx_ConfigBreakDeadTime            0x08004281   Thumb Code   192  stm32h7xx_hal_tim_ex.o(i.HAL_TIMEx_ConfigBreakDeadTime)
    HAL_TIMEx_MasterConfigSynchronization    0x08004349   Thumb Code   190  stm32h7xx_hal_tim_ex.o(i.HAL_TIMEx_MasterConfigSynchronization)
    HAL_TIM_Base_Init                        0x0800442d   Thumb Code   110  stm32h7xx_hal_tim.o(i.HAL_TIM_Base_Init)
    HAL_TIM_Base_MspInit                     0x0800449d   Thumb Code    80  tim.o(i.HAL_TIM_Base_MspInit)
    HAL_TIM_Base_Start                       0x080044f5   Thumb Code   150  stm32h7xx_hal_tim.o(i.HAL_TIM_Base_Start)
    HAL_TIM_Base_Start_IT                    0x080045b5   Thumb Code   162  stm32h7xx_hal_tim.o(i.HAL_TIM_Base_Start_IT)
    HAL_TIM_Base_Stop                        0x08004681   Thumb Code    50  stm32h7xx_hal_tim.o(i.HAL_TIM_Base_Stop)
    HAL_TIM_ConfigClockSource                0x080046b5   Thumb Code   304  stm32h7xx_hal_tim.o(i.HAL_TIM_ConfigClockSource)
    HAL_TIM_IC_CaptureCallback               0x080047e9   Thumb Code     2  stm32h7xx_hal_tim.o(i.HAL_TIM_IC_CaptureCallback)
    HAL_TIM_IRQHandler                       0x080047eb   Thumb Code   408  stm32h7xx_hal_tim.o(i.HAL_TIM_IRQHandler)
    HAL_TIM_MspPostInit                      0x08004985   Thumb Code    82  tim.o(i.HAL_TIM_MspPostInit)
    HAL_TIM_OC_DelayElapsedCallback          0x080049e5   Thumb Code     2  stm32h7xx_hal_tim.o(i.HAL_TIM_OC_DelayElapsedCallback)
    HAL_TIM_PWM_ConfigChannel                0x080049e7   Thumb Code   368  stm32h7xx_hal_tim.o(i.HAL_TIM_PWM_ConfigChannel)
    HAL_TIM_PWM_Init                         0x08004b57   Thumb Code   110  stm32h7xx_hal_tim.o(i.HAL_TIM_PWM_Init)
    HAL_TIM_PWM_MspInit                      0x08004bc5   Thumb Code     2  stm32h7xx_hal_tim.o(i.HAL_TIM_PWM_MspInit)
    HAL_TIM_PWM_PulseFinishedCallback        0x08004bc7   Thumb Code     2  stm32h7xx_hal_tim.o(i.HAL_TIM_PWM_PulseFinishedCallback)
    HAL_TIM_PWM_Start                        0x08004bc9   Thumb Code   330  stm32h7xx_hal_tim.o(i.HAL_TIM_PWM_Start)
    HAL_TIM_PWM_Stop                         0x08004d45   Thumb Code   208  stm32h7xx_hal_tim.o(i.HAL_TIM_PWM_Stop)
    HAL_TIM_PeriodElapsedCallback            0x08004e29   Thumb Code    18  main.o(i.HAL_TIM_PeriodElapsedCallback)
    HAL_TIM_TriggerCallback                  0x08004e41   Thumb Code     2  stm32h7xx_hal_tim.o(i.HAL_TIM_TriggerCallback)
    HAL_UARTEx_DisableFifoMode               0x08004e43   Thumb Code    78  stm32h7xx_hal_uart_ex.o(i.HAL_UARTEx_DisableFifoMode)
    HAL_UARTEx_RxEventCallback               0x08004e91   Thumb Code     2  stm32h7xx_hal_uart.o(i.HAL_UARTEx_RxEventCallback)
    HAL_UARTEx_RxFifoFullCallback            0x08004e93   Thumb Code     2  stm32h7xx_hal_uart_ex.o(i.HAL_UARTEx_RxFifoFullCallback)
    HAL_UARTEx_SetRxFifoThreshold            0x08004e95   Thumb Code    94  stm32h7xx_hal_uart_ex.o(i.HAL_UARTEx_SetRxFifoThreshold)
    HAL_UARTEx_SetTxFifoThreshold            0x08004ef3   Thumb Code    94  stm32h7xx_hal_uart_ex.o(i.HAL_UARTEx_SetTxFifoThreshold)
    HAL_UARTEx_TxFifoEmptyCallback           0x08004f51   Thumb Code     2  stm32h7xx_hal_uart_ex.o(i.HAL_UARTEx_TxFifoEmptyCallback)
    HAL_UARTEx_WakeupCallback                0x08004f53   Thumb Code     2  stm32h7xx_hal_uart_ex.o(i.HAL_UARTEx_WakeupCallback)
    HAL_UART_ErrorCallback                   0x08004f55   Thumb Code     2  stm32h7xx_hal_uart.o(i.HAL_UART_ErrorCallback)
    HAL_UART_IRQHandler                      0x08004f59   Thumb Code  1206  stm32h7xx_hal_uart.o(i.HAL_UART_IRQHandler)
    HAL_UART_Init                            0x0800540f   Thumb Code   120  stm32h7xx_hal_uart.o(i.HAL_UART_Init)
    HAL_UART_MspInit                         0x08005489   Thumb Code   158  usart.o(i.HAL_UART_MspInit)
    HAL_UART_Receive_IT                      0x08005535   Thumb Code    88  stm32h7xx_hal_uart.o(i.HAL_UART_Receive_IT)
    HAL_UART_RxCpltCallback                  0x08005591   Thumb Code   110  usart.o(i.HAL_UART_RxCpltCallback)
    HAL_UART_Transmit                        0x08005625   Thumb Code   194  stm32h7xx_hal_uart.o(i.HAL_UART_Transmit)
    HAL_UART_TxCpltCallback                  0x080056e7   Thumb Code     2  stm32h7xx_hal_uart.o(i.HAL_UART_TxCpltCallback)
    HardFault_Handler                        0x080056e9   Thumb Code     4  stm32h7xx_it.o(i.HardFault_Handler)
    MX_FREERTOS_Init                         0x08005745   Thumb Code   166  freertos.o(i.MX_FREERTOS_Init)
    MX_GPIO_Init                             0x08005865   Thumb Code    58  gpio.o(i.MX_GPIO_Init)
    MX_TIM1_Init                             0x080058a5   Thumb Code   306  tim.o(i.MX_TIM1_Init)
    MX_TIM1_Init_Again                       0x080059e1   Thumb Code   270  tim.o(i.MX_TIM1_Init_Again)
    MX_TIM2_Init                             0x08005af9   Thumb Code   104  tim.o(i.MX_TIM2_Init)
    MX_USART1_UART_Init                      0x08005b65   Thumb Code   124  usart.o(i.MX_USART1_UART_Init)
    MemManage_Handler                        0x08005bed   Thumb Code     4  stm32h7xx_it.o(i.MemManage_Handler)
    NMI_Handler                              0x08005bf1   Thumb Code     4  stm32h7xx_it.o(i.NMI_Handler)
    Other                                    0x08005bf5   Thumb Code    14  freertos.o(i.Other)
    Other_Function                           0x08005c05   Thumb Code    82  vas1082.o(i.Other_Function)
    StartDefaultTask                         0x08005f2d   Thumb Code    32  freertos.o(i.StartDefaultTask)
    SysTick_Handler                          0x08005f5d   Thumb Code    22  cmsis_os2.o(i.SysTick_Handler)
    SystemClock_Config                       0x08005f75   Thumb Code   182  main.o(i.SystemClock_Config)
    SystemInit                               0x08006031   Thumb Code   236  system_stm32h7xx.o(i.SystemInit)
    TIM8_UP_TIM13_IRQHandler                 0x0800613d   Thumb Code    10  stm32h7xx_it.o(i.TIM8_UP_TIM13_IRQHandler)
    TIM_Base_SetConfig                       0x0800614d   Thumb Code   190  stm32h7xx_hal_tim.o(i.TIM_Base_SetConfig)
    TIM_CCxChannelCmd                        0x08006235   Thumb Code    34  stm32h7xx_hal_tim.o(i.TIM_CCxChannelCmd)
    TIM_ETR_SetConfig                        0x08006257   Thumb Code    22  stm32h7xx_hal_tim.o(i.TIM_ETR_SetConfig)
    TIM_OC2_SetConfig                        0x08006331   Thumb Code   156  stm32h7xx_hal_tim.o(i.TIM_OC2_SetConfig)
    UART_AdvFeatureConfig                    0x080066a9   Thumb Code   248  stm32h7xx_hal_uart.o(i.UART_AdvFeatureConfig)
    UART_CheckIdleState                      0x080067a1   Thumb Code   234  stm32h7xx_hal_uart.o(i.UART_CheckIdleState)
    UART_SetConfig                           0x08006f41   Thumb Code  1558  stm32h7xx_hal_uart.o(i.UART_SetConfig)
    UART_Start_Receive_IT                    0x08007569   Thumb Code   332  stm32h7xx_hal_uart.o(i.UART_Start_Receive_IT)
    UART_WaitOnFlagUntilTimeout              0x080076c5   Thumb Code   172  stm32h7xx_hal_uart.o(i.UART_WaitOnFlagUntilTimeout)
    USART1_IRQHandler                        0x08007771   Thumb Code    10  stm32h7xx_it.o(i.USART1_IRQHandler)
    Uart                                     0x08007781   Thumb Code    14  freertos.o(i.Uart)
    Uart_Receive                             0x08007791   Thumb Code   656  vas1082.o(i.Uart_Receive)
    UsageFault_Handler                       0x08007a69   Thumb Code     4  stm32h7xx_it.o(i.UsageFault_Handler)
    __0printf                                0x08007a6d   Thumb Code    22  printfa.o(i.__0printf)
    __1printf                                0x08007a6d   Thumb Code     0  printfa.o(i.__0printf)
    __2printf                                0x08007a6d   Thumb Code     0  printfa.o(i.__0printf)
    __c89printf                              0x08007a6d   Thumb Code     0  printfa.o(i.__0printf)
    printf                                   0x08007a6d   Thumb Code     0  printfa.o(i.__0printf)
    __ARM_fpclassify                         0x08007a8d   Thumb Code    48  fpclassify.o(i.__ARM_fpclassify)
    __hardfp_pow                             0x08007b01   Thumb Code  2140  pow.o(i.__hardfp_pow)
    __kernel_poly                            0x080083f9   Thumb Code   112  poly.o(i.__kernel_poly)
    __mathlib_dbl_divzero                    0x08008469   Thumb Code    14  dunder.o(i.__mathlib_dbl_divzero)
    __mathlib_dbl_infnan2                    0x08008489   Thumb Code     6  dunder.o(i.__mathlib_dbl_infnan2)
    __mathlib_dbl_invalid                    0x08008491   Thumb Code    10  dunder.o(i.__mathlib_dbl_invalid)
    __mathlib_dbl_overflow                   0x080084a9   Thumb Code    10  dunder.o(i.__mathlib_dbl_overflow)
    __mathlib_dbl_underflow                  0x080084c1   Thumb Code    10  dunder.o(i.__mathlib_dbl_underflow)
    __scatterload_copy                       0x080084d9   Thumb Code    14  handlers.o(i.__scatterload_copy)
    __scatterload_null                       0x080084e7   Thumb Code     2  handlers.o(i.__scatterload_null)
    __scatterload_zeroinit                   0x080084e9   Thumb Code    14  handlers.o(i.__scatterload_zeroinit)
    __set_errno                              0x080084f9   Thumb Code     6  errno.o(i.__set_errno)
    delay_us                                 0x08008d91   Thumb Code    40  tim.o(i.delay_us)
    eTaskGetState                            0x08008dbd   Thumb Code   128  tasks.o(i.eTaskGetState)
    fabs                                     0x08008e51   Thumb Code    24  fabs.o(i.fabs)
    fputc                                    0x08008e69   Thumb Code    22  usart.o(i.fputc)
    main                                     0x08008e85   Thumb Code    44  main.o(i.main)
    osDelay                                  0x08008eb1   Thumb Code    30  cmsis_os2.o(i.osDelay)
    osEventFlagsNew                          0x08008ecf   Thumb Code    70  cmsis_os2.o(i.osEventFlagsNew)
    osKernelInitialize                       0x08008f15   Thumb Code    38  cmsis_os2.o(i.osKernelInitialize)
    osKernelStart                            0x08008f41   Thumb Code    82  cmsis_os2.o(i.osKernelStart)
    osMessageQueueGet                        0x08008fa1   Thumb Code   124  cmsis_os2.o(i.osMessageQueueGet)
    osMessageQueueNew                        0x08009021   Thumb Code   154  cmsis_os2.o(i.osMessageQueueNew)
    osMessageQueuePut                        0x080090bd   Thumb Code   128  cmsis_os2.o(i.osMessageQueuePut)
    osMessageQueueReset                      0x08009141   Thumb Code    40  cmsis_os2.o(i.osMessageQueueReset)
    osMutexAcquire                           0x08009169   Thumb Code    98  cmsis_os2.o(i.osMutexAcquire)
    osMutexNew                               0x080091cb   Thumb Code   178  cmsis_os2.o(i.osMutexNew)
    osMutexRelease                           0x0800927d   Thumb Code    78  cmsis_os2.o(i.osMutexRelease)
    osSemaphoreAcquire                       0x080092cd   Thumb Code   104  cmsis_os2.o(i.osSemaphoreAcquire)
    osSemaphoreNew                           0x08009339   Thumb Code   204  cmsis_os2.o(i.osSemaphoreNew)
    osSemaphoreRelease                       0x08009405   Thumb Code    88  cmsis_os2.o(i.osSemaphoreRelease)
    osThreadNew                              0x08009461   Thumb Code   184  cmsis_os2.o(i.osThreadNew)
    osThreadResume                           0x08009519   Thumb Code    38  cmsis_os2.o(i.osThreadResume)
    osThreadSuspend                          0x0800953f   Thumb Code    38  cmsis_os2.o(i.osThreadSuspend)
    osThreadTerminate                        0x08009565   Thumb Code    60  cmsis_os2.o(i.osThreadTerminate)
    osTimerNew                               0x080095a1   Thumb Code   182  cmsis_os2.o(i.osTimerNew)
    pvPortMalloc                             0x0800a165   Thumb Code   306  heap_4.o(i.pvPortMalloc)
    pvTaskIncrementMutexHeldCount            0x0800a2b1   Thumb Code    26  tasks.o(i.pvTaskIncrementMutexHeldCount)
    pvTimerGetTimerID                        0x0800a2d1   Thumb Code    44  timers.o(i.pvTimerGetTimerID)
    pxPortInitialiseStack                    0x0800a2fd   Thumb Code    38  port.o(i.pxPortInitialiseStack)
    sqrt                                     0x0800a329   Thumb Code   106  sqrt.o(i.sqrt)
    uxListRemove                             0x0800a393   Thumb Code    40  list.o(i.uxListRemove)
    vApplicationGetIdleTaskMemory            0x0800a3bd   Thumb Code    14  cmsis_os2.o(i.vApplicationGetIdleTaskMemory)
    vApplicationGetTimerTaskMemory           0x0800a3d5   Thumb Code    16  cmsis_os2.o(i.vApplicationGetTimerTaskMemory)
    vApplicationStackOverflowHook            0x0800a3ed   Thumb Code    16  freertos.o(i.vApplicationStackOverflowHook)
    vListInitialise                          0x0800a40d   Thumb Code    26  list.o(i.vListInitialise)
    vListInitialiseItem                      0x0800a427   Thumb Code     6  list.o(i.vListInitialiseItem)
    vListInsert                              0x0800a42d   Thumb Code    52  list.o(i.vListInsert)
    vListInsertEnd                           0x0800a461   Thumb Code    24  list.o(i.vListInsertEnd)
    vPortEnterCritical                       0x0800a479   Thumb Code    76  port.o(i.vPortEnterCritical)
    vPortExitCritical                        0x0800a4cd   Thumb Code    56  port.o(i.vPortExitCritical)
    vPortFree                                0x0800a509   Thumb Code   150  heap_4.o(i.vPortFree)
    vPortSetupTimerInterrupt                 0x0800a5ad   Thumb Code    36  port.o(i.vPortSetupTimerInterrupt)
    vPortValidateInterruptPriority           0x0800a5d5   Thumb Code   106  port.o(i.vPortValidateInterruptPriority)
    vQueueAddToRegistry                      0x0800a64d   Thumb Code    38  queue.o(i.vQueueAddToRegistry)
    vQueueDelete                             0x0800a679   Thumb Code    50  queue.o(i.vQueueDelete)
    vQueueUnregisterQueue                    0x0800a6ad   Thumb Code    44  queue.o(i.vQueueUnregisterQueue)
    vQueueWaitForMessageRestricted           0x0800a6dd   Thumb Code    74  queue.o(i.vQueueWaitForMessageRestricted)
    vTaskDelay                               0x0800a729   Thumb Code    82  tasks.o(i.vTaskDelay)
    vTaskDelete                              0x0800a785   Thumb Code   168  tasks.o(i.vTaskDelete)
    vTaskInternalSetTimeOutState             0x0800a84d   Thumb Code    14  tasks.o(i.vTaskInternalSetTimeOutState)
    vTaskMissedYield                         0x0800a865   Thumb Code     8  tasks.o(i.vTaskMissedYield)
    vTaskPlaceOnEventList                    0x0800a871   Thumb Code    52  tasks.o(i.vTaskPlaceOnEventList)
    vTaskPlaceOnEventListRestricted          0x0800a8a9   Thumb Code    60  tasks.o(i.vTaskPlaceOnEventListRestricted)
    vTaskPriorityDisinheritAfterTimeout      0x0800a8e9   Thumb Code   194  tasks.o(i.vTaskPriorityDisinheritAfterTimeout)
    vTaskResume                              0x0800a9b9   Thumb Code   126  tasks.o(i.vTaskResume)
    vTaskStartScheduler                      0x0800aa49   Thumb Code   156  tasks.o(i.vTaskStartScheduler)
    vTaskSuspend                             0x0800ab01   Thumb Code   176  tasks.o(i.vTaskSuspend)
    vTaskSuspendAll                          0x0800abc9   Thumb Code    12  tasks.o(i.vTaskSuspendAll)
    vTaskSwitchContext                       0x0800abd9   Thumb Code   178  tasks.o(i.vTaskSwitchContext)
    var_init                                 0x0800aca1   Thumb Code   100  vas1082.o(i.var_init)
    xEventGroupCreate                        0x0800ad29   Thumb Code    30  event_groups.o(i.xEventGroupCreate)
    xEventGroupCreateStatic                  0x0800ad47   Thumb Code    90  event_groups.o(i.xEventGroupCreateStatic)
    xPortStartScheduler                      0x0800ada1   Thumb Code   330  port.o(i.xPortStartScheduler)
    xPortSysTickHandler                      0x0800af09   Thumb Code    46  port.o(i.xPortSysTickHandler)
    xQueueCreateCountingSemaphore            0x0800af3d   Thumb Code    92  queue.o(i.xQueueCreateCountingSemaphore)
    xQueueCreateCountingSemaphoreStatic      0x0800af99   Thumb Code   100  queue.o(i.xQueueCreateCountingSemaphoreStatic)
    xQueueCreateMutex                        0x0800affd   Thumb Code    34  queue.o(i.xQueueCreateMutex)
    xQueueCreateMutexStatic                  0x0800b01f   Thumb Code    42  queue.o(i.xQueueCreateMutexStatic)
    xQueueGenericCreate                      0x0800b049   Thumb Code    90  queue.o(i.xQueueGenericCreate)
    xQueueGenericCreateStatic                0x0800b0a3   Thumb Code   224  queue.o(i.xQueueGenericCreateStatic)
    xQueueGenericReset                       0x0800b185   Thumb Code   146  queue.o(i.xQueueGenericReset)
    xQueueGenericSend                        0x0800b21d   Thumb Code   420  queue.o(i.xQueueGenericSend)
    xQueueGenericSendFromISR                 0x0800b3c5   Thumb Code   252  queue.o(i.xQueueGenericSendFromISR)
    xQueueGiveFromISR                        0x0800b4c1   Thumb Code   224  queue.o(i.xQueueGiveFromISR)
    xQueueGiveMutexRecursive                 0x0800b5a1   Thumb Code    72  queue.o(i.xQueueGiveMutexRecursive)
    xQueueReceive                            0x0800b5e9   Thumb Code   356  queue.o(i.xQueueReceive)
    xQueueReceiveFromISR                     0x0800b751   Thumb Code   202  queue.o(i.xQueueReceiveFromISR)
    xQueueSemaphoreTake                      0x0800b81d   Thumb Code   434  queue.o(i.xQueueSemaphoreTake)
    xQueueTakeMutexRecursive                 0x0800b9d5   Thumb Code    78  queue.o(i.xQueueTakeMutexRecursive)
    xTaskCheckForTimeOut                     0x0800ba25   Thumb Code   132  tasks.o(i.xTaskCheckForTimeOut)
    xTaskCreate                              0x0800bab1   Thumb Code   100  tasks.o(i.xTaskCreate)
    xTaskCreateStatic                        0x0800bb15   Thumb Code   186  tasks.o(i.xTaskCreateStatic)
    xTaskGetCurrentTaskHandle                0x0800bbd1   Thumb Code     6  tasks.o(i.xTaskGetCurrentTaskHandle)
    xTaskGetSchedulerState                   0x0800bbdd   Thumb Code    24  tasks.o(i.xTaskGetSchedulerState)
    xTaskGetTickCount                        0x0800bbfd   Thumb Code     6  tasks.o(i.xTaskGetTickCount)
    xTaskIncrementTick                       0x0800bc09   Thumb Code   280  tasks.o(i.xTaskIncrementTick)
    xTaskPriorityDisinherit                  0x0800bd4d   Thumb Code   152  tasks.o(i.xTaskPriorityDisinherit)
    xTaskPriorityInherit                     0x0800bdf1   Thumb Code   150  tasks.o(i.xTaskPriorityInherit)
    xTaskRemoveFromEventList                 0x0800be95   Thumb Code   126  tasks.o(i.xTaskRemoveFromEventList)
    xTaskResumeAll                           0x0800bf2d   Thumb Code   222  tasks.o(i.xTaskResumeAll)
    xTimerCreate                             0x0800c031   Thumb Code    54  timers.o(i.xTimerCreate)
    xTimerCreateStatic                       0x0800c067   Thumb Code   114  timers.o(i.xTimerCreateStatic)
    xTimerCreateTimerTask                    0x0800c0d9   Thumb Code   100  timers.o(i.xTimerCreateTimerTask)
    xTimerGenericCommand                     0x0800c151   Thumb Code   128  timers.o(i.xTimerGenericCommand)
    defaultTask_attributes                   0x0800c1d4   Data          36  freertos.o(.constdata)
    Task_Freq_attributes                     0x0800c1f8   Data          36  freertos.o(.constdata)
    Task_Aimming_attributes                  0x0800c21c   Data          36  freertos.o(.constdata)
    Task_Uart_attributes                     0x0800c240   Data          36  freertos.o(.constdata)
    Task_Other_attributes                    0x0800c264   Data          36  freertos.o(.constdata)
    UartQueue_attributes                     0x0800c288   Data          24  freertos.o(.constdata)
    myTimer01_attributes                     0x0800c2a0   Data          16  freertos.o(.constdata)
    UartMutexes_attributes                   0x0800c2b0   Data          16  freertos.o(.constdata)
    Freq_Sem_attributes                      0x0800c2c0   Data          16  freertos.o(.constdata)
    Aimming_Sem_attributes                   0x0800c2d0   Data          16  freertos.o(.constdata)
    Uart_Sem_attributes                      0x0800c2e0   Data          16  freertos.o(.constdata)
    Event1_attributes                        0x0800c2f0   Data          16  freertos.o(.constdata)
    UARTPrescTable                           0x0800c300   Data          24  stm32h7xx_hal_uart.o(.constdata)
    D1CorePrescTable                         0x0800c328   Data          16  system_stm32h7xx.o(.constdata)
    __mathlib_zero                           0x0800c3c0   Data           8  qnan.o(.constdata)
    Region$$Table$$Base                      0x0800c458   Number         0  anon$$obj.o(Region$$Table)
    Region$$Table$$Limit                     0x0800c488   Number         0  anon$$obj.o(Region$$Table)
    defaultTaskHandle                        0x24000000   Data           4  freertos.o(.data)
    Task_FreqHandle                          0x24000004   Data           4  freertos.o(.data)
    Task_AimmingHandle                       0x24000008   Data           4  freertos.o(.data)
    Task_UartHandle                          0x2400000c   Data           4  freertos.o(.data)
    Task_OtherHandle                         0x24000010   Data           4  freertos.o(.data)
    UartQueueHandle                          0x24000014   Data           4  freertos.o(.data)
    myTimer01Handle                          0x24000018   Data           4  freertos.o(.data)
    UartMutexesHandle                        0x2400001c   Data           4  freertos.o(.data)
    Freq_SemHandle                           0x24000020   Data           4  freertos.o(.data)
    Aimming_SemHandle                        0x24000024   Data           4  freertos.o(.data)
    Uart_SemHandle                           0x24000028   Data           4  freertos.o(.data)
    Event1Handle                             0x2400002c   Data           4  freertos.o(.data)
    Uart1                                    0x24000030   Data           5  usart.o(.data)
    uwTick                                   0x24000038   Data           4  stm32h7xx_hal.o(.data)
    uwTickPrio                               0x2400003c   Data           4  stm32h7xx_hal.o(.data)
    uwTickFreq                               0x24000040   Data           1  stm32h7xx_hal.o(.data)
    SystemCoreClock                          0x24000044   Data           4  system_stm32h7xx.o(.data)
    SystemD2Clock                            0x24000048   Data           4  system_stm32h7xx.o(.data)
    pxCurrentTCB                             0x2400004c   Data           4  tasks.o(.data)
    currentState                             0x24000100   Data           1  vas1082.o(.data)
    a1                                       0x24000104   Data           4  vas1082.o(.data)
    a2                                       0x24000108   Data           4  vas1082.o(.data)
    a3                                       0x2400010c   Data           4  vas1082.o(.data)
    a4                                       0x24000110   Data           4  vas1082.o(.data)
    __stdout                                 0x24000114   Data           4  stdout.o(.data)
    htim1                                    0x2400011c   Data          76  tim.o(.bss)
    htim2                                    0x24000168   Data          76  tim.o(.bss)
    huart1                                   0x240001b4   Data         148  usart.o(.bss)
    htim8                                    0x24000248   Data          76  stm32h7xx_hal_timebase_tim.o(.bss)
    xQueueRegistry                           0x24000294   Data          64  queue.o(.bss)
    __initial_sp                             0x240013e8   Data           0  startup_stm32h723xx.o(STACK)



==============================================================================

Memory Map of the image

  Image Entry point : 0x080002cd

  Load Region LR_IROM1 (Base: 0x08000000, Size: 0x0000c5a4, Max: 0x00100000, ABSOLUTE)

    Execution Region ER_IROM1 (Exec base: 0x08000000, Load base: 0x08000000, Size: 0x0000c488, Max: 0x00100000, ABSOLUTE)

    Exec Addr    Load Addr    Size         Type   Attr      Idx    E Section Name        Object

    0x08000000   0x08000000   0x000002cc   Data   RO            3    RESET               startup_stm32h723xx.o
    0x080002cc   0x080002cc   0x00000000   Code   RO         6677  * .ARM.Collect$$$$00000000  mc_w.l(entry.o)
    0x080002cc   0x080002cc   0x00000004   Code   RO         6988    .ARM.Collect$$$$00000001  mc_w.l(entry2.o)
    0x080002d0   0x080002d0   0x00000004   Code   RO         6991    .ARM.Collect$$$$00000004  mc_w.l(entry5.o)
    0x080002d4   0x080002d4   0x00000000   Code   RO         6993    .ARM.Collect$$$$00000008  mc_w.l(entry7b.o)
    0x080002d4   0x080002d4   0x00000000   Code   RO         6995    .ARM.Collect$$$$0000000A  mc_w.l(entry8b.o)
    0x080002d4   0x080002d4   0x00000008   Code   RO         6996    .ARM.Collect$$$$0000000B  mc_w.l(entry9a.o)
    0x080002dc   0x080002dc   0x00000004   Code   RO         7003    .ARM.Collect$$$$0000000E  mc_w.l(entry12b.o)
    0x080002e0   0x080002e0   0x00000000   Code   RO         6998    .ARM.Collect$$$$0000000F  mc_w.l(entry10a.o)
    0x080002e0   0x080002e0   0x00000000   Code   RO         7000    .ARM.Collect$$$$00000011  mc_w.l(entry11a.o)
    0x080002e0   0x080002e0   0x00000004   Code   RO         6989    .ARM.Collect$$$$00002712  mc_w.l(entry2.o)
    0x080002e4   0x080002e4   0x000000be   Code   RO         6486    .emb_text           port.o
    0x080003a2   0x080003a2   0x00000002   PAD
    0x080003a4   0x080003a4   0x0000002c   Code   RO            4    .text               startup_stm32h723xx.o
    0x080003d0   0x080003d0   0x00000062   Code   RO         6680    .text               mc_w.l(uldiv.o)
    0x08000432   0x08000432   0x00000024   Code   RO         6682    .text               mc_w.l(memcpya.o)
    0x08000456   0x08000456   0x00000024   Code   RO         6686    .text               mc_w.l(memseta.o)
    0x0800047a   0x0800047a   0x0000002c   Code   RO         7005    .text               mc_w.l(uidiv.o)
    0x080004a6   0x080004a6   0x0000001e   Code   RO         7007    .text               mc_w.l(llshl.o)
    0x080004c4   0x080004c4   0x00000020   Code   RO         7009    .text               mc_w.l(llushr.o)
    0x080004e4   0x080004e4   0x00000000   Code   RO         7018    .text               mc_w.l(iusefp.o)
    0x080004e4   0x080004e4   0x0000014e   Code   RO         7019    .text               mf_w.l(dadd.o)
    0x08000632   0x08000632   0x000000e4   Code   RO         7021    .text               mf_w.l(dmul.o)
    0x08000716   0x08000716   0x000000de   Code   RO         7023    .text               mf_w.l(ddiv.o)
    0x080007f4   0x080007f4   0x0000002e   Code   RO         7025    .text               mf_w.l(dscalb.o)
    0x08000822   0x08000822   0x00000030   Code   RO         7027    .text               mf_w.l(dfixul.o)
    0x08000852   0x08000852   0x00000002   PAD
    0x08000854   0x08000854   0x00000030   Code   RO         7029    .text               mf_w.l(cdrcmple.o)
    0x08000884   0x08000884   0x00000024   Code   RO         7031    .text               mc_w.l(init.o)
    0x080008a8   0x080008a8   0x00000024   Code   RO         7033    .text               mc_w.l(llsshr.o)
    0x080008cc   0x080008cc   0x000000ba   Code   RO         7035    .text               mf_w.l(depilogue.o)
    0x08000986   0x08000986   0x0000000e   Code   RO          256    i.Aimming           freertos.o
    0x08000994   0x08000994   0x00000a04   Code   RO         6566    i.Aimming_Sel       vas1082.o
    0x08001398   0x08001398   0x00000004   Code   RO          495    i.BusFault_Handler  stm32h7xx_it.o
    0x0800139c   0x0800139c   0x00000002   Code   RO          257    i.Callback01        freertos.o
    0x0800139e   0x0800139e   0x00000002   Code   RO          496    i.DebugMon_Handler  stm32h7xx_it.o
    0x080013a0   0x080013a0   0x00000006   Code   RO           13    i.Error_Handler     main.o
    0x080013a6   0x080013a6   0x00000002   PAD
    0x080013a8   0x080013a8   0x00000024   Code   RO         4729    i.ExitRun0Mode      system_stm32h7xx.o
    0x080013cc   0x080013cc   0x0000000e   Code   RO          258    i.Freq              freertos.o
    0x080013da   0x080013da   0x00000002   PAD
    0x080013dc   0x080013dc   0x00000208   Code   RO         6567    i.Freq_Sel          vas1082.o
    0x080015e4   0x080015e4   0x000004dc   Code   RO         2545    i.HAL_DMA_Abort     stm32h7xx_hal_dma.o
    0x08001ac0   0x08001ac0   0x00000398   Code   RO         2546    i.HAL_DMA_Abort_IT  stm32h7xx_hal_dma.o
    0x08001e58   0x08001e58   0x000001f0   Code   RO         2393    i.HAL_GPIO_Init     stm32h7xx_hal_gpio.o
    0x08002048   0x08002048   0x0000000c   Code   RO         3258    i.HAL_GetTick       stm32h7xx_hal.o
    0x08002054   0x08002054   0x00000018   Code   RO         3264    i.HAL_IncTick       stm32h7xx_hal.o
    0x0800206c   0x0800206c   0x00000060   Code   RO         3265    i.HAL_Init          stm32h7xx_hal.o
    0x080020cc   0x080020cc   0x00000094   Code   RO          593    i.HAL_InitTick      stm32h7xx_hal_timebase_tim.o
    0x08002160   0x08002160   0x0000005c   Code   RO         1663    i.HAL_MPU_ConfigRegion  stm32h7xx_hal_cortex.o
    0x080021bc   0x080021bc   0x0000002c   Code   RO         1664    i.HAL_MPU_Disable   stm32h7xx_hal_cortex.o
    0x080021e8   0x080021e8   0x00000040   Code   RO         1666    i.HAL_MPU_Enable    stm32h7xx_hal_cortex.o
    0x08002228   0x08002228   0x00000030   Code   RO          569    i.HAL_MspInit       stm32h7xx_hal_msp.o
    0x08002258   0x08002258   0x00000028   Code   RO         1670    i.HAL_NVIC_EnableIRQ  stm32h7xx_hal_cortex.o
    0x08002280   0x08002280   0x0000007a   Code   RO         1676    i.HAL_NVIC_SetPriority  stm32h7xx_hal_cortex.o
    0x080022fa   0x080022fa   0x00000002   PAD
    0x080022fc   0x080022fc   0x00000028   Code   RO         1677    i.HAL_NVIC_SetPriorityGrouping  stm32h7xx_hal_cortex.o
    0x08002324   0x08002324   0x00000060   Code   RO         2994    i.HAL_PWREx_ConfigSupply  stm32h7xx_hal_pwr_ex.o
    0x08002384   0x08002384   0x00000024   Code   RO         1936    i.HAL_RCCEx_GetD3PCLK1Freq  stm32h7xx_hal_rcc_ex.o
    0x080023a8   0x080023a8   0x00000230   Code   RO         1938    i.HAL_RCCEx_GetPLL2ClockFreq  stm32h7xx_hal_rcc_ex.o
    0x080025d8   0x080025d8   0x00000230   Code   RO         1939    i.HAL_RCCEx_GetPLL3ClockFreq  stm32h7xx_hal_rcc_ex.o
    0x08002808   0x08002808   0x00000cc8   Code   RO         1945    i.HAL_RCCEx_PeriphCLKConfig  stm32h7xx_hal_rcc_ex.o
    0x080034d0   0x080034d0   0x00000320   Code   RO         1821    i.HAL_RCC_ClockConfig  stm32h7xx_hal_rcc.o
    0x080037f0   0x080037f0   0x0000006c   Code   RO         1825    i.HAL_RCC_GetClockConfig  stm32h7xx_hal_rcc.o
    0x0800385c   0x0800385c   0x0000004c   Code   RO         1826    i.HAL_RCC_GetHCLKFreq  stm32h7xx_hal_rcc.o
    0x080038a8   0x080038a8   0x00000024   Code   RO         1828    i.HAL_RCC_GetPCLK1Freq  stm32h7xx_hal_rcc.o
    0x080038cc   0x080038cc   0x00000024   Code   RO         1829    i.HAL_RCC_GetPCLK2Freq  stm32h7xx_hal_rcc.o
    0x080038f0   0x080038f0   0x0000022c   Code   RO         1830    i.HAL_RCC_GetSysClockFreq  stm32h7xx_hal_rcc.o
    0x08003b1c   0x08003b1c   0x0000075c   Code   RO         1833    i.HAL_RCC_OscConfig  stm32h7xx_hal_rcc.o
    0x08004278   0x08004278   0x00000002   Code   RO         1359    i.HAL_TIMEx_Break2Callback  stm32h7xx_hal_tim_ex.o
    0x0800427a   0x0800427a   0x00000002   Code   RO         1360    i.HAL_TIMEx_BreakCallback  stm32h7xx_hal_tim_ex.o
    0x0800427c   0x0800427c   0x00000002   Code   RO         1361    i.HAL_TIMEx_CommutCallback  stm32h7xx_hal_tim_ex.o
    0x0800427e   0x0800427e   0x00000002   PAD
    0x08004280   0x08004280   0x000000c8   Code   RO         1363    i.HAL_TIMEx_ConfigBreakDeadTime  stm32h7xx_hal_tim_ex.o
    0x08004348   0x08004348   0x000000e4   Code   RO         1382    i.HAL_TIMEx_MasterConfigSynchronization  stm32h7xx_hal_tim_ex.o
    0x0800442c   0x0800442c   0x0000006e   Code   RO          634    i.HAL_TIM_Base_Init  stm32h7xx_hal_tim.o
    0x0800449a   0x0800449a   0x00000002   PAD
    0x0800449c   0x0800449c   0x00000058   Code   RO          370    i.HAL_TIM_Base_MspInit  tim.o
    0x080044f4   0x080044f4   0x000000c0   Code   RO          637    i.HAL_TIM_Base_Start  stm32h7xx_hal_tim.o
    0x080045b4   0x080045b4   0x000000cc   Code   RO          639    i.HAL_TIM_Base_Start_IT  stm32h7xx_hal_tim.o
    0x08004680   0x08004680   0x00000032   Code   RO          640    i.HAL_TIM_Base_Stop  stm32h7xx_hal_tim.o
    0x080046b2   0x080046b2   0x00000002   PAD
    0x080046b4   0x080046b4   0x00000134   Code   RO          643    i.HAL_TIM_ConfigClockSource  stm32h7xx_hal_tim.o
    0x080047e8   0x080047e8   0x00000002   Code   RO          668    i.HAL_TIM_IC_CaptureCallback  stm32h7xx_hal_tim.o
    0x080047ea   0x080047ea   0x00000198   Code   RO          682    i.HAL_TIM_IRQHandler  stm32h7xx_hal_tim.o
    0x08004982   0x08004982   0x00000002   PAD
    0x08004984   0x08004984   0x00000060   Code   RO          371    i.HAL_TIM_MspPostInit  tim.o
    0x080049e4   0x080049e4   0x00000002   Code   RO          685    i.HAL_TIM_OC_DelayElapsedCallback  stm32h7xx_hal_tim.o
    0x080049e6   0x080049e6   0x00000170   Code   RO          706    i.HAL_TIM_PWM_ConfigChannel  stm32h7xx_hal_tim.o
    0x08004b56   0x08004b56   0x0000006e   Code   RO          709    i.HAL_TIM_PWM_Init  stm32h7xx_hal_tim.o
    0x08004bc4   0x08004bc4   0x00000002   Code   RO          711    i.HAL_TIM_PWM_MspInit  stm32h7xx_hal_tim.o
    0x08004bc6   0x08004bc6   0x00000002   Code   RO          712    i.HAL_TIM_PWM_PulseFinishedCallback  stm32h7xx_hal_tim.o
    0x08004bc8   0x08004bc8   0x0000017c   Code   RO          714    i.HAL_TIM_PWM_Start  stm32h7xx_hal_tim.o
    0x08004d44   0x08004d44   0x000000e4   Code   RO          717    i.HAL_TIM_PWM_Stop  stm32h7xx_hal_tim.o
    0x08004e28   0x08004e28   0x00000018   Code   RO           14    i.HAL_TIM_PeriodElapsedCallback  main.o
    0x08004e40   0x08004e40   0x00000002   Code   RO          725    i.HAL_TIM_TriggerCallback  stm32h7xx_hal_tim.o
    0x08004e42   0x08004e42   0x0000004e   Code   RO         4606    i.HAL_UARTEx_DisableFifoMode  stm32h7xx_hal_uart_ex.o
    0x08004e90   0x08004e90   0x00000002   Code   RO         4190    i.HAL_UARTEx_RxEventCallback  stm32h7xx_hal_uart.o
    0x08004e92   0x08004e92   0x00000002   Code   RO         4614    i.HAL_UARTEx_RxFifoFullCallback  stm32h7xx_hal_uart_ex.o
    0x08004e94   0x08004e94   0x0000005e   Code   RO         4615    i.HAL_UARTEx_SetRxFifoThreshold  stm32h7xx_hal_uart_ex.o
    0x08004ef2   0x08004ef2   0x0000005e   Code   RO         4616    i.HAL_UARTEx_SetTxFifoThreshold  stm32h7xx_hal_uart_ex.o
    0x08004f50   0x08004f50   0x00000002   Code   RO         4618    i.HAL_UARTEx_TxFifoEmptyCallback  stm32h7xx_hal_uart_ex.o
    0x08004f52   0x08004f52   0x00000002   Code   RO         4619    i.HAL_UARTEx_WakeupCallback  stm32h7xx_hal_uart_ex.o
    0x08004f54   0x08004f54   0x00000002   Code   RO         4206    i.HAL_UART_ErrorCallback  stm32h7xx_hal_uart.o
    0x08004f56   0x08004f56   0x00000002   PAD
    0x08004f58   0x08004f58   0x000004b6   Code   RO         4209    i.HAL_UART_IRQHandler  stm32h7xx_hal_uart.o
    0x0800540e   0x0800540e   0x00000078   Code   RO         4210    i.HAL_UART_Init     stm32h7xx_hal_uart.o
    0x08005486   0x08005486   0x00000002   PAD
    0x08005488   0x08005488   0x000000ac   Code   RO          436    i.HAL_UART_MspInit  usart.o
    0x08005534   0x08005534   0x0000005c   Code   RO         4215    i.HAL_UART_Receive_IT  stm32h7xx_hal_uart.o
    0x08005590   0x08005590   0x00000094   Code   RO          437    i.HAL_UART_RxCpltCallback  usart.o
    0x08005624   0x08005624   0x000000c2   Code   RO         4219    i.HAL_UART_Transmit  stm32h7xx_hal_uart.o
    0x080056e6   0x080056e6   0x00000002   Code   RO         4222    i.HAL_UART_TxCpltCallback  stm32h7xx_hal_uart.o
    0x080056e8   0x080056e8   0x00000004   Code   RO          497    i.HardFault_Handler  stm32h7xx_it.o
    0x080056ec   0x080056ec   0x00000056   Code   RO           15    i.MPU_Config        main.o
    0x08005742   0x08005742   0x00000002   PAD
    0x08005744   0x08005744   0x00000120   Code   RO          259    i.MX_FREERTOS_Init  freertos.o
    0x08005864   0x08005864   0x00000040   Code   RO          232    i.MX_GPIO_Init      gpio.o
    0x080058a4   0x080058a4   0x0000013c   Code   RO          372    i.MX_TIM1_Init      tim.o
    0x080059e0   0x080059e0   0x00000118   Code   RO          373    i.MX_TIM1_Init_Again  tim.o
    0x08005af8   0x08005af8   0x0000006c   Code   RO          374    i.MX_TIM2_Init      tim.o
    0x08005b64   0x08005b64   0x00000088   Code   RO          438    i.MX_USART1_UART_Init  usart.o
    0x08005bec   0x08005bec   0x00000004   Code   RO          498    i.MemManage_Handler  stm32h7xx_it.o
    0x08005bf0   0x08005bf0   0x00000004   Code   RO          499    i.NMI_Handler       stm32h7xx_it.o
    0x08005bf4   0x08005bf4   0x0000000e   Code   RO          260    i.Other             freertos.o
    0x08005c02   0x08005c02   0x00000002   PAD
    0x08005c04   0x08005c04   0x00000060   Code   RO         6568    i.Other_Function    vas1082.o
    0x08005c64   0x08005c64   0x00000164   Code   RO         1948    i.RCCEx_PLL2_Config  stm32h7xx_hal_rcc_ex.o
    0x08005dc8   0x08005dc8   0x00000164   Code   RO         1949    i.RCCEx_PLL3_Config  stm32h7xx_hal_rcc_ex.o
    0x08005f2c   0x08005f2c   0x00000030   Code   RO          261    i.StartDefaultTask  freertos.o
    0x08005f5c   0x08005f5c   0x00000016   Code   RO         5910    i.SysTick_Handler   cmsis_os2.o
    0x08005f72   0x08005f72   0x00000002   PAD
    0x08005f74   0x08005f74   0x000000bc   Code   RO           16    i.SystemClock_Config  main.o
    0x08006030   0x08006030   0x0000010c   Code   RO         4731    i.SystemInit        system_stm32h7xx.o
    0x0800613c   0x0800613c   0x00000010   Code   RO          500    i.TIM8_UP_TIM13_IRQHandler  stm32h7xx_it.o
    0x0800614c   0x0800614c   0x000000e8   Code   RO          727    i.TIM_Base_SetConfig  stm32h7xx_hal_tim.o
    0x08006234   0x08006234   0x00000022   Code   RO          728    i.TIM_CCxChannelCmd  stm32h7xx_hal_tim.o
    0x08006256   0x08006256   0x00000016   Code   RO          738    i.TIM_ETR_SetConfig  stm32h7xx_hal_tim.o
    0x0800626c   0x0800626c   0x00000018   Code   RO          739    i.TIM_ITRx_SetConfig  stm32h7xx_hal_tim.o
    0x08006284   0x08006284   0x000000ac   Code   RO          740    i.TIM_OC1_SetConfig  stm32h7xx_hal_tim.o
    0x08006330   0x08006330   0x000000b4   Code   RO          741    i.TIM_OC2_SetConfig  stm32h7xx_hal_tim.o
    0x080063e4   0x080063e4   0x000000b4   Code   RO          742    i.TIM_OC3_SetConfig  stm32h7xx_hal_tim.o
    0x08006498   0x08006498   0x00000074   Code   RO          743    i.TIM_OC4_SetConfig  stm32h7xx_hal_tim.o
    0x0800650c   0x0800650c   0x00000070   Code   RO          744    i.TIM_OC5_SetConfig  stm32h7xx_hal_tim.o
    0x0800657c   0x0800657c   0x00000070   Code   RO          745    i.TIM_OC6_SetConfig  stm32h7xx_hal_tim.o
    0x080065ec   0x080065ec   0x00000026   Code   RO          747    i.TIM_TI1_ConfigInputStage  stm32h7xx_hal_tim.o
    0x08006612   0x08006612   0x00000028   Code   RO          749    i.TIM_TI2_ConfigInputStage  stm32h7xx_hal_tim.o
    0x0800663a   0x0800663a   0x00000016   Code   RO         5911    i.TimerCallback     cmsis_os2.o
    0x08006650   0x08006650   0x00000058   Code   RO         4620    i.UARTEx_SetNbDataToProcess  stm32h7xx_hal_uart_ex.o
    0x080066a8   0x080066a8   0x000000f8   Code   RO         4224    i.UART_AdvFeatureConfig  stm32h7xx_hal_uart.o
    0x080067a0   0x080067a0   0x000000ea   Code   RO         4225    i.UART_CheckIdleState  stm32h7xx_hal_uart.o
    0x0800688a   0x0800688a   0x00000014   Code   RO         4226    i.UART_DMAAbortOnError  stm32h7xx_hal_uart.o
    0x0800689e   0x0800689e   0x00000002   PAD
    0x080068a0   0x080068a0   0x0000006c   Code   RO         4236    i.UART_EndRxTransfer  stm32h7xx_hal_uart.o
    0x0800690c   0x0800690c   0x00000030   Code   RO         4237    i.UART_EndTransmit_IT  stm32h7xx_hal_uart.o
    0x0800693c   0x0800693c   0x00000104   Code   RO         4239    i.UART_RxISR_16BIT  stm32h7xx_hal_uart.o
    0x08006a40   0x08006a40   0x00000200   Code   RO         4240    i.UART_RxISR_16BIT_FIFOEN  stm32h7xx_hal_uart.o
    0x08006c40   0x08006c40   0x00000104   Code   RO         4241    i.UART_RxISR_8BIT   stm32h7xx_hal_uart.o
    0x08006d44   0x08006d44   0x000001fc   Code   RO         4242    i.UART_RxISR_8BIT_FIFOEN  stm32h7xx_hal_uart.o
    0x08006f40   0x08006f40   0x00000628   Code   RO         4243    i.UART_SetConfig    stm32h7xx_hal_uart.o
    0x08007568   0x08007568   0x0000015c   Code   RO         4245    i.UART_Start_Receive_IT  stm32h7xx_hal_uart.o
    0x080076c4   0x080076c4   0x000000ac   Code   RO         4250    i.UART_WaitOnFlagUntilTimeout  stm32h7xx_hal_uart.o
    0x08007770   0x08007770   0x00000010   Code   RO          501    i.USART1_IRQHandler  stm32h7xx_it.o
    0x08007780   0x08007780   0x0000000e   Code   RO          262    i.Uart              freertos.o
    0x0800778e   0x0800778e   0x00000002   PAD
    0x08007790   0x08007790   0x000002d8   Code   RO         6569    i.Uart_Receive      vas1082.o
    0x08007a68   0x08007a68   0x00000004   Code   RO          502    i.UsageFault_Handler  stm32h7xx_it.o
    0x08007a6c   0x08007a6c   0x00000020   Code   RO         6923    i.__0printf         mc_w.l(printfa.o)
    0x08007a8c   0x08007a8c   0x00000030   Code   RO         6971    i.__ARM_fpclassify  m_wv.l(fpclassify.o)
    0x08007abc   0x08007abc   0x00000010   Code   RO         1683    i.__NVIC_GetPriorityGrouping  stm32h7xx_hal_cortex.o
    0x08007acc   0x08007acc   0x00000028   Code   RO         1684    i.__NVIC_SetPriority  stm32h7xx_hal_cortex.o
    0x08007af4   0x08007af4   0x00000006   Code   RO         5912    i.__get_IPSR        cmsis_os2.o
    0x08007afa   0x08007afa   0x00000006   PAD
    0x08007b00   0x08007b00   0x000008f8   Code   RO         6663    i.__hardfp_pow      m_wv.l(pow.o)
    0x080083f8   0x080083f8   0x00000070   Code   RO         6973    i.__kernel_poly     m_wv.l(poly.o)
    0x08008468   0x08008468   0x00000020   Code   RO         6951    i.__mathlib_dbl_divzero  m_wv.l(dunder.o)
    0x08008488   0x08008488   0x00000006   Code   RO         6953    i.__mathlib_dbl_infnan2  m_wv.l(dunder.o)
    0x0800848e   0x0800848e   0x00000002   PAD
    0x08008490   0x08008490   0x00000018   Code   RO         6954    i.__mathlib_dbl_invalid  m_wv.l(dunder.o)
    0x080084a8   0x080084a8   0x00000018   Code   RO         6955    i.__mathlib_dbl_overflow  m_wv.l(dunder.o)
    0x080084c0   0x080084c0   0x00000018   Code   RO         6957    i.__mathlib_dbl_underflow  m_wv.l(dunder.o)
    0x080084d8   0x080084d8   0x0000000e   Code   RO         7039    i.__scatterload_copy  mc_w.l(handlers.o)
    0x080084e6   0x080084e6   0x00000002   Code   RO         7040    i.__scatterload_null  mc_w.l(handlers.o)
    0x080084e8   0x080084e8   0x0000000e   Code   RO         7041    i.__scatterload_zeroinit  mc_w.l(handlers.o)
    0x080084f6   0x080084f6   0x00000002   PAD
    0x080084f8   0x080084f8   0x0000000c   Code   RO         7013    i.__set_errno       mc_w.l(errno.o)
    0x08008504   0x08008504   0x00000184   Code   RO         6930    i._fp_digits        mc_w.l(printfa.o)
    0x08008688   0x08008688   0x000006b4   Code   RO         6931    i._printf_core      mc_w.l(printfa.o)
    0x08008d3c   0x08008d3c   0x00000024   Code   RO         6932    i._printf_post_padding  mc_w.l(printfa.o)
    0x08008d60   0x08008d60   0x0000002e   Code   RO         6933    i._printf_pre_padding  mc_w.l(printfa.o)
    0x08008d8e   0x08008d8e   0x00000002   PAD
    0x08008d90   0x08008d90   0x0000002c   Code   RO          375    i.delay_us          tim.o
    0x08008dbc   0x08008dbc   0x00000094   Code   RO         5348    i.eTaskGetState     tasks.o
    0x08008e50   0x08008e50   0x00000018   Code   RO         6967    i.fabs              m_wv.l(fabs.o)
    0x08008e68   0x08008e68   0x0000001c   Code   RO          439    i.fputc             usart.o
    0x08008e84   0x08008e84   0x0000002c   Code   RO           17    i.main              main.o
    0x08008eb0   0x08008eb0   0x0000001e   Code   RO         5913    i.osDelay           cmsis_os2.o
    0x08008ece   0x08008ece   0x00000046   Code   RO         5918    i.osEventFlagsNew   cmsis_os2.o
    0x08008f14   0x08008f14   0x0000002c   Code   RO         5927    i.osKernelInitialize  cmsis_os2.o
    0x08008f40   0x08008f40   0x00000060   Code   RO         5930    i.osKernelStart     cmsis_os2.o
    0x08008fa0   0x08008fa0   0x00000080   Code   RO         5942    i.osMessageQueueGet  cmsis_os2.o
    0x08009020   0x08009020   0x0000009a   Code   RO         5947    i.osMessageQueueNew  cmsis_os2.o
    0x080090ba   0x080090ba   0x00000002   PAD
    0x080090bc   0x080090bc   0x00000084   Code   RO         5948    i.osMessageQueuePut  cmsis_os2.o
    0x08009140   0x08009140   0x00000028   Code   RO         5949    i.osMessageQueueReset  cmsis_os2.o
    0x08009168   0x08009168   0x00000062   Code   RO         5950    i.osMutexAcquire    cmsis_os2.o
    0x080091ca   0x080091ca   0x000000b2   Code   RO         5953    i.osMutexNew        cmsis_os2.o
    0x0800927c   0x0800927c   0x0000004e   Code   RO         5954    i.osMutexRelease    cmsis_os2.o
    0x080092ca   0x080092ca   0x00000002   PAD
    0x080092cc   0x080092cc   0x0000006c   Code   RO         5955    i.osSemaphoreAcquire  cmsis_os2.o
    0x08009338   0x08009338   0x000000cc   Code   RO         5958    i.osSemaphoreNew    cmsis_os2.o
    0x08009404   0x08009404   0x0000005c   Code   RO         5959    i.osSemaphoreRelease  cmsis_os2.o
    0x08009460   0x08009460   0x000000b8   Code   RO         5972    i.osThreadNew       cmsis_os2.o
    0x08009518   0x08009518   0x00000026   Code   RO         5973    i.osThreadResume    cmsis_os2.o
    0x0800953e   0x0800953e   0x00000026   Code   RO         5975    i.osThreadSuspend   cmsis_os2.o
    0x08009564   0x08009564   0x0000003c   Code   RO         5976    i.osThreadTerminate  cmsis_os2.o
    0x080095a0   0x080095a0   0x000000bc   Code   RO         5981    i.osTimerNew        cmsis_os2.o
    0x0800965c   0x0800965c   0x0000007c   Code   RO         5350    i.prvAddCurrentTaskToDelayedList  tasks.o
    0x080096d8   0x080096d8   0x000000b8   Code   RO         5351    i.prvAddNewTaskToReadyList  tasks.o
    0x08009790   0x08009790   0x00000074   Code   RO         5726    i.prvCheckForValidListAndQueue  timers.o
    0x08009804   0x08009804   0x00000048   Code   RO         5352    i.prvCheckTasksWaitingTermination  tasks.o
    0x0800984c   0x0800984c   0x0000002a   Code   RO         4937    i.prvCopyDataFromQueue  queue.o
    0x08009876   0x08009876   0x0000007e   Code   RO         4938    i.prvCopyDataToQueue  queue.o
    0x080098f4   0x080098f4   0x00000050   Code   RO         5353    i.prvDeleteTCB      tasks.o
    0x08009944   0x08009944   0x00000014   Code   RO         4939    i.prvGetDisinheritPriorityAfterTimeout  queue.o
    0x08009958   0x08009958   0x00000028   Code   RO         5727    i.prvGetNextExpireTime  timers.o
    0x08009980   0x08009980   0x0000007c   Code   RO         6431    i.prvHeapInit       heap_4.o
    0x080099fc   0x080099fc   0x00000028   Code   RO         5354    i.prvIdleTask       tasks.o
    0x08009a24   0x08009a24   0x0000001e   Code   RO         4940    i.prvInitialiseMutex  queue.o
    0x08009a42   0x08009a42   0x0000002a   Code   RO         4941    i.prvInitialiseNewQueue  queue.o
    0x08009a6c   0x08009a6c   0x000000be   Code   RO         5355    i.prvInitialiseNewTask  tasks.o
    0x08009b2a   0x08009b2a   0x0000005a   Code   RO         5728    i.prvInitialiseNewTimer  timers.o
    0x08009b84   0x08009b84   0x00000068   Code   RO         5356    i.prvInitialiseTaskLists  tasks.o
    0x08009bec   0x08009bec   0x00000068   Code   RO         6432    i.prvInsertBlockIntoFreeList  heap_4.o
    0x08009c54   0x08009c54   0x00000058   Code   RO         5729    i.prvInsertTimerInActiveList  timers.o
    0x08009cac   0x08009cac   0x0000001a   Code   RO         4942    i.prvIsQueueEmpty   queue.o
    0x08009cc6   0x08009cc6   0x0000001e   Code   RO         4943    i.prvIsQueueFull    queue.o
    0x08009ce4   0x08009ce4   0x00000074   Code   RO         5730    i.prvProcessExpiredTimer  timers.o
    0x08009d58   0x08009d58   0x00000164   Code   RO         5731    i.prvProcessReceivedCommands  timers.o
    0x08009ebc   0x08009ebc   0x00000074   Code   RO         5732    i.prvProcessTimerOrBlockTask  timers.o
    0x08009f30   0x08009f30   0x00000034   Code   RO         5358    i.prvResetNextTaskUnblockTime  tasks.o
    0x08009f64   0x08009f64   0x0000002c   Code   RO         5733    i.prvSampleTimeNow  timers.o
    0x08009f90   0x08009f90   0x000000a4   Code   RO         5734    i.prvSwitchTimerLists  timers.o
    0x0800a034   0x0800a034   0x00000040   Code   RO         6487    i.prvTaskExitError  port.o
    0x0800a074   0x0800a074   0x00000058   Code   RO         5360    i.prvTaskIsTaskSuspended  tasks.o
    0x0800a0cc   0x0800a0cc   0x0000001a   Code   RO         5735    i.prvTimerTask      timers.o
    0x0800a0e6   0x0800a0e6   0x0000007e   Code   RO         4944    i.prvUnlockQueue    queue.o
    0x0800a164   0x0800a164   0x0000014c   Code   RO         6433    i.pvPortMalloc      heap_4.o
    0x0800a2b0   0x0800a2b0   0x00000020   Code   RO         5361    i.pvTaskIncrementMutexHeldCount  tasks.o
    0x0800a2d0   0x0800a2d0   0x0000002c   Code   RO         5736    i.pvTimerGetTimerID  timers.o
    0x0800a2fc   0x0800a2fc   0x0000002c   Code   RO         6488    i.pxPortInitialiseStack  port.o
    0x0800a328   0x0800a328   0x0000006a   Code   RO         6978    i.sqrt              m_wv.l(sqrt.o)
    0x0800a392   0x0800a392   0x00000028   Code   RO         4897    i.uxListRemove      list.o
    0x0800a3ba   0x0800a3ba   0x00000002   PAD
    0x0800a3bc   0x0800a3bc   0x00000018   Code   RO         5984    i.vApplicationGetIdleTaskMemory  cmsis_os2.o
    0x0800a3d4   0x0800a3d4   0x00000018   Code   RO         5985    i.vApplicationGetTimerTaskMemory  cmsis_os2.o
    0x0800a3ec   0x0800a3ec   0x00000020   Code   RO          263    i.vApplicationStackOverflowHook  freertos.o
    0x0800a40c   0x0800a40c   0x0000001a   Code   RO         4898    i.vListInitialise   list.o
    0x0800a426   0x0800a426   0x00000006   Code   RO         4899    i.vListInitialiseItem  list.o
    0x0800a42c   0x0800a42c   0x00000034   Code   RO         4900    i.vListInsert       list.o
    0x0800a460   0x0800a460   0x00000018   Code   RO         4901    i.vListInsertEnd    list.o
    0x0800a478   0x0800a478   0x00000054   Code   RO         6490    i.vPortEnterCritical  port.o
    0x0800a4cc   0x0800a4cc   0x0000003c   Code   RO         6491    i.vPortExitCritical  port.o
    0x0800a508   0x0800a508   0x000000a4   Code   RO         6434    i.vPortFree         heap_4.o
    0x0800a5ac   0x0800a5ac   0x00000028   Code   RO         6492    i.vPortSetupTimerInterrupt  port.o
    0x0800a5d4   0x0800a5d4   0x00000078   Code   RO         6493    i.vPortValidateInterruptPriority  port.o
    0x0800a64c   0x0800a64c   0x0000002c   Code   RO         4950    i.vQueueAddToRegistry  queue.o
    0x0800a678   0x0800a678   0x00000032   Code   RO         4951    i.vQueueDelete      queue.o
    0x0800a6aa   0x0800a6aa   0x00000002   PAD
    0x0800a6ac   0x0800a6ac   0x00000030   Code   RO         4953    i.vQueueUnregisterQueue  queue.o
    0x0800a6dc   0x0800a6dc   0x0000004a   Code   RO         4954    i.vQueueWaitForMessageRestricted  queue.o
    0x0800a726   0x0800a726   0x00000002   PAD
    0x0800a728   0x0800a728   0x0000005c   Code   RO         5371    i.vTaskDelay        tasks.o
    0x0800a784   0x0800a784   0x000000c8   Code   RO         5373    i.vTaskDelete       tasks.o
    0x0800a84c   0x0800a84c   0x00000018   Code   RO         5376    i.vTaskInternalSetTimeOutState  tasks.o
    0x0800a864   0x0800a864   0x0000000c   Code   RO         5377    i.vTaskMissedYield  tasks.o
    0x0800a870   0x0800a870   0x00000038   Code   RO         5379    i.vTaskPlaceOnEventList  tasks.o
    0x0800a8a8   0x0800a8a8   0x00000040   Code   RO         5380    i.vTaskPlaceOnEventListRestricted  tasks.o
    0x0800a8e8   0x0800a8e8   0x000000d0   Code   RO         5382    i.vTaskPriorityDisinheritAfterTimeout  tasks.o
    0x0800a9b8   0x0800a9b8   0x00000090   Code   RO         5385    i.vTaskResume       tasks.o
    0x0800aa48   0x0800aa48   0x000000b8   Code   RO         5388    i.vTaskStartScheduler  tasks.o
    0x0800ab00   0x0800ab00   0x000000c8   Code   RO         5389    i.vTaskSuspend      tasks.o
    0x0800abc8   0x0800abc8   0x00000010   Code   RO         5390    i.vTaskSuspendAll   tasks.o
    0x0800abd8   0x0800abd8   0x000000c8   Code   RO         5391    i.vTaskSwitchContext  tasks.o
    0x0800aca0   0x0800aca0   0x00000088   Code   RO         6570    i.var_init          vas1082.o
    0x0800ad28   0x0800ad28   0x0000001e   Code   RO         4786    i.xEventGroupCreate  event_groups.o
    0x0800ad46   0x0800ad46   0x0000005a   Code   RO         4787    i.xEventGroupCreateStatic  event_groups.o
    0x0800ada0   0x0800ada0   0x00000168   Code   RO         6494    i.xPortStartScheduler  port.o
    0x0800af08   0x0800af08   0x00000034   Code   RO         6495    i.xPortSysTickHandler  port.o
    0x0800af3c   0x0800af3c   0x0000005c   Code   RO         4955    i.xQueueCreateCountingSemaphore  queue.o
    0x0800af98   0x0800af98   0x00000064   Code   RO         4956    i.xQueueCreateCountingSemaphoreStatic  queue.o
    0x0800affc   0x0800affc   0x00000022   Code   RO         4957    i.xQueueCreateMutex  queue.o
    0x0800b01e   0x0800b01e   0x0000002a   Code   RO         4958    i.xQueueCreateMutexStatic  queue.o
    0x0800b048   0x0800b048   0x0000005a   Code   RO         4959    i.xQueueGenericCreate  queue.o
    0x0800b0a2   0x0800b0a2   0x000000e0   Code   RO         4960    i.xQueueGenericCreateStatic  queue.o
    0x0800b182   0x0800b182   0x00000002   PAD
    0x0800b184   0x0800b184   0x00000098   Code   RO         4961    i.xQueueGenericReset  queue.o
    0x0800b21c   0x0800b21c   0x000001a8   Code   RO         4962    i.xQueueGenericSend  queue.o
    0x0800b3c4   0x0800b3c4   0x000000fc   Code   RO         4963    i.xQueueGenericSendFromISR  queue.o
    0x0800b4c0   0x0800b4c0   0x000000e0   Code   RO         4966    i.xQueueGiveFromISR  queue.o
    0x0800b5a0   0x0800b5a0   0x00000048   Code   RO         4967    i.xQueueGiveMutexRecursive  queue.o
    0x0800b5e8   0x0800b5e8   0x00000168   Code   RO         4972    i.xQueueReceive     queue.o
    0x0800b750   0x0800b750   0x000000ca   Code   RO         4973    i.xQueueReceiveFromISR  queue.o
    0x0800b81a   0x0800b81a   0x00000002   PAD
    0x0800b81c   0x0800b81c   0x000001b8   Code   RO         4974    i.xQueueSemaphoreTake  queue.o
    0x0800b9d4   0x0800b9d4   0x0000004e   Code   RO         4975    i.xQueueTakeMutexRecursive  queue.o
    0x0800ba22   0x0800ba22   0x00000002   PAD
    0x0800ba24   0x0800ba24   0x0000008c   Code   RO         5393    i.xTaskCheckForTimeOut  tasks.o
    0x0800bab0   0x0800bab0   0x00000064   Code   RO         5394    i.xTaskCreate       tasks.o
    0x0800bb14   0x0800bb14   0x000000ba   Code   RO         5395    i.xTaskCreateStatic  tasks.o
    0x0800bbce   0x0800bbce   0x00000002   PAD
    0x0800bbd0   0x0800bbd0   0x0000000c   Code   RO         5398    i.xTaskGetCurrentTaskHandle  tasks.o
    0x0800bbdc   0x0800bbdc   0x00000020   Code   RO         5399    i.xTaskGetSchedulerState  tasks.o
    0x0800bbfc   0x0800bbfc   0x0000000c   Code   RO         5400    i.xTaskGetTickCount  tasks.o
    0x0800bc08   0x0800bc08   0x00000144   Code   RO         5402    i.xTaskIncrementTick  tasks.o
    0x0800bd4c   0x0800bd4c   0x000000a4   Code   RO         5405    i.xTaskPriorityDisinherit  tasks.o
    0x0800bdf0   0x0800bdf0   0x000000a4   Code   RO         5406    i.xTaskPriorityInherit  tasks.o
    0x0800be94   0x0800be94   0x00000098   Code   RO         5407    i.xTaskRemoveFromEventList  tasks.o
    0x0800bf2c   0x0800bf2c   0x00000104   Code   RO         5408    i.xTaskResumeAll    tasks.o
    0x0800c030   0x0800c030   0x00000036   Code   RO         5742    i.xTimerCreate      timers.o
    0x0800c066   0x0800c066   0x00000072   Code   RO         5743    i.xTimerCreateStatic  timers.o
    0x0800c0d8   0x0800c0d8   0x00000078   Code   RO         5744    i.xTimerCreateTimerTask  timers.o
    0x0800c150   0x0800c150   0x00000084   Code   RO         5745    i.xTimerGenericCommand  timers.o
    0x0800c1d4   0x0800c1d4   0x0000012c   Data   RO          264    .constdata          freertos.o
    0x0800c300   0x0800c300   0x00000018   Data   RO         4251    .constdata          stm32h7xx_hal_uart.o
    0x0800c318   0x0800c318   0x00000010   Data   RO         4622    .constdata          stm32h7xx_hal_uart_ex.o
    0x0800c328   0x0800c328   0x00000010   Data   RO         4732    .constdata          system_stm32h7xx.o
    0x0800c338   0x0800c338   0x00000088   Data   RO         6666    .constdata          m_wv.l(pow.o)
    0x0800c3c0   0x0800c3c0   0x00000008   Data   RO         6975    .constdata          m_wv.l(qnan.o)
    0x0800c3c8   0x0800c3c8   0x0000008e   Data   RO          265    .conststring        freertos.o
    0x0800c456   0x0800c456   0x00000002   PAD
    0x0800c458   0x0800c458   0x00000030   Data   RO         7037    Region$$Table       anon$$obj.o


    Execution Region RW_IRAM1 (Exec base: 0x20000000, Load base: 0x0800c488, Size: 0x00003c00, Max: 0x00020000, ABSOLUTE)

    Exec Addr    Load Addr    Size         Type   Attr      Idx    E Section Name        Object

    0x20000000        -       0x00003c00   Zero   RW         6439    .bss                heap_4.o


    Execution Region RW_IRAM2 (Exec base: 0x24000000, Load base: 0x0800c488, Size: 0x000013e8, Max: 0x00020000, ABSOLUTE)

    Exec Addr    Load Addr    Size         Type   Attr      Idx    E Section Name        Object

    0x24000000   0x0800c488   0x00000030   Data   RW          266    .data               freertos.o
    0x24000030   0x0800c4b8   0x00000006   Data   RW          441    .data               usart.o
    0x24000036   0x0800c4be   0x00000002   PAD
    0x24000038   0x0800c4c0   0x00000009   Data   RW         3289    .data               stm32h7xx_hal.o
    0x24000041   0x0800c4c9   0x00000003   PAD
    0x24000044   0x0800c4cc   0x00000008   Data   RW         4733    .data               system_stm32h7xx.o
    0x2400004c   0x0800c4d4   0x0000003c   Data   RW         5411    .data               tasks.o
    0x24000088   0x0800c510   0x00000014   Data   RW         5753    .data               timers.o
    0x2400009c   0x0800c524   0x00000004   Data   RW         5988    .data               cmsis_os2.o
    0x240000a0   0x0800c528   0x00000020   Data   RW         6440    .data               heap_4.o
    0x240000c0   0x0800c548   0x0000000c   Data   RW         6496    .data               port.o
    0x240000cc   0x0800c554   0x00000004   PAD
    0x240000d0   0x0800c558   0x00000044   Data   RW         6572    .data               vas1082.o
    0x24000114   0x0800c59c   0x00000004   Data   RW         7004    .data               mc_w.l(stdout.o)
    0x24000118   0x0800c5a0   0x00000004   Data   RW         7014    .data               mc_w.l(errno.o)
    0x2400011c        -       0x00000098   Zero   RW          376    .bss                tim.o
    0x240001b4        -       0x00000094   Zero   RW          440    .bss                usart.o
    0x24000248        -       0x0000004c   Zero   RW          596    .bss                stm32h7xx_hal_timebase_tim.o
    0x24000294        -       0x00000040   Zero   RW         4976    .bss                queue.o
    0x240002d4        -       0x000004c4   Zero   RW         5410    .bss                tasks.o
    0x24000798        -       0x00000118   Zero   RW         5752    .bss                timers.o
    0x240008b0        -       0x000006b8   Zero   RW         5987    .bss                cmsis_os2.o
    0x24000f68        -       0x00000080   Zero   RW         6571    .bss                vas1082.o
    0x24000fe8        -       0x00000400   Zero   RW            1    STACK               startup_stm32h723xx.o


==============================================================================

Image component sizes


      Code (inc. data)   RO Data    RW Data    ZI Data      Debug   Object Name

      2058         60          0          4       1720      68293   cmsis_os2.o
       120          0          0          0          0      22674   event_groups.o
       426        154        442         48          0       8979   freertos.o
        64          6          0          0          0        955   gpio.o
       724         74          0         32      15360       5087   heap_4.o
       148          0          0          0          0       3798   list.o
       348         12          0          0          0    1202468   main.o
      1014         92          0         12          0      12013   port.o
      3444         30          0          0         64      31524   queue.o
        44         12        716          0       1024        856   startup_stm32h723xx.o
       132         30          0          9          0      22502   stm32h7xx_hal.o
       458         40          0          0          0      41704   stm32h7xx_hal_cortex.o
      2164         34          0          0          0       4487   stm32h7xx_hal_dma.o
       496         50          0          0          0       1616   stm32h7xx_hal_gpio.o
        48          6          0          0          0        974   stm32h7xx_hal_msp.o
        96          6          0          0          0        793   stm32h7xx_hal_pwr_ex.o
      3496        120          0          0          0       7749   stm32h7xx_hal_rcc.o
      5140        112          0          0          0       7469   stm32h7xx_hal_rcc_ex.o
      3630        364          0          0          0      20952   stm32h7xx_hal_tim.o
       434         46          0          0          0       4276   stm32h7xx_hal_tim_ex.o
       148         20          0          0         76       1655   stm32h7xx_hal_timebase_tim.o
      5912        208         24          0          0      38898   stm32h7xx_hal_uart.o
       360         10         16          0          0       5706   stm32h7xx_hal_uart_ex.o
        54         12          0          0          0       3956   stm32h7xx_it.o
         0          0          0          0          0       9448   stream_buffer.o
       304         38         16          8          0       1965   system_stm32h7xx.o
      4060        488          0         60       1220      35946   tasks.o
       932         50          0          0        152       4969   tim.o
      1620        124          0         20        280      34823   timers.o
       484         70          0          6        148       5215   usart.o
      4044        468          0         68        128       7302   vas1082.o

    ----------------------------------------------------------------------
     42456       2736       1264        276      20172    1619052   Object Totals
         0          0         48          0          0          0   (incl. Generated)
        54          0          2          9          0          0   (incl. Padding)

    ----------------------------------------------------------------------

      Code (inc. data)   RO Data    RW Data    ZI Data      Debug   Library Member Name

       110         60          0          0          0        580   dunder.o
        24          0          0          0          0        124   fabs.o
        48          0          0          0          0        124   fpclassify.o
       112          0          0          0          0        116   poly.o
      2296        304        136          0          0        320   pow.o
         0          0          8          0          0          0   qnan.o
       106          0          0          0          0        140   sqrt.o
         0          0          0          0          0          0   entry.o
         0          0          0          0          0          0   entry10a.o
         0          0          0          0          0          0   entry11a.o
         4          0          0          0          0          0   entry12b.o
         8          4          0          0          0          0   entry2.o
         4          0          0          0          0          0   entry5.o
         0          0          0          0          0          0   entry7b.o
         0          0          0          0          0          0   entry8b.o
         8          4          0          0          0          0   entry9a.o
        12          6          0          4          0         68   errno.o
        30          0          0          0          0          0   handlers.o
        36          8          0          0          0         68   init.o
         0          0          0          0          0          0   iusefp.o
        30          0          0          0          0         68   llshl.o
        36          0          0          0          0         68   llsshr.o
        32          0          0          0          0         68   llushr.o
        36          0          0          0          0         68   memcpya.o
        36          0          0          0          0        108   memseta.o
      2218         90          0          0          0        464   printfa.o
         0          0          0          4          0          0   stdout.o
        44          0          0          0          0         80   uidiv.o
        98          0          0          0          0         92   uldiv.o
        48          0          0          0          0         68   cdrcmple.o
       334          0          0          0          0        148   dadd.o
       222          0          0          0          0        100   ddiv.o
       186          0          0          0          0        176   depilogue.o
        48          0          0          0          0         68   dfixul.o
       228          0          0          0          0         96   dmul.o
        46          0          0          0          0         80   dscalb.o

    ----------------------------------------------------------------------
      6448        476        144          8          0       3292   Library Totals
         8          0          0          0          0          0   (incl. Padding)

    ----------------------------------------------------------------------

      Code (inc. data)   RO Data    RW Data    ZI Data      Debug   Library Name

      2696        364        144          0          0       1404   m_wv.l
      2632        112          0          8          0       1152   mc_w.l
      1112          0          0          0          0        736   mf_w.l

    ----------------------------------------------------------------------
      6448        476        144          8          0       3292   Library Totals

    ----------------------------------------------------------------------

==============================================================================


      Code (inc. data)   RO Data    RW Data    ZI Data      Debug   

     48904       3212       1408        284      20172    1596712   Grand Totals
     48904       3212       1408        284      20172    1596712   ELF Image Totals
     48904       3212       1408        284          0          0   ROM Totals

==============================================================================

    Total RO  Size (Code + RO Data)                50312 (  49.13kB)
    Total RW  Size (RW Data + ZI Data)             20456 (  19.98kB)
    Total ROM Size (Code + RO Data + RW Data)      50596 (  49.41kB)

==============================================================================

