Component: ARM Compiler 5.06 update 7 (build 960) Tool: armlink [4d3601]

==============================================================================

Section Cross References

    startup_stm32h723xx.o(RESET) refers to startup_stm32h723xx.o(STACK) for __initial_sp
    startup_stm32h723xx.o(RESET) refers to startup_stm32h723xx.o(.text) for Reset_Handler
    startup_stm32h723xx.o(RESET) refers to stm32h7xx_it.o(i.NMI_Handler) for NMI_Handler
    startup_stm32h723xx.o(RESET) refers to stm32h7xx_it.o(i.HardFault_Handler) for HardFault_Handler
    startup_stm32h723xx.o(RESET) refers to stm32h7xx_it.o(i.MemManage_Handler) for MemManage_Handler
    startup_stm32h723xx.o(RESET) refers to stm32h7xx_it.o(i.BusFault_Handler) for BusFault_Handler
    startup_stm32h723xx.o(RESET) refers to stm32h7xx_it.o(i.UsageFault_Handler) for UsageFault_Handler
    startup_stm32h723xx.o(RESET) refers to stm32h7xx_it.o(i.SVC_Handler) for SVC_Handler
    startup_stm32h723xx.o(RESET) refers to stm32h7xx_it.o(i.DebugMon_Handler) for DebugMon_Handler
    startup_stm32h723xx.o(RESET) refers to stm32h7xx_it.o(i.PendSV_Handler) for PendSV_Handler
    startup_stm32h723xx.o(RESET) refers to stm32h7xx_it.o(i.SysTick_Handler) for SysTick_Handler
    startup_stm32h723xx.o(RESET) refers to stm32h7xx_it.o(i.TIM2_IRQHandler) for TIM2_IRQHandler
    startup_stm32h723xx.o(RESET) refers to stm32h7xx_it.o(i.TIM3_IRQHandler) for TIM3_IRQHandler
    startup_stm32h723xx.o(RESET) refers to stm32h7xx_it.o(i.TIM4_IRQHandler) for TIM4_IRQHandler
    startup_stm32h723xx.o(RESET) refers to stm32h7xx_it.o(i.USART1_IRQHandler) for USART1_IRQHandler
    startup_stm32h723xx.o(.text) refers to system_stm32h7xx.o(i.SystemInit) for SystemInit
    startup_stm32h723xx.o(.text) refers to entry.o(.ARM.Collect$$$$00000000) for __main
    main.o(i.MPU_Config) refers to stm32h7xx_hal_cortex.o(i.HAL_MPU_Disable) for HAL_MPU_Disable
    main.o(i.MPU_Config) refers to stm32h7xx_hal_cortex.o(i.HAL_MPU_ConfigRegion) for HAL_MPU_ConfigRegion
    main.o(i.MPU_Config) refers to stm32h7xx_hal_cortex.o(i.HAL_MPU_Enable) for HAL_MPU_Enable
    main.o(i.SystemClock_Config) refers to memseta.o(.text) for __aeabi_memclr4
    main.o(i.SystemClock_Config) refers to stm32h7xx_hal_pwr_ex.o(i.HAL_PWREx_ConfigSupply) for HAL_PWREx_ConfigSupply
    main.o(i.SystemClock_Config) refers to stm32h7xx_hal_rcc.o(i.HAL_RCC_OscConfig) for HAL_RCC_OscConfig
    main.o(i.SystemClock_Config) refers to main.o(i.Error_Handler) for Error_Handler
    main.o(i.SystemClock_Config) refers to stm32h7xx_hal_rcc.o(i.HAL_RCC_ClockConfig) for HAL_RCC_ClockConfig
    main.o(i.main) refers to main.o(i.MPU_Config) for MPU_Config
    main.o(i.main) refers to stm32h7xx_hal.o(i.HAL_Init) for HAL_Init
    main.o(i.main) refers to main.o(i.SystemClock_Config) for SystemClock_Config
    main.o(i.main) refers to gpio.o(i.MX_GPIO_Init) for MX_GPIO_Init
    main.o(i.main) refers to usart.o(i.MX_USART1_UART_Init) for MX_USART1_UART_Init
    main.o(i.main) refers to tim.o(i.MX_TIM1_Init) for MX_TIM1_Init
    main.o(i.main) refers to tim.o(i.MX_TIM2_Init) for MX_TIM2_Init
    main.o(i.main) refers to tim.o(i.MX_TIM3_Init) for MX_TIM3_Init
    main.o(i.main) refers to tim.o(i.MX_TIM4_Init) for MX_TIM4_Init
    main.o(i.main) refers to stm32h7xx_hal_tim.o(i.HAL_TIM_Base_Start_IT) for HAL_TIM_Base_Start_IT
    main.o(i.main) refers to stm32h7xx_hal_tim.o(i.HAL_TIM_PWM_Start) for HAL_TIM_PWM_Start
    main.o(i.main) refers to printfa.o(i.__0printf) for __2printf
    main.o(i.main) refers to vas1082.o(i.Aimming) for Aimming
    main.o(i.main) refers to vas1082.o(i.Freq_Sel) for Freq_Sel
    main.o(i.main) refers to stm32h7xx_hal.o(i.HAL_Delay) for HAL_Delay
    main.o(i.main) refers to tim.o(.bss) for htim2
    tim.o(i.HAL_TIM_Base_MspDeInit) refers to stm32h7xx_hal_cortex.o(i.HAL_NVIC_DisableIRQ) for HAL_NVIC_DisableIRQ
    tim.o(i.HAL_TIM_Base_MspInit) refers to stm32h7xx_hal_cortex.o(i.HAL_NVIC_SetPriority) for HAL_NVIC_SetPriority
    tim.o(i.HAL_TIM_Base_MspInit) refers to stm32h7xx_hal_cortex.o(i.HAL_NVIC_EnableIRQ) for HAL_NVIC_EnableIRQ
    tim.o(i.HAL_TIM_MspPostInit) refers to memseta.o(.text) for __aeabi_memclr4
    tim.o(i.HAL_TIM_MspPostInit) refers to stm32h7xx_hal_gpio.o(i.HAL_GPIO_Init) for HAL_GPIO_Init
    tim.o(i.MX_TIM1_Init) refers to memseta.o(.text) for __aeabi_memclr4
    tim.o(i.MX_TIM1_Init) refers to stm32h7xx_hal_tim.o(i.HAL_TIM_Base_Init) for HAL_TIM_Base_Init
    tim.o(i.MX_TIM1_Init) refers to main.o(i.Error_Handler) for Error_Handler
    tim.o(i.MX_TIM1_Init) refers to stm32h7xx_hal_tim.o(i.HAL_TIM_ConfigClockSource) for HAL_TIM_ConfigClockSource
    tim.o(i.MX_TIM1_Init) refers to stm32h7xx_hal_tim.o(i.HAL_TIM_PWM_Init) for HAL_TIM_PWM_Init
    tim.o(i.MX_TIM1_Init) refers to stm32h7xx_hal_tim_ex.o(i.HAL_TIMEx_MasterConfigSynchronization) for HAL_TIMEx_MasterConfigSynchronization
    tim.o(i.MX_TIM1_Init) refers to stm32h7xx_hal_tim.o(i.HAL_TIM_PWM_ConfigChannel) for HAL_TIM_PWM_ConfigChannel
[...]
    ..\Drivers\STM32H7xx_HAL_Driver\Src\stm32h7xx_hal_tim_ex.c 0x00000000   Number         0  stm32h7xx_hal_tim_ex.o ABSOLUTE
    ..\Drivers\STM32H7xx_HAL_Driver\Src\stm32h7xx_hal_uart.c 0x00000000   Number         0  stm32h7xx_hal_uart.o ABSOLUTE
    ..\Drivers\STM32H7xx_HAL_Driver\Src\stm32h7xx_hal_uart_ex.c 0x00000000   Number         0  stm32h7xx_hal_uart_ex.o ABSOLUTE
    ..\\Core\\Src\\VAS1082.c                 0x00000000   Number         0  vas1082.o ABSOLUTE
    cdrcmple.s                               0x00000000   Number         0  cdrcmple.o ABSOLUTE
    dc.s                                     0x00000000   Number         0  dc.o ABSOLUTE
    handlers.s                               0x00000000   Number         0  handlers.o ABSOLUTE
    init.s                                   0x00000000   Number         0  init.o ABSOLUTE
    startup_stm32h723xx.s                    0x00000000   Number         0  startup_stm32h723xx.o ABSOLUTE
    RESET                                    0x08000000   Section      716  startup_stm32h723xx.o(RESET)
    .ARM.Collect$$$$00000000                 0x080002cc   Section        0  entry.o(.ARM.Collect$$$$00000000)
    .ARM.Collect$$$$00000001                 0x080002cc   Section        4  entry2.o(.ARM.Collect$$$$00000001)
    .ARM.Collect$$$$00000004                 0x080002d0   Section        4  entry5.o(.ARM.Collect$$$$00000004)
    .ARM.Collect$$$$00000008                 0x080002d4   Section        0  entry7b.o(.ARM.Collect$$$$00000008)
    .ARM.Collect$$$$0000000A                 0x080002d4   Section        0  entry8b.o(.ARM.Collect$$$$0000000A)
    .ARM.Collect$$$$0000000B                 0x080002d4   Section        8  entry9a.o(.ARM.Collect$$$$0000000B)
    .ARM.Collect$$$$0000000E                 0x080002dc   Section        4  entry12b.o(.ARM.Collect$$$$0000000E)
    .ARM.Collect$$$$0000000F                 0x080002e0   Section        0  entry10a.o(.ARM.Collect$$$$0000000F)
    .ARM.Collect$$$$00000011                 0x080002e0   Section        0  entry11a.o(.ARM.Collect$$$$00000011)
    .ARM.Collect$$$$00002712                 0x080002e0   Section        4  entry2.o(.ARM.Collect$$$$00002712)
    __lit__00000000                          0x080002e0   Data           4  entry2.o(.ARM.Collect$$$$00002712)
    .text                                    0x080002e4   Section       36  startup_stm32h723xx.o(.text)
    $v0                                      0x080002e4   Number         0  startup_stm32h723xx.o(.text)
    .text                                    0x08000308   Section        0  uldiv.o(.text)
    .text                                    0x0800036a   Section        0  memseta.o(.text)
    .text                                    0x0800038e   Section        0  uidiv.o(.text)
    .text                                    0x080003ba   Section        0  llshl.o(.text)
    .text                                    0x080003d8   Section        0  llushr.o(.text)
    .text                                    0x080003f8   Section        0  iusefp.o(.text)
    .text                                    0x080003f8   Section        0  dadd.o(.text)
    .text                                    0x08000546   Section        0  dmul.o(.text)
    .text                                    0x0800062a   Section        0  ddiv.o(.text)
    .text                                    0x08000708   Section        0  dscalb.o(.text)
    .text                                    0x08000736   Section        0  dfixul.o(.text)
    .text                                    0x08000768   Section       48  cdrcmple.o(.text)
    .text                                    0x08000798   Section       36  init.o(.text)
    .text                                    0x080007bc   Section        0  llsshr.o(.text)
    .text                                    0x080007e0   Section        0  depilogue.o(.text)
    i.Aimming                                0x0800089c   Section        0  vas1082.o(i.Aimming)
    i.BusFault_Handler                       0x08001370   Section        0  stm32h7xx_it.o(i.BusFault_Handler)
    i.DebugMon_Handler                       0x08001374   Section        0  stm32h7xx_it.o(i.DebugMon_Handler)
    i.Error_Handler                          0x08001376   Section        0  main.o(i.Error_Handler)
    i.Freq_Sel                               0x0800137c   Section        0  vas1082.o(i.Freq_Sel)
    i.HAL_DMA_Abort                          0x0800155c   Section        0  stm32h7xx_hal_dma.o(i.HAL_DMA_Abort)
    i.HAL_DMA_Abort_IT                       0x08001a38   Section        0  stm32h7xx_hal_dma.o(i.HAL_DMA_Abort_IT)
    i.HAL_Delay                              0x08001dd0   Section        0  stm32h7xx_hal.o(i.HAL_Delay)
    i.HAL_GPIO_Init                          0x08001df8   Section        0  stm32h7xx_hal_gpio.o(i.HAL_GPIO_Init)
    i.HAL_GetTick                            0x08001fe8   Section        0  stm32h7xx_hal.o(i.HAL_GetTick)
    i.HAL_IncTick                            0x08001ff4   Section        0  stm32h7xx_hal.o(i.HAL_IncTick)
    i.HAL_Init                               0x0800200c   Section        0  stm32h7xx_hal.o(i.HAL_Init)
    i.HAL_InitTick                           0x0800206c   Section        0  stm32h7xx_hal.o(i.HAL_InitTick)
    i.HAL_MPU_ConfigRegion                   0x080020c4   Section        0  stm32h7xx_hal_cortex.o(i.HAL_MPU_ConfigRegion)
    i.HAL_MPU_Disable                        0x08002120   Section        0  stm32h7xx_hal_cortex.o(i.HAL_MPU_Disable)
    i.HAL_MPU_Enable                         0x0800214c   Section        0  stm32h7xx_hal_cortex.o(i.HAL_MPU_Enable)
    i.HAL_MspInit                            0x0800218c   Section        0  stm32h7xx_hal_msp.o(i.HAL_MspInit)
    i.HAL_NVIC_EnableIRQ                     0x080021b0   Section        0  stm32h7xx_hal_cortex.o(i.HAL_NVIC_EnableIRQ)
    i.HAL_NVIC_SetPriority                   0x080021d8   Section        0  stm32h7xx_hal_cortex.o(i.HAL_NVIC_SetPriority)
    i.HAL_NVIC_SetPriorityGrouping           0x08002254   Section        0  stm32h7xx_hal_cortex.o(i.HAL_NVIC_SetPriorityGrouping)
    i.HAL_PWREx_ConfigSupply                 0x0800227c   Section        0  stm32h7xx_hal_pwr_ex.o(i.HAL_PWREx_ConfigSupply)
    i.HAL_RCCEx_GetD3PCLK1Freq               0x080022dc   Section        0  stm32h7xx_hal_rcc_ex.o(i.HAL_RCCEx_GetD3PCLK1Freq)
    i.HAL_RCCEx_GetPLL2ClockFreq             0x08002300   Section        0  stm32h7xx_hal_rcc_ex.o(i.HAL_RCCEx_GetPLL2ClockFreq)
    i.HAL_RCCEx_GetPLL3ClockFreq             0x08002530   Section        0  stm32h7xx_hal_rcc_ex.o(i.HAL_RCCEx_GetPLL3ClockFreq)
    i.HAL_RCCEx_PeriphCLKConfig              0x08002760   Section        0  stm32h7xx_hal_rcc_ex.o(i.HAL_RCCEx_PeriphCLKConfig)
    i.HAL_RCC_ClockConfig                    0x08003428   Section        0  stm32h7xx_hal_rcc.o(i.HAL_RCC_ClockConfig)
    i.HAL_RCC_GetHCLKFreq                    0x08003748   Section        0  stm32h7xx_hal_rcc.o(i.HAL_RCC_GetHCLKFreq)
    i.HAL_RCC_GetPCLK1Freq                   0x08003794   Section        0  stm32h7xx_hal_rcc.o(i.HAL_RCC_GetPCLK1Freq)
    i.HAL_RCC_GetPCLK2Freq                   0x080037b8   Section        0  stm32h7xx_hal_rcc.o(i.HAL_RCC_GetPCLK2Freq)
    i.HAL_RCC_GetSysClockFreq                0x080037dc   Section        0  stm32h7xx_hal_rcc.o(i.HAL_RCC_GetSysClockFreq)
    i.HAL_RCC_OscConfig                      0x08003a08   Section        0  stm32h7xx_hal_rcc.o(i.HAL_RCC_OscConfig)
    i.HAL_SYSTICK_Config                     0x08004164   Section        0  stm32h7xx_hal_cortex.o(i.HAL_SYSTICK_Config)
    i.HAL_TIMEx_Break2Callback               0x08004198   Section        0  stm32h7xx_hal_tim_ex.o(i.HAL_TIMEx_Break2Callback)
    i.HAL_TIMEx_BreakCallback                0x0800419a   Section        0  stm32h7xx_hal_tim_ex.o(i.HAL_TIMEx_BreakCallback)
    i.HAL_TIMEx_CommutCallback               0x0800419c   Section        0  stm32h7xx_hal_tim_ex.o(i.HAL_TIMEx_CommutCallback)
    i.HAL_TIMEx_ConfigBreakDeadTime          0x080041a0   Section        0  stm32h7xx_hal_tim_ex.o(i.HAL_TIMEx_ConfigBreakDeadTime)
    i.HAL_TIMEx_MasterConfigSynchronization  0x08004268   Section        0  stm32h7xx_hal_tim_ex.o(i.HAL_TIMEx_MasterConfigSynchronization)
    i.HAL_TIM_Base_Init                      0x0800434c   Section        0  stm32h7xx_hal_tim.o(i.HAL_TIM_Base_Init)
    i.HAL_TIM_Base_MspInit                   0x080043bc   Section        0  tim.o(i.HAL_TIM_Base_MspInit)
    i.HAL_TIM_Base_Start                     0x080044a4   Section        0  stm32h7xx_hal_tim.o(i.HAL_TIM_Base_Start)
    i.HAL_TIM_Base_Start_IT                  0x08004564   Section        0  stm32h7xx_hal_tim.o(i.HAL_TIM_Base_Start_IT)
    i.HAL_TIM_Base_Stop                      0x08004630   Section        0  stm32h7xx_hal_tim.o(i.HAL_TIM_Base_Stop)
    i.HAL_TIM_ConfigClockSource              0x08004664   Section        0  stm32h7xx_hal_tim.o(i.HAL_TIM_ConfigClockSource)
    i.HAL_TIM_IC_CaptureCallback             0x08004798   Section        0  stm32h7xx_hal_tim.o(i.HAL_TIM_IC_CaptureCallback)
    i.HAL_TIM_IRQHandler                     0x0800479a   Section        0  stm32h7xx_hal_tim.o(i.HAL_TIM_IRQHandler)
    i.HAL_TIM_MspPostInit                    0x08004934   Section        0  tim.o(i.HAL_TIM_MspPostInit)
    i.HAL_TIM_OC_DelayElapsedCallback        0x08004994   Section        0  stm32h7xx_hal_tim.o(i.HAL_TIM_OC_DelayElapsedCallback)
    i.HAL_TIM_PWM_ConfigChannel              0x08004996   Section        0  stm32h7xx_hal_tim.o(i.HAL_TIM_PWM_ConfigChannel)
    i.HAL_TIM_PWM_Init                       0x08004b06   Section        0  stm32h7xx_hal_tim.o(i.HAL_TIM_PWM_Init)
    i.HAL_TIM_PWM_MspInit                    0x08004b74   Section        0  stm32h7xx_hal_tim.o(i.HAL_TIM_PWM_MspInit)
    i.HAL_TIM_PWM_PulseFinishedCallback      0x08004b76   Section        0  stm32h7xx_hal_tim.o(i.HAL_TIM_PWM_PulseFinishedCallback)
    i.HAL_TIM_PWM_Start                      0x08004b78   Section        0  stm32h7xx_hal_tim.o(i.HAL_TIM_PWM_Start)
    i.HAL_TIM_PWM_Stop                       0x08004cf4   Section        0  stm32h7xx_hal_tim.o(i.HAL_TIM_PWM_Stop)
    i.HAL_TIM_PeriodElapsedCallback          0x08004dd8   Section        0  stm32h7xx_hal_tim.o(i.HAL_TIM_PeriodElapsedCallback)
    i.HAL_TIM_TriggerCallback                0x08004dda   Section        0  stm32h7xx_hal_tim.o(i.HAL_TIM_TriggerCallback)
    i.HAL_UARTEx_DisableFifoMode             0x08004ddc   Section        0  stm32h7xx_hal_uart_ex.o(i.HAL_UARTEx_DisableFifoMode)
    i.HAL_UARTEx_RxEventCallback             0x08004e2a   Section        0  stm32h7xx_hal_uart.o(i.HAL_UARTEx_RxEventCallback)
    i.HAL_UARTEx_RxFifoFullCallback          0x08004e2c   Section        0  stm32h7xx_hal_uart_ex.o(i.HAL_UARTEx_RxFifoFullCallback)
    i.HAL_UARTEx_SetRxFifoThreshold          0x08004e2e   Section        0  stm32h7xx_hal_uart_ex.o(i.HAL_UARTEx_SetRxFifoThreshold)
    i.HAL_UARTEx_SetTxFifoThreshold          0x08004e8c   Section        0  stm32h7xx_hal_uart_ex.o(i.HAL_UARTEx_SetTxFifoThreshold)
    i.HAL_UARTEx_TxFifoEmptyCallback         0x08004eea   Section        0  stm32h7xx_hal_uart_ex.o(i.HAL_UARTEx_TxFifoEmptyCallback)
    i.HAL_UARTEx_WakeupCallback              0x08004eec   Section        0  stm32h7xx_hal_uart_ex.o(i.HAL_UARTEx_WakeupCallback)
    i.HAL_UART_ErrorCallback                 0x08004eee   Section        0  stm32h7xx_hal_uart.o(i.HAL_UART_ErrorCallback)
    i.HAL_UART_IRQHandler                    0x08004ef0   Section        0  stm32h7xx_hal_uart.o(i.HAL_UART_IRQHandler)
    i.HAL_UART_Init                          0x08005384   Section        0  stm32h7xx_hal_uart.o(i.HAL_UART_Init)
    i.HAL_UART_MspInit                       0x080053fc   Section        0  usart.o(i.HAL_UART_MspInit)
    i.HAL_UART_Receive_IT                    0x080054a8   Section        0  stm32h7xx_hal_uart.o(i.HAL_UART_Receive_IT)
    i.HAL_UART_RxCpltCallback                0x08005504   Section        0  usart.o(i.HAL_UART_RxCpltCallback)
    i.HAL_UART_Transmit                      0x08005574   Section        0  stm32h7xx_hal_uart.o(i.HAL_UART_Transmit)
    i.HAL_UART_TxCpltCallback                0x08005636   Section        0  stm32h7xx_hal_uart.o(i.HAL_UART_TxCpltCallback)
    i.HardFault_Handler                      0x08005638   Section        0  stm32h7xx_it.o(i.HardFault_Handler)
    i.MPU_Config                             0x0800563c   Section        0  main.o(i.MPU_Config)
    MPU_Config                               0x0800563d   Thumb Code    86  main.o(i.MPU_Config)
    i.MX_GPIO_Init                           0x08005694   Section        0  gpio.o(i.MX_GPIO_Init)
    i.MX_TIM1_Init                           0x080056d4   Section        0  tim.o(i.MX_TIM1_Init)
    i.MX_TIM1_Init_Again                     0x080057f0   Section        0  tim.o(i.MX_TIM1_Init_Again)
    i.MX_TIM2_Init                           0x08005908   Section        0  tim.o(i.MX_TIM2_Init)
    i.MX_TIM3_Init                           0x08005978   Section        0  tim.o(i.MX_TIM3_Init)
    i.MX_TIM4_Init                           0x080059e8   Section        0  tim.o(i.MX_TIM4_Init)
    i.MX_USART1_UART_Init                    0x08005a58   Section        0  usart.o(i.MX_USART1_UART_Init)
    i.MemManage_Handler                      0x08005ae0   Section        0  stm32h7xx_it.o(i.MemManage_Handler)
    i.NMI_Handler                            0x08005ae4   Section        0  stm32h7xx_it.o(i.NMI_Handler)
    i.PendSV_Handler                         0x08005ae8   Section        0  stm32h7xx_it.o(i.PendSV_Handler)
    i.RCCEx_PLL2_Config                      0x08005aec   Section        0  stm32h7xx_hal_rcc_ex.o(i.RCCEx_PLL2_Config)
    RCCEx_PLL2_Config                        0x08005aed   Thumb Code   350  stm32h7xx_hal_rcc_ex.o(i.RCCEx_PLL2_Config)
    i.RCCEx_PLL3_Config                      0x08005c50   Section        0  stm32h7xx_hal_rcc_ex.o(i.RCCEx_PLL3_Config)
    RCCEx_PLL3_Config                        0x08005c51   Thumb Code   350  stm32h7xx_hal_rcc_ex.o(i.RCCEx_PLL3_Config)
    i.SVC_Handler                            0x08005db4   Section        0  stm32h7xx_it.o(i.SVC_Handler)
    i.SysTick_Handler                        0x08005db6   Section        0  stm32h7xx_it.o(i.SysTick_Handler)
    i.SystemClock_Config                     0x08005dc0   Section        0  main.o(i.SystemClock_Config)
    i.SystemInit                             0x08005e7c   Section        0  system_stm32h7xx.o(i.SystemInit)
    i.TIM2_IRQHandler                        0x08005f5c   Section        0  stm32h7xx_it.o(i.TIM2_IRQHandler)
    i.TIM3_IRQHandler                        0x08005fb4   Section        0  stm32h7xx_it.o(i.TIM3_IRQHandler)
    i.TIM4_IRQHandler                        0x08005fd4   Section        0  stm32h7xx_it.o(i.TIM4_IRQHandler)
    i.TIM_Base_SetConfig                     0x08005fe4   Section        0  stm32h7xx_hal_tim.o(i.TIM_Base_SetConfig)
    i.TIM_CCxChannelCmd                      0x080060d4   Section        0  stm32h7xx_hal_tim.o(i.TIM_CCxChannelCmd)
    i.TIM_ETR_SetConfig                      0x080060f6   Section        0  stm32h7xx_hal_tim.o(i.TIM_ETR_SetConfig)
    i.TIM_ITRx_SetConfig                     0x0800610c   Section        0  stm32h7xx_hal_tim.o(i.TIM_ITRx_SetConfig)
    TIM_ITRx_SetConfig                       0x0800610d   Thumb Code    18  stm32h7xx_hal_tim.o(i.TIM_ITRx_SetConfig)
    i.TIM_OC1_SetConfig                      0x08006124   Section        0  stm32h7xx_hal_tim.o(i.TIM_OC1_SetConfig)
    TIM_OC1_SetConfig                        0x08006125   Thumb Code   146  stm32h7xx_hal_tim.o(i.TIM_OC1_SetConfig)
    i.TIM_OC2_SetConfig                      0x080061d0   Section        0  stm32h7xx_hal_tim.o(i.TIM_OC2_SetConfig)
    i.TIM_OC3_SetConfig                      0x08006284   Section        0  stm32h7xx_hal_tim.o(i.TIM_OC3_SetConfig)
    TIM_OC3_SetConfig                        0x08006285   Thumb Code   154  stm32h7xx_hal_tim.o(i.TIM_OC3_SetConfig)
    i.TIM_OC4_SetConfig                      0x08006338   Section        0  stm32h7xx_hal_tim.o(i.TIM_OC4_SetConfig)
    TIM_OC4_SetConfig                        0x08006339   Thumb Code    92  stm32h7xx_hal_tim.o(i.TIM_OC4_SetConfig)
    i.TIM_OC5_SetConfig                      0x080063ac   Section        0  stm32h7xx_hal_tim.o(i.TIM_OC5_SetConfig)
    TIM_OC5_SetConfig                        0x080063ad   Thumb Code    86  stm32h7xx_hal_tim.o(i.TIM_OC5_SetConfig)
    i.TIM_OC6_SetConfig                      0x0800641c   Section        0  stm32h7xx_hal_tim.o(i.TIM_OC6_SetConfig)
    TIM_OC6_SetConfig                        0x0800641d   Thumb Code    88  stm32h7xx_hal_tim.o(i.TIM_OC6_SetConfig)
    i.TIM_TI1_ConfigInputStage               0x0800648c   Section        0  stm32h7xx_hal_tim.o(i.TIM_TI1_ConfigInputStage)
    TIM_TI1_ConfigInputStage                 0x0800648d   Thumb Code    38  stm32h7xx_hal_tim.o(i.TIM_TI1_ConfigInputStage)
    i.TIM_TI2_ConfigInputStage               0x080064b2   Section        0  stm32h7xx_hal_tim.o(i.TIM_TI2_ConfigInputStage)
    TIM_TI2_ConfigInputStage                 0x080064b3   Thumb Code    40  stm32h7xx_hal_tim.o(i.TIM_TI2_ConfigInputStage)
    i.UARTEx_SetNbDataToProcess              0x080064dc   Section        0  stm32h7xx_hal_uart_ex.o(i.UARTEx_SetNbDataToProcess)
    UARTEx_SetNbDataToProcess                0x080064dd   Thumb Code    78  stm32h7xx_hal_uart_ex.o(i.UARTEx_SetNbDataToProcess)
    i.UART_AdvFeatureConfig                  0x08006534   Section        0  stm32h7xx_hal_uart.o(i.UART_AdvFeatureConfig)
    i.UART_CheckIdleState                    0x0800662c   Section        0  stm32h7xx_hal_uart.o(i.UART_CheckIdleState)
    i.UART_DMAAbortOnError                   0x08006716   Section        0  stm32h7xx_hal_uart.o(i.UART_DMAAbortOnError)
    UART_DMAAbortOnError                     0x08006717   Thumb Code    24  stm32h7xx_hal_uart.o(i.UART_DMAAbortOnError)
    i.UART_EndRxTransfer                     0x08006730   Section        0  stm32h7xx_hal_uart.o(i.UART_EndRxTransfer)
    UART_EndRxTransfer                       0x08006731   Thumb Code   104  stm32h7xx_hal_uart.o(i.UART_EndRxTransfer)
    i.UART_EndTransmit_IT                    0x0800679c   Section        0  stm32h7xx_hal_uart.o(i.UART_EndTransmit_IT)
    UART_EndTransmit_IT                      0x0800679d   Thumb Code    48  stm32h7xx_hal_uart.o(i.UART_EndTransmit_IT)
    i.UART_RxISR_16BIT                       0x080067cc   Section        0  stm32h7xx_hal_uart.o(i.UART_RxISR_16BIT)
    UART_RxISR_16BIT                         0x080067cd   Thumb Code   256  stm32h7xx_hal_uart.o(i.UART_RxISR_16BIT)
    i.UART_RxISR_16BIT_FIFOEN                0x080068d0   Section        0  stm32h7xx_hal_uart.o(i.UART_RxISR_16BIT_FIFOEN)
    UART_RxISR_16BIT_FIFOEN                  0x080068d1   Thumb Code   494  stm32h7xx_hal_uart.o(i.UART_RxISR_16BIT_FIFOEN)
    i.UART_RxISR_8BIT                        0x08006acc   Section        0  stm32h7xx_hal_uart.o(i.UART_RxISR_8BIT)
    UART_RxISR_8BIT                          0x08006acd   Thumb Code   254  stm32h7xx_hal_uart.o(i.UART_RxISR_8BIT)
    i.UART_RxISR_8BIT_FIFOEN                 0x08006bd0   Section        0  stm32h7xx_hal_uart.o(i.UART_RxISR_8BIT_FIFOEN)
    UART_RxISR_8BIT_FIFOEN                   0x08006bd1   Thumb Code   492  stm32h7xx_hal_uart.o(i.UART_RxISR_8BIT_FIFOEN)
    i.UART_SetConfig                         0x08006dc8   Section        0  stm32h7xx_hal_uart.o(i.UART_SetConfig)
    i.UART_Start_Receive_IT                  0x080073f0   Section        0  stm32h7xx_hal_uart.o(i.UART_Start_Receive_IT)
    i.UART_WaitOnFlagUntilTimeout            0x0800754c   Section        0  stm32h7xx_hal_uart.o(i.UART_WaitOnFlagUntilTimeout)
    i.USART1_IRQHandler                      0x080075f8   Section        0  stm32h7xx_it.o(i.USART1_IRQHandler)
    i.UsageFault_Handler                     0x08007614   Section        0  stm32h7xx_it.o(i.UsageFault_Handler)
    i.__0printf                              0x08007618   Section        0  printfa.o(i.__0printf)
    i.__ARM_fpclassify                       0x08007638   Section        0  fpclassify.o(i.__ARM_fpclassify)
    i.__NVIC_GetPriorityGrouping             0x08007668   Section        0  stm32h7xx_hal_cortex.o(i.__NVIC_GetPriorityGrouping)
    __NVIC_GetPriorityGrouping               0x08007669   Thumb Code    10  stm32h7xx_hal_cortex.o(i.__NVIC_GetPriorityGrouping)
    i.__NVIC_SetPriority                     0x08007678   Section        0  stm32h7xx_hal_cortex.o(i.__NVIC_SetPriority)
    __NVIC_SetPriority                       0x08007679   Thumb Code    32  stm32h7xx_hal_cortex.o(i.__NVIC_SetPriority)
    i.__hardfp_pow                           0x080076a0   Section        0  pow.o(i.__hardfp_pow)
    i.__kernel_poly                          0x08007f98   Section        0  poly.o(i.__kernel_poly)
    i.__mathlib_dbl_divzero                  0x08008008   Section        0  dunder.o(i.__mathlib_dbl_divzero)
    i.__mathlib_dbl_infnan2                  0x08008028   Section        0  dunder.o(i.__mathlib_dbl_infnan2)
    i.__mathlib_dbl_invalid                  0x08008030   Section        0  dunder.o(i.__mathlib_dbl_invalid)
    i.__mathlib_dbl_overflow                 0x08008048   Section        0  dunder.o(i.__mathlib_dbl_overflow)
    i.__mathlib_dbl_underflow                0x08008060   Section        0  dunder.o(i.__mathlib_dbl_underflow)
    i.__scatterload_copy                     0x08008078   Section       14  handlers.o(i.__scatterload_copy)
    i.__scatterload_null                     0x08008086   Section        2  handlers.o(i.__scatterload_null)
    i.__scatterload_zeroinit                 0x08008088   Section       14  handlers.o(i.__scatterload_zeroinit)
    i.__set_errno                            0x08008098   Section        0  errno.o(i.__set_errno)
    i._fp_digits                             0x080080a4   Section        0  printfa.o(i._fp_digits)
    _fp_digits                               0x080080a5   Thumb Code   366  printfa.o(i._fp_digits)
    i._printf_core                           0x08008228   Section        0  printfa.o(i._printf_core)
    _printf_core                             0x08008229   Thumb Code  1704  printfa.o(i._printf_core)
    i._printf_post_padding                   0x080088dc   Section        0  printfa.o(i._printf_post_padding)
    _printf_post_padding                     0x080088dd   Thumb Code    36  printfa.o(i._printf_post_padding)
    i._printf_pre_padding                    0x08008900   Section        0  printfa.o(i._printf_pre_padding)
    _printf_pre_padding                      0x08008901   Thumb Code    46  printfa.o(i._printf_pre_padding)
    i.delay_us                               0x08008930   Section        0  tim.o(i.delay_us)
    i.fabs                                   0x08008984   Section        0  fabs.o(i.fabs)
    i.fputc                                  0x0800899c   Section        0  usart.o(i.fputc)
    i.main                                   0x080089b8   Section        0  main.o(i.main)
    i.sqrt                                   0x08008a34   Section        0  sqrt.o(i.sqrt)
    i.var_init                               0x08008aa0   Section        0  vas1082.o(i.var_init)
    .constdata                               0x08008b20   Section       24  stm32h7xx_hal_uart.o(.constdata)
    .constdata                               0x08008b38   Section       16  stm32h7xx_hal_uart_ex.o(.constdata)
    numerator                                0x08008b38   Data           8  stm32h7xx_hal_uart_ex.o(.constdata)
    denominator                              0x08008b40   Data           8  stm32h7xx_hal_uart_ex.o(.constdata)
    .constdata                               0x08008b48   Section       16  system_stm32h7xx.o(.constdata)
    .constdata                               0x08008b58   Section      136  pow.o(.constdata)
    bp                                       0x08008b58   Data          16  pow.o(.constdata)
    dp_h                                     0x08008b68   Data          16  pow.o(.constdata)
    dp_l                                     0x08008b78   Data          16  pow.o(.constdata)
    L                                        0x08008b88   Data          48  pow.o(.constdata)
    P                                        0x08008bb8   Data          40  pow.o(.constdata)
    .constdata                               0x08008be0   Section        8  qnan.o(.constdata)
    .data                                    0x24000000   Section        3  usart.o(.data)
    .data                                    0x24000003   Section        2  stm32h7xx_it.o(.data)
    .data                                    0x24000008   Section        9  stm32h7xx_hal.o(.data)
    .data                                    0x24000014   Section        8  system_stm32h7xx.o(.data)
    .data                                    0x24000020   Section       48  vas1082.o(.data)
    .data                                    0x24000050   Section        4  stdout.o(.data)
    .data                                    0x24000054   Section        4  errno.o(.data)
    _errno                                   0x24000054   Data           4  errno.o(.data)
    .bss                                     0x24000058   Section      304  tim.o(.bss)
    .bss                                     0x24000188   Section      148  usart.o(.bss)
    .bss                                     0x2400021c   Section      128  vas1082.o(.bss)
    STACK                                    0x240002a0   Section     1024  startup_stm32h723xx.o(STACK)

    Global Symbols

    Symbol Name                              Value     Ov Type        Size  Object(Section)

    BuildAttributes$$THM_ISAv4$E$P$D$K$B$S$7EM$VFPv5_D16$PE$PLD8$A:L22UL41UL21$X:L11$S22US41US21$IEEE1$IW$USESV6$~STKCKD$USESV7$~SHL$OTIME$ROPI$IEEEX$EBA8$MICROLIB$REQ8$PRES8$EABIv2 0x00000000   Number         0  anon$$obj.o ABSOLUTE
    __ARM_use_no_argv                        0x00000000   Number         0  main.o ABSOLUTE
    _printf_a                                0x00000000   Number         0  stubs.o ABSOLUTE
    _printf_c                                0x00000000   Number         0  stubs.o ABSOLUTE
    _printf_charcount                        0x00000000   Number         0  stubs.o ABSOLUTE
    _printf_d                                0x00000000   Number         0  stubs.o ABSOLUTE
    _printf_e                                0x00000000   Number         0  stubs.o ABSOLUTE
    _printf_f                                0x00000000   Number         0  stubs.o ABSOLUTE
    _printf_flags                            0x00000000   Number         0  stubs.o ABSOLUTE
    _printf_fp_dec                           0x00000000   Number         0  stubs.o ABSOLUTE
    _printf_fp_hex                           0x00000000   Number         0  stubs.o ABSOLUTE
    _printf_g                                0x00000000   Number         0  stubs.o ABSOLUTE
    _printf_i                                0x00000000   Number         0  stubs.o ABSOLUTE
    _printf_int_dec                          0x00000000   Number         0  stubs.o ABSOLUTE
    _printf_l                                0x00000000   Number         0  stubs.o ABSOLUTE
    _printf_lc                               0x00000000   Number         0  stubs.o ABSOLUTE
    _printf_ll                               0x00000000   Number         0  stubs.o ABSOLUTE
    _printf_lld                              0x00000000   Number         0  stubs.o ABSOLUTE
    _printf_lli                              0x00000000   Number         0  stubs.o ABSOLUTE
    _printf_llo                              0x00000000   Number         0  stubs.o ABSOLUTE
    _printf_llu                              0x00000000   Number         0  stubs.o ABSOLUTE
    _printf_llx                              0x00000000   Number         0  stubs.o ABSOLUTE
    _printf_longlong_dec                     0x00000000   Number         0  stubs.o ABSOLUTE
    _printf_longlong_hex                     0x00000000   Number         0  stubs.o ABSOLUTE
    _printf_longlong_oct                     0x00000000   Number         0  stubs.o ABSOLUTE
    _printf_ls                               0x00000000   Number         0  stubs.o ABSOLUTE
    _printf_mbtowc                           0x00000000   Number         0  stubs.o ABSOLUTE
    _printf_n                                0x00000000   Number         0  stubs.o ABSOLUTE
    _printf_o                                0x00000000   Number         0  stubs.o ABSOLUTE
    _printf_p                                0x00000000   Number         0  stubs.o ABSOLUTE
    _printf_percent                          0x00000000   Number         0  stubs.o ABSOLUTE
    _printf_pre_padding                      0x00000000   Number         0  stubs.o ABSOLUTE
    _printf_return_value                     0x00000000   Number         0  stubs.o ABSOLUTE
    _printf_s                                0x00000000   Number         0  stubs.o ABSOLUTE
    _printf_sizespec                         0x00000000   Number         0  stubs.o ABSOLUTE
    _printf_str                              0x00000000   Number         0  stubs.o ABSOLUTE
    _printf_truncate_signed                  0x00000000   Number         0  stubs.o ABSOLUTE
    _printf_truncate_unsigned                0x00000000   Number         0  stubs.o ABSOLUTE
    _printf_u                                0x00000000   Number         0  stubs.o ABSOLUTE
    _printf_wc                               0x00000000   Number         0  stubs.o ABSOLUTE
    _printf_wctomb                           0x00000000   Number         0  stubs.o ABSOLUTE
    _printf_widthprec                        0x00000000   Number         0  stubs.o ABSOLUTE
    _printf_x                                0x00000000   Number         0  stubs.o ABSOLUTE
    __arm_fini_                               - Undefined Weak Reference
    __cpp_initialize__aeabi_                  - Undefined Weak Reference
    __cxa_finalize                            - Undefined Weak Reference
    __decompress                              - Undefined Weak Reference
    _clock_init                               - Undefined Weak Reference
    _microlib_exit                            - Undefined Weak Reference
    __Vectors_Size                           0x000002cc   Number         0  startup_stm32h723xx.o ABSOLUTE
    __Vectors                                0x08000000   Data           4  startup_stm32h723xx.o(RESET)
    __Vectors_End                            0x080002cc   Data           0  startup_stm32h723xx.o(RESET)
    __main                                   0x080002cd   Thumb Code     0  entry.o(.ARM.Collect$$$$00000000)
    _main_stk                                0x080002cd   Thumb Code     0  entry2.o(.ARM.Collect$$$$00000001)
    _main_scatterload                        0x080002d1   Thumb Code     0  entry5.o(.ARM.Collect$$$$00000004)
    __main_after_scatterload                 0x080002d5   Thumb Code     0  entry5.o(.ARM.Collect$$$$00000004)
    _main_clock                              0x080002d5   Thumb Code     0  entry7b.o(.ARM.Collect$$$$00000008)
    _main_cpp_init                           0x080002d5   Thumb Code     0  entry8b.o(.ARM.Collect$$$$0000000A)
    _main_init                               0x080002d5   Thumb Code     0  entry9a.o(.ARM.Collect$$$$0000000B)
    __rt_lib_shutdown_fini                   0x080002dd   Thumb Code     0  entry12b.o(.ARM.Collect$$$$0000000E)
    __rt_final_cpp                           0x080002e1   Thumb Code     0  entry10a.o(.ARM.Collect$$$$0000000F)
    __rt_final_exit                          0x080002e1   Thumb Code     0  entry11a.o(.ARM.Collect$$$$00000011)
    Reset_Handler                            0x080002e5   Thumb Code     8  startup_stm32h723xx.o(.text)
    ADC3_IRQHandler                          0x080002ff   Thumb Code     0  startup_stm32h723xx.o(.text)
    ADC_IRQHandler                           0x080002ff   Thumb Code     0  startup_stm32h723xx.o(.text)
    BDMA_Channel0_IRQHandler                 0x080002ff   Thumb Code     0  startup_stm32h723xx.o(.text)
    BDMA_Channel1_IRQHandler                 0x080002ff   Thumb Code     0  startup_stm32h723xx.o(.text)
    BDMA_Channel2_IRQHandler                 0x080002ff   Thumb Code     0  startup_stm32h723xx.o(.text)
    BDMA_Channel3_IRQHandler                 0x080002ff   Thumb Code     0  startup_stm32h723xx.o(.text)
    BDMA_Channel4_IRQHandler                 0x080002ff   Thumb Code     0  startup_stm32h723xx.o(.text)
    BDMA_Channel5_IRQHandler                 0x080002ff   Thumb Code     0  startup_stm32h723xx.o(.text)
    BDMA_Channel6_IRQHandler                 0x080002ff   Thumb Code     0  startup_stm32h723xx.o(.text)
    BDMA_Channel7_IRQHandler                 0x080002ff   Thumb Code     0  startup_stm32h723xx.o(.text)
    CEC_IRQHandler                           0x080002ff   Thumb Code     0  startup_stm32h723xx.o(.text)
    COMP1_IRQHandler                         0x080002ff   Thumb Code     0  startup_stm32h723xx.o(.text)
    CORDIC_IRQHandler                        0x080002ff   Thumb Code     0  startup_stm32h723xx.o(.text)
    CRS_IRQHandler                           0x080002ff   Thumb Code     0  startup_stm32h723xx.o(.text)
    DCMI_PSSI_IRQHandler                     0x080002ff   Thumb Code     0  startup_stm32h723xx.o(.text)
    DFSDM1_FLT0_IRQHandler                   0x080002ff   Thumb Code     0  startup_stm32h723xx.o(.text)
    DFSDM1_FLT1_IRQHandler                   0x080002ff   Thumb Code     0  startup_stm32h723xx.o(.text)
    DFSDM1_FLT2_IRQHandler                   0x080002ff   Thumb Code     0  startup_stm32h723xx.o(.text)
    DFSDM1_FLT3_IRQHandler                   0x080002ff   Thumb Code     0  startup_stm32h723xx.o(.text)
    DMA1_Stream0_IRQHandler                  0x080002ff   Thumb Code     0  startup_stm32h723xx.o(.text)
    DMA1_Stream1_IRQHandler                  0x080002ff   Thumb Code     0  startup_stm32h723xx.o(.text)
    DMA1_Stream2_IRQHandler                  0x080002ff   Thumb Code     0  startup_stm32h723xx.o(.text)
    DMA1_Stream3_IRQHandler                  0x080002ff   Thumb Code     0  startup_stm32h723xx.o(.text)
    DMA1_Stream4_IRQHandler                  0x080002ff   Thumb Code     0  startup_stm32h723xx.o(.text)
    DMA1_Stream5_IRQHandler                  0x080002ff   Thumb Code     0  startup_stm32h723xx.o(.text)
    DMA1_Stream6_IRQHandler                  0x080002ff   Thumb Code     0  startup_stm32h723xx.o(.text)
    DMA1_Stream7_IRQHandler                  0x080002ff   Thumb Code     0  startup_stm32h723xx.o(.text)
    DMA2D_IRQHandler                         0x080002ff   Thumb Code     0  startup_stm32h723xx.o(.text)
    DMA2_Stream0_IRQHandler                  0x080002ff   Thumb Code     0  startup_stm32h723xx.o(.text)
    DMA2_Stream1_IRQHandler                  0x080002ff   Thumb Code     0  startup_stm32h723xx.o(.text)
    DMA2_Stream2_IRQHandler                  0x080002ff   Thumb Code     0  startup_stm32h723xx.o(.text)
    DMA2_Stream3_IRQHandler                  0x080002ff   Thumb Code     0  startup_stm32h723xx.o(.text)
    DMA2_Stream4_IRQHandler                  0x080002ff   Thumb Code     0  startup_stm32h723xx.o(.text)
    DMA2_Stream5_IRQHandler                  0x080002ff   Thumb Code     0  startup_stm32h723xx.o(.text)
    DMA2_Stream6_IRQHandler                  0x080002ff   Thumb Code     0  startup_stm32h723xx.o(.text)
    DMA2_Stream7_IRQHandler                  0x080002ff   Thumb Code     0  startup_stm32h723xx.o(.text)
    DMAMUX1_OVR_IRQHandler                   0x080002ff   Thumb Code     0  startup_stm32h723xx.o(.text)
    DMAMUX2_OVR_IRQHandler                   0x080002ff   Thumb Code     0  startup_stm32h723xx.o(.text)
    DTS_IRQHandler                           0x080002ff   Thumb Code     0  startup_stm32h723xx.o(.text)
    ECC_IRQHandler                           0x080002ff   Thumb Code     0  startup_stm32h723xx.o(.text)
    ETH_IRQHandler                           0x080002ff   Thumb Code     0  startup_stm32h723xx.o(.text)
    ETH_WKUP_IRQHandler                      0x080002ff   Thumb Code     0  startup_stm32h723xx.o(.text)
    EXTI0_IRQHandler                         0x080002ff   Thumb Code     0  startup_stm32h723xx.o(.text)
    EXTI15_10_IRQHandler                     0x080002ff   Thumb Code     0  startup_stm32h723xx.o(.text)
    EXTI1_IRQHandler                         0x080002ff   Thumb Code     0  startup_stm32h723xx.o(.text)
    EXTI2_IRQHandler                         0x080002ff   Thumb Code     0  startup_stm32h723xx.o(.text)
    EXTI3_IRQHandler                         0x080002ff   Thumb Code     0  startup_stm32h723xx.o(.text)
    EXTI4_IRQHandler                         0x080002ff   Thumb Code     0  startup_stm32h723xx.o(.text)
    EXTI9_5_IRQHandler                       0x080002ff   Thumb Code     0  startup_stm32h723xx.o(.text)
    FDCAN1_IT0_IRQHandler                    0x080002ff   Thumb Code     0  startup_stm32h723xx.o(.text)
    FDCAN1_IT1_IRQHandler                    0x080002ff   Thumb Code     0  startup_stm32h723xx.o(.text)
    FDCAN2_IT0_IRQHandler                    0x080002ff   Thumb Code     0  startup_stm32h723xx.o(.text)
    FDCAN2_IT1_IRQHandler                    0x080002ff   Thumb Code     0  startup_stm32h723xx.o(.text)
    FDCAN3_IT0_IRQHandler                    0x080002ff   Thumb Code     0  startup_stm32h723xx.o(.text)
    FDCAN3_IT1_IRQHandler                    0x080002ff   Thumb Code     0  startup_stm32h723xx.o(.text)
    FDCAN_CAL_IRQHandler                     0x080002ff   Thumb Code     0  startup_stm32h723xx.o(.text)
    FLASH_IRQHandler                         0x080002ff   Thumb Code     0  startup_stm32h723xx.o(.text)
    FMAC_IRQHandler                          0x080002ff   Thumb Code     0  startup_stm32h723xx.o(.text)
    FMC_IRQHandler                           0x080002ff   Thumb Code     0  startup_stm32h723xx.o(.text)
    FPU_IRQHandler                           0x080002ff   Thumb Code     0  startup_stm32h723xx.o(.text)
    HSEM1_IRQHandler                         0x080002ff   Thumb Code     0  startup_stm32h723xx.o(.text)
    I2C1_ER_IRQHandler                       0x080002ff   Thumb Code     0  startup_stm32h723xx.o(.text)
    I2C1_EV_IRQHandler                       0x080002ff   Thumb Code     0  startup_stm32h723xx.o(.text)
    I2C2_ER_IRQHandler                       0x080002ff   Thumb Code     0  startup_stm32h723xx.o(.text)
    I2C2_EV_IRQHandler                       0x080002ff   Thumb Code     0  startup_stm32h723xx.o(.text)
    I2C3_ER_IRQHandler                       0x080002ff   Thumb Code     0  startup_stm32h723xx.o(.text)
    I2C3_EV_IRQHandler                       0x080002ff   Thumb Code     0  startup_stm32h723xx.o(.text)
    I2C4_ER_IRQHandler                       0x080002ff   Thumb Code     0  startup_stm32h723xx.o(.text)
    I2C4_EV_IRQHandler                       0x080002ff   Thumb Code     0  startup_stm32h723xx.o(.text)
    I2C5_ER_IRQHandler                       0x080002ff   Thumb Code     0  startup_stm32h723xx.o(.text)
    I2C5_EV_IRQHandler                       0x080002ff   Thumb Code     0  startup_stm32h723xx.o(.text)
    LPTIM1_IRQHandler                        0x080002ff   Thumb Code     0  startup_stm32h723xx.o(.text)
    LPTIM2_IRQHandler                        0x080002ff   Thumb Code     0  startup_stm32h723xx.o(.text)
    LPTIM3_IRQHandler                        0x080002ff   Thumb Code     0  startup_stm32h723xx.o(.text)
    LPTIM4_IRQHandler                        0x080002ff   Thumb Code     0  startup_stm32h723xx.o(.text)
    LPTIM5_IRQHandler                        0x080002ff   Thumb Code     0  startup_stm32h723xx.o(.text)
    LPUART1_IRQHandler                       0x080002ff   Thumb Code     0  startup_stm32h723xx.o(.text)
    LTDC_ER_IRQHandler                       0x080002ff   Thumb Code     0  startup_stm32h723xx.o(.text)
    LTDC_IRQHandler                          0x080002ff   Thumb Code     0  startup_stm32h723xx.o(.text)
    MDIOS_IRQHandler                         0x080002ff   Thumb Code     0  startup_stm32h723xx.o(.text)
    MDIOS_WKUP_IRQHandler                    0x080002ff   Thumb Code     0  startup_stm32h723xx.o(.text)
    MDMA_IRQHandler                          0x080002ff   Thumb Code     0  startup_stm32h723xx.o(.text)
    OCTOSPI1_IRQHandler                      0x080002ff   Thumb Code     0  startup_stm32h723xx.o(.text)
    OCTOSPI2_IRQHandler                      0x080002ff   Thumb Code     0  startup_stm32h723xx.o(.text)
    OTG_HS_EP1_IN_IRQHandler                 0x080002ff   Thumb Code     0  startup_stm32h723xx.o(.text)
    OTG_HS_EP1_OUT_IRQHandler                0x080002ff   Thumb Code     0  startup_stm32h723xx.o(.text)
    OTG_HS_IRQHandler                        0x080002ff   Thumb Code     0  startup_stm32h723xx.o(.text)
    OTG_HS_WKUP_IRQHandler                   0x080002ff   Thumb Code     0  startup_stm32h723xx.o(.text)
    PVD_AVD_IRQHandler                       0x080002ff   Thumb Code     0  startup_stm32h723xx.o(.text)
    RCC_IRQHandler                           0x080002ff   Thumb Code     0  startup_stm32h723xx.o(.text)
    RNG_IRQHandler                           0x080002ff   Thumb Code     0  startup_stm32h723xx.o(.text)
    RTC_Alarm_IRQHandler                     0x080002ff   Thumb Code     0  startup_stm32h723xx.o(.text)
    RTC_WKUP_IRQHandler                      0x080002ff   Thumb Code     0  startup_stm32h723xx.o(.text)
    SAI1_IRQHandler                          0x080002ff   Thumb Code     0  startup_stm32h723xx.o(.text)
    SAI4_IRQHandler                          0x080002ff   Thumb Code     0  startup_stm32h723xx.o(.text)
    SDMMC1_IRQHandler                        0x080002ff   Thumb Code     0  startup_stm32h723xx.o(.text)
    SDMMC2_IRQHandler                        0x080002ff   Thumb Code     0  startup_stm32h723xx.o(.text)
    SPDIF_RX_IRQHandler                      0x080002ff   Thumb Code     0  startup_stm32h723xx.o(.text)
    SPI1_IRQHandler                          0x080002ff   Thumb Code     0  startup_stm32h723xx.o(.text)
    SPI2_IRQHandler                          0x080002ff   Thumb Code     0  startup_stm32h723xx.o(.text)
    SPI3_IRQHandler                          0x080002ff   Thumb Code     0  startup_stm32h723xx.o(.text)
    SPI4_IRQHandler                          0x080002ff   Thumb Code     0  startup_stm32h723xx.o(.text)
    SPI5_IRQHandler                          0x080002ff   Thumb Code     0  startup_stm32h723xx.o(.text)
    SPI6_IRQHandler                          0x080002ff   Thumb Code     0  startup_stm32h723xx.o(.text)
    SWPMI1_IRQHandler                        0x080002ff   Thumb Code     0  startup_stm32h723xx.o(.text)
    TAMP_STAMP_IRQHandler                    0x080002ff   Thumb Code     0  startup_stm32h723xx.o(.text)
    TIM15_IRQHandler                         0x080002ff   Thumb Code     0  startup_stm32h723xx.o(.text)
    TIM16_IRQHandler                         0x080002ff   Thumb Code     0  startup_stm32h723xx.o(.text)
    TIM17_IRQHandler                         0x080002ff   Thumb Code     0  startup_stm32h723xx.o(.text)
    TIM1_BRK_IRQHandler                      0x080002ff   Thumb Code     0  startup_stm32h723xx.o(.text)
    TIM1_CC_IRQHandler                       0x080002ff   Thumb Code     0  startup_stm32h723xx.o(.text)
    TIM1_TRG_COM_IRQHandler                  0x080002ff   Thumb Code     0  startup_stm32h723xx.o(.text)
    TIM1_UP_IRQHandler                       0x080002ff   Thumb Code     0  startup_stm32h723xx.o(.text)
    TIM23_IRQHandler                         0x080002ff   Thumb Code     0  startup_stm32h723xx.o(.text)
    TIM24_IRQHandler                         0x080002ff   Thumb Code     0  startup_stm32h723xx.o(.text)
    TIM5_IRQHandler                          0x080002ff   Thumb Code     0  startup_stm32h723xx.o(.text)
    TIM6_DAC_IRQHandler                      0x080002ff   Thumb Code     0  startup_stm32h723xx.o(.text)
    TIM7_IRQHandler                          0x080002ff   Thumb Code     0  startup_stm32h723xx.o(.text)
    TIM8_BRK_TIM12_IRQHandler                0x080002ff   Thumb Code     0  startup_stm32h723xx.o(.text)
    TIM8_CC_IRQHandler                       0x080002ff   Thumb Code     0  startup_stm32h723xx.o(.text)
    TIM8_TRG_COM_TIM14_IRQHandler            0x080002ff   Thumb Code     0  startup_stm32h723xx.o(.text)
    TIM8_UP_TIM13_IRQHandler                 0x080002ff   Thumb Code     0  startup_stm32h723xx.o(.text)
    UART4_IRQHandler                         0x080002ff   Thumb Code     0  startup_stm32h723xx.o(.text)
    UART5_IRQHandler                         0x080002ff   Thumb Code     0  startup_stm32h723xx.o(.text)
    UART7_IRQHandler                         0x080002ff   Thumb Code     0  startup_stm32h723xx.o(.text)
    UART8_IRQHandler                         0x080002ff   Thumb Code     0  startup_stm32h723xx.o(.text)
    UART9_IRQHandler                         0x080002ff   Thumb Code     0  startup_stm32h723xx.o(.text)
    USART10_IRQHandler                       0x080002ff   Thumb Code     0  startup_stm32h723xx.o(.text)
    USART2_IRQHandler                        0x080002ff   Thumb Code     0  startup_stm32h723xx.o(.text)
    USART3_IRQHandler                        0x080002ff   Thumb Code     0  startup_stm32h723xx.o(.text)
    USART6_IRQHandler                        0x080002ff   Thumb Code     0  startup_stm32h723xx.o(.text)
    WAKEUP_PIN_IRQHandler                    0x080002ff   Thumb Code     0  startup_stm32h723xx.o(.text)
    WWDG_IRQHandler                          0x080002ff   Thumb Code     0  startup_stm32h723xx.o(.text)
    __aeabi_uldivmod                         0x08000309   Thumb Code    98  uldiv.o(.text)
    __aeabi_memset                           0x0800036b   Thumb Code    14  memseta.o(.text)
    __aeabi_memset4                          0x0800036b   Thumb Code     0  memseta.o(.text)
    __aeabi_memset8                          0x0800036b   Thumb Code     0  memseta.o(.text)
    __aeabi_memclr                           0x08000379   Thumb Code     4  memseta.o(.text)
    __aeabi_memclr4                          0x08000379   Thumb Code     0  memseta.o(.text)
    __aeabi_memclr8                          0x08000379   Thumb Code     0  memseta.o(.text)
    _memset$wrapper                          0x0800037d   Thumb Code    18  memseta.o(.text)
    __aeabi_uidiv                            0x0800038f   Thumb Code     0  uidiv.o(.text)
    __aeabi_uidivmod                         0x0800038f   Thumb Code    44  uidiv.o(.text)
    __aeabi_llsl                             0x080003bb   Thumb Code    30  llshl.o(.text)
    _ll_shift_l                              0x080003bb   Thumb Code     0  llshl.o(.text)
    __aeabi_llsr                             0x080003d9   Thumb Code    32  llushr.o(.text)
    _ll_ushift_r                             0x080003d9   Thumb Code     0  llushr.o(.text)
    __I$use$fp                               0x080003f9   Thumb Code     0  iusefp.o(.text)
    __aeabi_dadd                             0x080003f9   Thumb Code   322  dadd.o(.text)
    __aeabi_dsub                             0x0800053b   Thumb Code     6  dadd.o(.text)
    __aeabi_drsub                            0x08000541   Thumb Code     6  dadd.o(.text)
    __aeabi_dmul                             0x08000547   Thumb Code   228  dmul.o(.text)
    __aeabi_ddiv                             0x0800062b   Thumb Code   222  ddiv.o(.text)
    __ARM_scalbn                             0x08000709   Thumb Code    46  dscalb.o(.text)
    scalbn                                   0x08000709   Thumb Code     0  dscalb.o(.text)
    __aeabi_d2ulz                            0x08000737   Thumb Code    48  dfixul.o(.text)
    __aeabi_cdrcmple                         0x08000769   Thumb Code    48  cdrcmple.o(.text)
    __scatterload                            0x08000799   Thumb Code    28  init.o(.text)
    __scatterload_rt2                        0x08000799   Thumb Code     0  init.o(.text)
    __aeabi_lasr                             0x080007bd   Thumb Code    36  llsshr.o(.text)
    _ll_sshift_r                             0x080007bd   Thumb Code     0  llsshr.o(.text)
    _double_round                            0x080007e1   Thumb Code    30  depilogue.o(.text)
    _double_epilogue                         0x080007ff   Thumb Code   156  depilogue.o(.text)
    Aimming                                  0x0800089d   Thumb Code  2696  vas1082.o(i.Aimming)
    BusFault_Handler                         0x08001371   Thumb Code     4  stm32h7xx_it.o(i.BusFault_Handler)
    DebugMon_Handler                         0x08001375   Thumb Code     2  stm32h7xx_it.o(i.DebugMon_Handler)
    Error_Handler                            0x08001377   Thumb Code     6  main.o(i.Error_Handler)
    Freq_Sel                                 0x0800137d   Thumb Code   288  vas1082.o(i.Freq_Sel)
    HAL_DMA_Abort                            0x0800155d   Thumb Code  1236  stm32h7xx_hal_dma.o(i.HAL_DMA_Abort)
    HAL_DMA_Abort_IT                         0x08001a39   Thumb Code   906  stm32h7xx_hal_dma.o(i.HAL_DMA_Abort_IT)
    HAL_Delay                                0x08001dd1   Thumb Code    36  stm32h7xx_hal.o(i.HAL_Delay)
    HAL_GPIO_Init                            0x08001df9   Thumb Code   446  stm32h7xx_hal_gpio.o(i.HAL_GPIO_Init)
    HAL_GetTick                              0x08001fe9   Thumb Code     6  stm32h7xx_hal.o(i.HAL_GetTick)
    HAL_IncTick                              0x08001ff5   Thumb Code    16  stm32h7xx_hal.o(i.HAL_IncTick)
    HAL_Init                                 0x0800200d   Thumb Code    80  stm32h7xx_hal.o(i.HAL_Init)
    HAL_InitTick                             0x0800206d   Thumb Code    74  stm32h7xx_hal.o(i.HAL_InitTick)
    HAL_MPU_ConfigRegion                     0x080020c5   Thumb Code    86  stm32h7xx_hal_cortex.o(i.HAL_MPU_ConfigRegion)
    HAL_MPU_Disable                          0x08002121   Thumb Code    38  stm32h7xx_hal_cortex.o(i.HAL_MPU_Disable)
    HAL_MPU_Enable                           0x0800214d   Thumb Code    58  stm32h7xx_hal_cortex.o(i.HAL_MPU_Enable)
    HAL_MspInit                              0x0800218d   Thumb Code    32  stm32h7xx_hal_msp.o(i.HAL_MspInit)
    HAL_NVIC_EnableIRQ                       0x080021b1   Thumb Code    40  stm32h7xx_hal_cortex.o(i.HAL_NVIC_EnableIRQ)
    HAL_NVIC_SetPriority                     0x080021d9   Thumb Code   122  stm32h7xx_hal_cortex.o(i.HAL_NVIC_SetPriority)
    HAL_NVIC_SetPriorityGrouping             0x08002255   Thumb Code    32  stm32h7xx_hal_cortex.o(i.HAL_NVIC_SetPriorityGrouping)
    HAL_PWREx_ConfigSupply                   0x0800227d   Thumb Code    90  stm32h7xx_hal_pwr_ex.o(i.HAL_PWREx_ConfigSupply)
    HAL_RCCEx_GetD3PCLK1Freq                 0x080022dd   Thumb Code    26  stm32h7xx_hal_rcc_ex.o(i.HAL_RCCEx_GetD3PCLK1Freq)
    HAL_RCCEx_GetPLL2ClockFreq               0x08002301   Thumb Code   536  stm32h7xx_hal_rcc_ex.o(i.HAL_RCCEx_GetPLL2ClockFreq)
    HAL_RCCEx_GetPLL3ClockFreq               0x08002531   Thumb Code   536  stm32h7xx_hal_rcc_ex.o(i.HAL_RCCEx_GetPLL3ClockFreq)
    HAL_RCCEx_PeriphCLKConfig                0x08002761   Thumb Code  3272  stm32h7xx_hal_rcc_ex.o(i.HAL_RCCEx_PeriphCLKConfig)
    HAL_RCC_ClockConfig                      0x08003429   Thumb Code   774  stm32h7xx_hal_rcc.o(i.HAL_RCC_ClockConfig)
    HAL_RCC_GetHCLKFreq                      0x08003749   Thumb Code    60  stm32h7xx_hal_rcc.o(i.HAL_RCC_GetHCLKFreq)
    HAL_RCC_GetPCLK1Freq                     0x08003795   Thumb Code    26  stm32h7xx_hal_rcc.o(i.HAL_RCC_GetPCLK1Freq)
    HAL_RCC_GetPCLK2Freq                     0x080037b9   Thumb Code    26  stm32h7xx_hal_rcc.o(i.HAL_RCC_GetPCLK2Freq)
    HAL_RCC_GetSysClockFreq                  0x080037dd   Thumb Code   524  stm32h7xx_hal_rcc.o(i.HAL_RCC_GetSysClockFreq)
    HAL_RCC_OscConfig                        0x08003a09   Thumb Code  1874  stm32h7xx_hal_rcc.o(i.HAL_RCC_OscConfig)
    HAL_SYSTICK_Config                       0x08004165   Thumb Code    52  stm32h7xx_hal_cortex.o(i.HAL_SYSTICK_Config)
    HAL_TIMEx_Break2Callback                 0x08004199   Thumb Code     2  stm32h7xx_hal_tim_ex.o(i.HAL_TIMEx_Break2Callback)
    HAL_TIMEx_BreakCallback                  0x0800419b   Thumb Code     2  stm32h7xx_hal_tim_ex.o(i.HAL_TIMEx_BreakCallback)
    HAL_TIMEx_CommutCallback                 0x0800419d   Thumb Code     2  stm32h7xx_hal_tim_ex.o(i.HAL_TIMEx_CommutCallback)
    HAL_TIMEx_ConfigBreakDeadTime            0x080041a1   Thumb Code   192  stm32h7xx_hal_tim_ex.o(i.HAL_TIMEx_ConfigBreakDeadTime)
    HAL_TIMEx_MasterConfigSynchronization    0x08004269   Thumb Code   190  stm32h7xx_hal_tim_ex.o(i.HAL_TIMEx_MasterConfigSynchronization)
    HAL_TIM_Base_Init                        0x0800434d   Thumb Code   110  stm32h7xx_hal_tim.o(i.HAL_TIM_Base_Init)
    HAL_TIM_Base_MspInit                     0x080043bd   Thumb Code   214  tim.o(i.HAL_TIM_Base_MspInit)
    HAL_TIM_Base_Start                       0x080044a5   Thumb Code   150  stm32h7xx_hal_tim.o(i.HAL_TIM_Base_Start)
    HAL_TIM_Base_Start_IT                    0x08004565   Thumb Code   162  stm32h7xx_hal_tim.o(i.HAL_TIM_Base_Start_IT)
    HAL_TIM_Base_Stop                        0x08004631   Thumb Code    50  stm32h7xx_hal_tim.o(i.HAL_TIM_Base_Stop)
    HAL_TIM_ConfigClockSource                0x08004665   Thumb Code   304  stm32h7xx_hal_tim.o(i.HAL_TIM_ConfigClockSource)
    HAL_TIM_IC_CaptureCallback               0x08004799   Thumb Code     2  stm32h7xx_hal_tim.o(i.HAL_TIM_IC_CaptureCallback)
    HAL_TIM_IRQHandler                       0x0800479b   Thumb Code   408  stm32h7xx_hal_tim.o(i.HAL_TIM_IRQHandler)
    HAL_TIM_MspPostInit                      0x08004935   Thumb Code    82  tim.o(i.HAL_TIM_MspPostInit)
    HAL_TIM_OC_DelayElapsedCallback          0x08004995   Thumb Code     2  stm32h7xx_hal_tim.o(i.HAL_TIM_OC_DelayElapsedCallback)
    HAL_TIM_PWM_ConfigChannel                0x08004997   Thumb Code   368  stm32h7xx_hal_tim.o(i.HAL_TIM_PWM_ConfigChannel)
    HAL_TIM_PWM_Init                         0x08004b07   Thumb Code   110  stm32h7xx_hal_tim.o(i.HAL_TIM_PWM_Init)
    HAL_TIM_PWM_MspInit                      0x08004b75   Thumb Code     2  stm32h7xx_hal_tim.o(i.HAL_TIM_PWM_MspInit)
    HAL_TIM_PWM_PulseFinishedCallback        0x08004b77   Thumb Code     2  stm32h7xx_hal_tim.o(i.HAL_TIM_PWM_PulseFinishedCallback)
    HAL_TIM_PWM_Start                        0x08004b79   Thumb Code   330  stm32h7xx_hal_tim.o(i.HAL_TIM_PWM_Start)
    HAL_TIM_PWM_Stop                         0x08004cf5   Thumb Code   208  stm32h7xx_hal_tim.o(i.HAL_TIM_PWM_Stop)
    HAL_TIM_PeriodElapsedCallback            0x08004dd9   Thumb Code     2  stm32h7xx_hal_tim.o(i.HAL_TIM_PeriodElapsedCallback)
    HAL_TIM_TriggerCallback                  0x08004ddb   Thumb Code     2  stm32h7xx_hal_tim.o(i.HAL_TIM_TriggerCallback)
    HAL_UARTEx_DisableFifoMode               0x08004ddd   Thumb Code    78  stm32h7xx_hal_uart_ex.o(i.HAL_UARTEx_DisableFifoMode)
    HAL_UARTEx_RxEventCallback               0x08004e2b   Thumb Code     2  stm32h7xx_hal_uart.o(i.HAL_UARTEx_RxEventCallback)
    HAL_UARTEx_RxFifoFullCallback            0x08004e2d   Thumb Code     2  stm32h7xx_hal_uart_ex.o(i.HAL_UARTEx_RxFifoFullCallback)
    HAL_UARTEx_SetRxFifoThreshold            0x08004e2f   Thumb Code    94  stm32h7xx_hal_uart_ex.o(i.HAL_UARTEx_SetRxFifoThreshold)
    HAL_UARTEx_SetTxFifoThreshold            0x08004e8d   Thumb Code    94  stm32h7xx_hal_uart_ex.o(i.HAL_UARTEx_SetTxFifoThreshold)
    HAL_UARTEx_TxFifoEmptyCallback           0x08004eeb   Thumb Code     2  stm32h7xx_hal_uart_ex.o(i.HAL_UARTEx_TxFifoEmptyCallback)
    HAL_UARTEx_WakeupCallback                0x08004eed   Thumb Code     2  stm32h7xx_hal_uart_ex.o(i.HAL_UARTEx_WakeupCallback)
    HAL_UART_ErrorCallback                   0x08004eef   Thumb Code     2  stm32h7xx_hal_uart.o(i.HAL_UART_ErrorCallback)
    HAL_UART_IRQHandler                      0x08004ef1   Thumb Code  1172  stm32h7xx_hal_uart.o(i.HAL_UART_IRQHandler)
    HAL_UART_Init                            0x08005385   Thumb Code   120  stm32h7xx_hal_uart.o(i.HAL_UART_Init)
    HAL_UART_MspInit                         0x080053fd   Thumb Code   158  usart.o(i.HAL_UART_MspInit)
    HAL_UART_Receive_IT                      0x080054a9   Thumb Code    88  stm32h7xx_hal_uart.o(i.HAL_UART_Receive_IT)
    HAL_UART_RxCpltCallback                  0x08005505   Thumb Code    60  usart.o(i.HAL_UART_RxCpltCallback)
    HAL_UART_Transmit                        0x08005575   Thumb Code   194  stm32h7xx_hal_uart.o(i.HAL_UART_Transmit)
    HAL_UART_TxCpltCallback                  0x08005637   Thumb Code     2  stm32h7xx_hal_uart.o(i.HAL_UART_TxCpltCallback)
    HardFault_Handler                        0x08005639   Thumb Code     4  stm32h7xx_it.o(i.HardFault_Handler)
    MX_GPIO_Init                             0x08005695   Thumb Code    58  gpio.o(i.MX_GPIO_Init)
    MX_TIM1_Init                             0x080056d5   Thumb Code   274  tim.o(i.MX_TIM1_Init)
    MX_TIM1_Init_Again                       0x080057f1   Thumb Code   270  tim.o(i.MX_TIM1_Init_Again)
    MX_TIM2_Init                             0x08005909   Thumb Code   106  tim.o(i.MX_TIM2_Init)
    MX_TIM3_Init                             0x08005979   Thumb Code   104  tim.o(i.MX_TIM3_Init)
    MX_TIM4_Init                             0x080059e9   Thumb Code   104  tim.o(i.MX_TIM4_Init)
    MX_USART1_UART_Init                      0x08005a59   Thumb Code   124  usart.o(i.MX_USART1_UART_Init)
    MemManage_Handler                        0x08005ae1   Thumb Code     4  stm32h7xx_it.o(i.MemManage_Handler)
    NMI_Handler                              0x08005ae5   Thumb Code     4  stm32h7xx_it.o(i.NMI_Handler)
    PendSV_Handler                           0x08005ae9   Thumb Code     2  stm32h7xx_it.o(i.PendSV_Handler)
    SVC_Handler                              0x08005db5   Thumb Code     2  stm32h7xx_it.o(i.SVC_Handler)
    SysTick_Handler                          0x08005db7   Thumb Code     8  stm32h7xx_it.o(i.SysTick_Handler)
    SystemClock_Config                       0x08005dc1   Thumb Code   182  main.o(i.SystemClock_Config)
    SystemInit                               0x08005e7d   Thumb Code   192  system_stm32h7xx.o(i.SystemInit)
    TIM2_IRQHandler                          0x08005f5d   Thumb Code    64  stm32h7xx_it.o(i.TIM2_IRQHandler)
    TIM3_IRQHandler                          0x08005fb5   Thumb Code    22  stm32h7xx_it.o(i.TIM3_IRQHandler)
    TIM4_IRQHandler                          0x08005fd5   Thumb Code    10  stm32h7xx_it.o(i.TIM4_IRQHandler)
    TIM_Base_SetConfig                       0x08005fe5   Thumb Code   198  stm32h7xx_hal_tim.o(i.TIM_Base_SetConfig)
    TIM_CCxChannelCmd                        0x080060d5   Thumb Code    34  stm32h7xx_hal_tim.o(i.TIM_CCxChannelCmd)
    TIM_ETR_SetConfig                        0x080060f7   Thumb Code    22  stm32h7xx_hal_tim.o(i.TIM_ETR_SetConfig)
    TIM_OC2_SetConfig                        0x080061d1   Thumb Code   156  stm32h7xx_hal_tim.o(i.TIM_OC2_SetConfig)
    UART_AdvFeatureConfig                    0x08006535   Thumb Code   248  stm32h7xx_hal_uart.o(i.UART_AdvFeatureConfig)
    UART_CheckIdleState                      0x0800662d   Thumb Code   234  stm32h7xx_hal_uart.o(i.UART_CheckIdleState)
    UART_SetConfig                           0x08006dc9   Thumb Code  1558  stm32h7xx_hal_uart.o(i.UART_SetConfig)
    UART_Start_Receive_IT                    0x080073f1   Thumb Code   332  stm32h7xx_hal_uart.o(i.UART_Start_Receive_IT)
    UART_WaitOnFlagUntilTimeout              0x0800754d   Thumb Code   172  stm32h7xx_hal_uart.o(i.UART_WaitOnFlagUntilTimeout)
    USART1_IRQHandler                        0x080075f9   Thumb Code    20  stm32h7xx_it.o(i.USART1_IRQHandler)
    UsageFault_Handler                       0x08007615   Thumb Code     4  stm32h7xx_it.o(i.UsageFault_Handler)
    __0printf                                0x08007619   Thumb Code    22  printfa.o(i.__0printf)
    __1printf                                0x08007619   Thumb Code     0  printfa.o(i.__0printf)
    __2printf                                0x08007619   Thumb Code     0  printfa.o(i.__0printf)
    __c89printf                              0x08007619   Thumb Code     0  printfa.o(i.__0printf)
    printf                                   0x08007619   Thumb Code     0  printfa.o(i.__0printf)
    __ARM_fpclassify                         0x08007639   Thumb Code    48  fpclassify.o(i.__ARM_fpclassify)
    __hardfp_pow                             0x080076a1   Thumb Code  2140  pow.o(i.__hardfp_pow)
    __kernel_poly                            0x08007f99   Thumb Code   112  poly.o(i.__kernel_poly)
    __mathlib_dbl_divzero                    0x08008009   Thumb Code    14  dunder.o(i.__mathlib_dbl_divzero)
    __mathlib_dbl_infnan2                    0x08008029   Thumb Code     6  dunder.o(i.__mathlib_dbl_infnan2)
    __mathlib_dbl_invalid                    0x08008031   Thumb Code    10  dunder.o(i.__mathlib_dbl_invalid)
    __mathlib_dbl_overflow                   0x08008049   Thumb Code    10  dunder.o(i.__mathlib_dbl_overflow)
    __mathlib_dbl_underflow                  0x08008061   Thumb Code    10  dunder.o(i.__mathlib_dbl_underflow)
    __scatterload_copy                       0x08008079   Thumb Code    14  handlers.o(i.__scatterload_copy)
    __scatterload_null                       0x08008087   Thumb Code     2  handlers.o(i.__scatterload_null)
    __scatterload_zeroinit                   0x08008089   Thumb Code    14  handlers.o(i.__scatterload_zeroinit)
    __set_errno                              0x08008099   Thumb Code     6  errno.o(i.__set_errno)
    delay_us                                 0x08008931   Thumb Code    78  tim.o(i.delay_us)
    fabs                                     0x08008985   Thumb Code    24  fabs.o(i.fabs)
    fputc                                    0x0800899d   Thumb Code    22  usart.o(i.fputc)
    main                                     0x080089b9   Thumb Code   104  main.o(i.main)
    sqrt                                     0x08008a35   Thumb Code   106  sqrt.o(i.sqrt)
    var_init                                 0x08008aa1   Thumb Code    80  vas1082.o(i.var_init)
    UARTPrescTable                           0x08008b20   Data          24  stm32h7xx_hal_uart.o(.constdata)
    D1CorePrescTable                         0x08008b48   Data          16  system_stm32h7xx.o(.constdata)
    __mathlib_zero                           0x08008be0   Data           8  qnan.o(.constdata)
    Region$$Table$$Base                      0x08008be8   Number         0  anon$$obj.o(Region$$Table)
    Region$$Table$$Limit                     0x08008c08   Number         0  anon$$obj.o(Region$$Table)
    TempChar                                 0x24000000   Data           1  usart.o(.data)
    USART_COUNTER                            0x24000001   Data           1  usart.o(.data)
    END_STA                                  0x24000002   Data           1  usart.o(.data)
    UART_LEN                                 0x24000003   Data           1  stm32h7xx_it.o(.data)
    USART_COUNTER_OLD                        0x24000004   Data           1  stm32h7xx_it.o(.data)
    uwTick                                   0x24000008   Data           4  stm32h7xx_hal.o(.data)
    uwTickPrio                               0x2400000c   Data           4  stm32h7xx_hal.o(.data)
    uwTickFreq                               0x24000010   Data           1  stm32h7xx_hal.o(.data)
    SystemCoreClock                          0x24000014   Data           4  system_stm32h7xx.o(.data)
    SystemD2Clock                            0x24000018   Data           4  system_stm32h7xx.o(.data)
    Aimming_Speed                            0x24000020   Data           2  vas1082.o(.data)
    jump                                     0x24000022   Data           1  vas1082.o(.data)
    pow_result                               0x24000028   Data           8  vas1082.o(.data)
    aimming                                  0x24000030   Data           8  vas1082.o(.data)
    aimming_data                             0x24000038   Data           2  vas1082.o(.data)
    aimming_count                            0x2400003a   Data           2  vas1082.o(.data)
    aimming_start                            0x2400003c   Data           2  vas1082.o(.data)
    aimming_end                              0x2400003e   Data           2  vas1082.o(.data)
    aimming_maxvalue                         0x24000040   Data           2  vas1082.o(.data)
    aimming_time                             0x24000044   Data           4  vas1082.o(.data)
    aimming_it                               0x24000048   Data           1  vas1082.o(.data)
    aimming_stop                             0x24000049   Data           1  vas1082.o(.data)
    precent                                  0x2400004c   Data           4  vas1082.o(.data)
    __stdout                                 0x24000050   Data           4  stdout.o(.data)
    htim1                                    0x24000058   Data          76  tim.o(.bss)
    htim2                                    0x240000a4   Data          76  tim.o(.bss)
    htim3                                    0x240000f0   Data          76  tim.o(.bss)
    htim4                                    0x2400013c   Data          76  tim.o(.bss)
    huart1                                   0x24000188   Data         148  usart.o(.bss)
    RxBuffer                                 0x2400021c   Data         128  vas1082.o(.bss)
    __initial_sp                             0x240006a0   Data           0  startup_stm32h723xx.o(STACK)



==============================================================================

Memory Map of the image

  Image Entry point : 0x080002cd

  Load Region LR_IROM1 (Base: 0x08000000, Size: 0x00008c60, Max: 0x00100000, ABSOLUTE)

    Execution Region ER_IROM1 (Exec base: 0x08000000, Load base: 0x08000000, Size: 0x00008c08, Max: 0x00100000, ABSOLUTE)

    Exec Addr    Load Addr    Size         Type   Attr      Idx    E Section Name        Object

    0x08000000   0x08000000   0x000002cc   Data   RO            3    RESET               startup_stm32h723xx.o
    0x080002cc   0x080002cc   0x00000000   Code   RO         4685  * .ARM.Collect$$$$00000000  mc_w.l(entry.o)
    0x080002cc   0x080002cc   0x00000004   Code   RO         4990    .ARM.Collect$$$$00000001  mc_w.l(entry2.o)
    0x080002d0   0x080002d0   0x00000004   Code   RO         4993    .ARM.Collect$$$$00000004  mc_w.l(entry5.o)
    0x080002d4   0x080002d4   0x00000000   Code   RO         4995    .ARM.Collect$$$$00000008  mc_w.l(entry7b.o)
    0x080002d4   0x080002d4   0x00000000   Code   RO         4997    .ARM.Collect$$$$0000000A  mc_w.l(entry8b.o)
    0x080002d4   0x080002d4   0x00000008   Code   RO         4998    .ARM.Collect$$$$0000000B  mc_w.l(entry9a.o)
    0x080002dc   0x080002dc   0x00000004   Code   RO         5005    .ARM.Collect$$$$0000000E  mc_w.l(entry12b.o)
    0x080002e0   0x080002e0   0x00000000   Code   RO         5000    .ARM.Collect$$$$0000000F  mc_w.l(entry10a.o)
    0x080002e0   0x080002e0   0x00000000   Code   RO         5002    .ARM.Collect$$$$00000011  mc_w.l(entry11a.o)
    0x080002e0   0x080002e0   0x00000004   Code   RO         4991    .ARM.Collect$$$$00002712  mc_w.l(entry2.o)
    0x080002e4   0x080002e4   0x00000024   Code   RO            4    .text               startup_stm32h723xx.o
    0x08000308   0x08000308   0x00000062   Code   RO         4688    .text               mc_w.l(uldiv.o)
    0x0800036a   0x0800036a   0x00000024   Code   RO         4690    .text               mc_w.l(memseta.o)
    0x0800038e   0x0800038e   0x0000002c   Code   RO         5007    .text               mc_w.l(uidiv.o)
    0x080003ba   0x080003ba   0x0000001e   Code   RO         5009    .text               mc_w.l(llshl.o)
    0x080003d8   0x080003d8   0x00000020   Code   RO         5011    .text               mc_w.l(llushr.o)
    0x080003f8   0x080003f8   0x00000000   Code   RO         5020    .text               mc_w.l(iusefp.o)
    0x080003f8   0x080003f8   0x0000014e   Code   RO         5021    .text               mf_w.l(dadd.o)
    0x08000546   0x08000546   0x000000e4   Code   RO         5023    .text               mf_w.l(dmul.o)
    0x0800062a   0x0800062a   0x000000de   Code   RO         5025    .text               mf_w.l(ddiv.o)
    0x08000708   0x08000708   0x0000002e   Code   RO         5027    .text               mf_w.l(dscalb.o)
    0x08000736   0x08000736   0x00000030   Code   RO         5029    .text               mf_w.l(dfixul.o)
    0x08000766   0x08000766   0x00000002   PAD
    0x08000768   0x08000768   0x00000030   Code   RO         5031    .text               mf_w.l(cdrcmple.o)
    0x08000798   0x08000798   0x00000024   Code   RO         5033    .text               mc_w.l(init.o)
    0x080007bc   0x080007bc   0x00000024   Code   RO         5035    .text               mc_w.l(llsshr.o)
    0x080007e0   0x080007e0   0x000000ba   Code   RO         5037    .text               mf_w.l(depilogue.o)
    0x0800089a   0x0800089a   0x00000002   PAD
    0x0800089c   0x0800089c   0x00000ad4   Code   RO         4629    i.Aimming           vas1082.o
    0x08001370   0x08001370   0x00000004   Code   RO          360    i.BusFault_Handler  stm32h7xx_it.o
    0x08001374   0x08001374   0x00000002   Code   RO          361    i.DebugMon_Handler  stm32h7xx_it.o
    0x08001376   0x08001376   0x00000006   Code   RO           13    i.Error_Handler     main.o
    0x0800137c   0x0800137c   0x000001e0   Code   RO         4630    i.Freq_Sel          vas1082.o
    0x0800155c   0x0800155c   0x000004dc   Code   RO         1378    i.HAL_DMA_Abort     stm32h7xx_hal_dma.o
    0x08001a38   0x08001a38   0x00000398   Code   RO         1379    i.HAL_DMA_Abort_IT  stm32h7xx_hal_dma.o
    0x08001dd0   0x08001dd0   0x00000028   Code   RO         2075    i.HAL_Delay         stm32h7xx_hal.o
    0x08001df8   0x08001df8   0x000001f0   Code   RO         1226    i.HAL_GPIO_Init     stm32h7xx_hal_gpio.o
    0x08001fe8   0x08001fe8   0x0000000c   Code   RO         2091    i.HAL_GetTick       stm32h7xx_hal.o
    0x08001ff4   0x08001ff4   0x00000018   Code   RO         2097    i.HAL_IncTick       stm32h7xx_hal.o
    0x0800200c   0x0800200c   0x00000060   Code   RO         2098    i.HAL_Init          stm32h7xx_hal.o
    0x0800206c   0x0800206c   0x00000058   Code   RO         2099    i.HAL_InitTick      stm32h7xx_hal.o
    0x080020c4   0x080020c4   0x0000005c   Code   RO          496    i.HAL_MPU_ConfigRegion  stm32h7xx_hal_cortex.o
    0x08002120   0x08002120   0x0000002c   Code   RO          497    i.HAL_MPU_Disable   stm32h7xx_hal_cortex.o
    0x0800214c   0x0800214c   0x00000040   Code   RO          499    i.HAL_MPU_Enable    stm32h7xx_hal_cortex.o
    0x0800218c   0x0800218c   0x00000024   Code   RO          467    i.HAL_MspInit       stm32h7xx_hal_msp.o
    0x080021b0   0x080021b0   0x00000028   Code   RO          503    i.HAL_NVIC_EnableIRQ  stm32h7xx_hal_cortex.o
    0x080021d8   0x080021d8   0x0000007a   Code   RO          509    i.HAL_NVIC_SetPriority  stm32h7xx_hal_cortex.o
    0x08002252   0x08002252   0x00000002   PAD
    0x08002254   0x08002254   0x00000028   Code   RO          510    i.HAL_NVIC_SetPriorityGrouping  stm32h7xx_hal_cortex.o
    0x0800227c   0x0800227c   0x00000060   Code   RO         1827    i.HAL_PWREx_ConfigSupply  stm32h7xx_hal_pwr_ex.o
    0x080022dc   0x080022dc   0x00000024   Code   RO          769    i.HAL_RCCEx_GetD3PCLK1Freq  stm32h7xx_hal_rcc_ex.o
    0x08002300   0x08002300   0x00000230   Code   RO          771    i.HAL_RCCEx_GetPLL2ClockFreq  stm32h7xx_hal_rcc_ex.o
    0x08002530   0x08002530   0x00000230   Code   RO          772    i.HAL_RCCEx_GetPLL3ClockFreq  stm32h7xx_hal_rcc_ex.o
    0x08002760   0x08002760   0x00000cc8   Code   RO          778    i.HAL_RCCEx_PeriphCLKConfig  stm32h7xx_hal_rcc_ex.o
    0x08003428   0x08003428   0x00000320   Code   RO          654    i.HAL_RCC_ClockConfig  stm32h7xx_hal_rcc.o
    0x08003748   0x08003748   0x0000004c   Code   RO          659    i.HAL_RCC_GetHCLKFreq  stm32h7xx_hal_rcc.o
    0x08003794   0x08003794   0x00000024   Code   RO          661    i.HAL_RCC_GetPCLK1Freq  stm32h7xx_hal_rcc.o
    0x080037b8   0x080037b8   0x00000024   Code   RO          662    i.HAL_RCC_GetPCLK2Freq  stm32h7xx_hal_rcc.o
    0x080037dc   0x080037dc   0x0000022c   Code   RO          663    i.HAL_RCC_GetSysClockFreq  stm32h7xx_hal_rcc.o
    0x08003a08   0x08003a08   0x0000075c   Code   RO          666    i.HAL_RCC_OscConfig  stm32h7xx_hal_rcc.o
    0x08004164   0x08004164   0x00000034   Code   RO          514    i.HAL_SYSTICK_Config  stm32h7xx_hal_cortex.o
    0x08004198   0x08004198   0x00000002   Code   RO         3741    i.HAL_TIMEx_Break2Callback  stm32h7xx_hal_tim_ex.o
    0x0800419a   0x0800419a   0x00000002   Code   RO         3742    i.HAL_TIMEx_BreakCallback  stm32h7xx_hal_tim_ex.o
    0x0800419c   0x0800419c   0x00000002   Code   RO         3743    i.HAL_TIMEx_CommutCallback  stm32h7xx_hal_tim_ex.o
    0x0800419e   0x0800419e   0x00000002   PAD
    0x080041a0   0x080041a0   0x000000c8   Code   RO         3745    i.HAL_TIMEx_ConfigBreakDeadTime  stm32h7xx_hal_tim_ex.o
    0x08004268   0x08004268   0x000000e4   Code   RO         3764    i.HAL_TIMEx_MasterConfigSynchronization  stm32h7xx_hal_tim_ex.o
    0x0800434c   0x0800434c   0x0000006e   Code   RO         3016    i.HAL_TIM_Base_Init  stm32h7xx_hal_tim.o
    0x080043ba   0x080043ba   0x00000002   PAD
    0x080043bc   0x080043bc   0x000000e8   Code   RO          219    i.HAL_TIM_Base_MspInit  tim.o
    0x080044a4   0x080044a4   0x000000c0   Code   RO         3019    i.HAL_TIM_Base_Start  stm32h7xx_hal_tim.o
    0x08004564   0x08004564   0x000000cc   Code   RO         3021    i.HAL_TIM_Base_Start_IT  stm32h7xx_hal_tim.o
    0x08004630   0x08004630   0x00000032   Code   RO         3022    i.HAL_TIM_Base_Stop  stm32h7xx_hal_tim.o
    0x08004662   0x08004662   0x00000002   PAD
    0x08004664   0x08004664   0x00000134   Code   RO         3025    i.HAL_TIM_ConfigClockSource  stm32h7xx_hal_tim.o
    0x08004798   0x08004798   0x00000002   Code   RO         3050    i.HAL_TIM_IC_CaptureCallback  stm32h7xx_hal_tim.o
    0x0800479a   0x0800479a   0x00000198   Code   RO         3064    i.HAL_TIM_IRQHandler  stm32h7xx_hal_tim.o
    0x08004932   0x08004932   0x00000002   PAD
    0x08004934   0x08004934   0x00000060   Code   RO          220    i.HAL_TIM_MspPostInit  tim.o
    0x08004994   0x08004994   0x00000002   Code   RO         3067    i.HAL_TIM_OC_DelayElapsedCallback  stm32h7xx_hal_tim.o
    0x08004996   0x08004996   0x00000170   Code   RO         3088    i.HAL_TIM_PWM_ConfigChannel  stm32h7xx_hal_tim.o
    0x08004b06   0x08004b06   0x0000006e   Code   RO         3091    i.HAL_TIM_PWM_Init  stm32h7xx_hal_tim.o
    0x08004b74   0x08004b74   0x00000002   Code   RO         3093    i.HAL_TIM_PWM_MspInit  stm32h7xx_hal_tim.o
    0x08004b76   0x08004b76   0x00000002   Code   RO         3094    i.HAL_TIM_PWM_PulseFinishedCallback  stm32h7xx_hal_tim.o
    0x08004b78   0x08004b78   0x0000017c   Code   RO         3096    i.HAL_TIM_PWM_Start  stm32h7xx_hal_tim.o
    0x08004cf4   0x08004cf4   0x000000e4   Code   RO         3099    i.HAL_TIM_PWM_Stop  stm32h7xx_hal_tim.o
    0x08004dd8   0x08004dd8   0x00000002   Code   RO         3102    i.HAL_TIM_PeriodElapsedCallback  stm32h7xx_hal_tim.o
    0x08004dda   0x08004dda   0x00000002   Code   RO         3107    i.HAL_TIM_TriggerCallback  stm32h7xx_hal_tim.o
    0x08004ddc   0x08004ddc   0x0000004e   Code   RO         4469    i.HAL_UARTEx_DisableFifoMode  stm32h7xx_hal_uart_ex.o
    0x08004e2a   0x08004e2a   0x00000002   Code   RO         4053    i.HAL_UARTEx_RxEventCallback  stm32h7xx_hal_uart.o
    0x08004e2c   0x08004e2c   0x00000002   Code   RO         4477    i.HAL_UARTEx_RxFifoFullCallback  stm32h7xx_hal_uart_ex.o
    0x08004e2e   0x08004e2e   0x0000005e   Code   RO         4478    i.HAL_UARTEx_SetRxFifoThreshold  stm32h7xx_hal_uart_ex.o
    0x08004e8c   0x08004e8c   0x0000005e   Code   RO         4479    i.HAL_UARTEx_SetTxFifoThreshold  stm32h7xx_hal_uart_ex.o
    0x08004eea   0x08004eea   0x00000002   Code   RO         4481    i.HAL_UARTEx_TxFifoEmptyCallback  stm32h7xx_hal_uart_ex.o
    0x08004eec   0x08004eec   0x00000002   Code   RO         4482    i.HAL_UARTEx_WakeupCallback  stm32h7xx_hal_uart_ex.o
    0x08004eee   0x08004eee   0x00000002   Code   RO         4069    i.HAL_UART_ErrorCallback  stm32h7xx_hal_uart.o
    0x08004ef0   0x08004ef0   0x00000494   Code   RO         4072    i.HAL_UART_IRQHandler  stm32h7xx_hal_uart.o
    0x08005384   0x08005384   0x00000078   Code   RO         4073    i.HAL_UART_Init     stm32h7xx_hal_uart.o
    0x080053fc   0x080053fc   0x000000ac   Code   RO          301    i.HAL_UART_MspInit  usart.o
    0x080054a8   0x080054a8   0x0000005c   Code   RO         4078    i.HAL_UART_Receive_IT  stm32h7xx_hal_uart.o
    0x08005504   0x08005504   0x00000070   Code   RO          302    i.HAL_UART_RxCpltCallback  usart.o
    0x08005574   0x08005574   0x000000c2   Code   RO         4082    i.HAL_UART_Transmit  stm32h7xx_hal_uart.o
    0x08005636   0x08005636   0x00000002   Code   RO         4085    i.HAL_UART_TxCpltCallback  stm32h7xx_hal_uart.o
    0x08005638   0x08005638   0x00000004   Code   RO          362    i.HardFault_Handler  stm32h7xx_it.o
    0x0800563c   0x0800563c   0x00000056   Code   RO           14    i.MPU_Config        main.o
    0x08005692   0x08005692   0x00000002   PAD
    0x08005694   0x08005694   0x00000040   Code   RO          190    i.MX_GPIO_Init      gpio.o
    0x080056d4   0x080056d4   0x0000011c   Code   RO          221    i.MX_TIM1_Init      tim.o
    0x080057f0   0x080057f0   0x00000118   Code   RO          222    i.MX_TIM1_Init_Again  tim.o
    0x08005908   0x08005908   0x00000070   Code   RO          223    i.MX_TIM2_Init      tim.o
    0x08005978   0x08005978   0x00000070   Code   RO          224    i.MX_TIM3_Init      tim.o
    0x080059e8   0x080059e8   0x00000070   Code   RO          225    i.MX_TIM4_Init      tim.o
    0x08005a58   0x08005a58   0x00000088   Code   RO          303    i.MX_USART1_UART_Init  usart.o
    0x08005ae0   0x08005ae0   0x00000004   Code   RO          363    i.MemManage_Handler  stm32h7xx_it.o
    0x08005ae4   0x08005ae4   0x00000004   Code   RO          364    i.NMI_Handler       stm32h7xx_it.o
    0x08005ae8   0x08005ae8   0x00000002   Code   RO          365    i.PendSV_Handler    stm32h7xx_it.o
    0x08005aea   0x08005aea   0x00000002   PAD
    0x08005aec   0x08005aec   0x00000164   Code   RO          781    i.RCCEx_PLL2_Config  stm32h7xx_hal_rcc_ex.o
    0x08005c50   0x08005c50   0x00000164   Code   RO          782    i.RCCEx_PLL3_Config  stm32h7xx_hal_rcc_ex.o
    0x08005db4   0x08005db4   0x00000002   Code   RO          366    i.SVC_Handler       stm32h7xx_it.o
    0x08005db6   0x08005db6   0x00000008   Code   RO          367    i.SysTick_Handler   stm32h7xx_it.o
    0x08005dbe   0x08005dbe   0x00000002   PAD
    0x08005dc0   0x08005dc0   0x000000bc   Code   RO           15    i.SystemClock_Config  main.o
    0x08005e7c   0x08005e7c   0x000000e0   Code   RO         4593    i.SystemInit        system_stm32h7xx.o
    0x08005f5c   0x08005f5c   0x00000058   Code   RO          368    i.TIM2_IRQHandler   stm32h7xx_it.o
    0x08005fb4   0x08005fb4   0x00000020   Code   RO          369    i.TIM3_IRQHandler   stm32h7xx_it.o
    0x08005fd4   0x08005fd4   0x00000010   Code   RO          370    i.TIM4_IRQHandler   stm32h7xx_it.o
    0x08005fe4   0x08005fe4   0x000000f0   Code   RO         3109    i.TIM_Base_SetConfig  stm32h7xx_hal_tim.o
    0x080060d4   0x080060d4   0x00000022   Code   RO         3110    i.TIM_CCxChannelCmd  stm32h7xx_hal_tim.o
    0x080060f6   0x080060f6   0x00000016   Code   RO         3120    i.TIM_ETR_SetConfig  stm32h7xx_hal_tim.o
    0x0800610c   0x0800610c   0x00000018   Code   RO         3121    i.TIM_ITRx_SetConfig  stm32h7xx_hal_tim.o
    0x08006124   0x08006124   0x000000ac   Code   RO         3122    i.TIM_OC1_SetConfig  stm32h7xx_hal_tim.o
    0x080061d0   0x080061d0   0x000000b4   Code   RO         3123    i.TIM_OC2_SetConfig  stm32h7xx_hal_tim.o
    0x08006284   0x08006284   0x000000b4   Code   RO         3124    i.TIM_OC3_SetConfig  stm32h7xx_hal_tim.o
    0x08006338   0x08006338   0x00000074   Code   RO         3125    i.TIM_OC4_SetConfig  stm32h7xx_hal_tim.o
    0x080063ac   0x080063ac   0x00000070   Code   RO         3126    i.TIM_OC5_SetConfig  stm32h7xx_hal_tim.o
    0x0800641c   0x0800641c   0x00000070   Code   RO         3127    i.TIM_OC6_SetConfig  stm32h7xx_hal_tim.o
    0x0800648c   0x0800648c   0x00000026   Code   RO         3129    i.TIM_TI1_ConfigInputStage  stm32h7xx_hal_tim.o
    0x080064b2   0x080064b2   0x00000028   Code   RO         3131    i.TIM_TI2_ConfigInputStage  stm32h7xx_hal_tim.o
    0x080064da   0x080064da   0x00000002   PAD
    0x080064dc   0x080064dc   0x00000058   Code   RO         4483    i.UARTEx_SetNbDataToProcess  stm32h7xx_hal_uart_ex.o
    0x08006534   0x08006534   0x000000f8   Code   RO         4087    i.UART_AdvFeatureConfig  stm32h7xx_hal_uart.o
    0x0800662c   0x0800662c   0x000000ea   Code   RO         4088    i.UART_CheckIdleState  stm32h7xx_hal_uart.o
    0x08006716   0x08006716   0x00000018   Code   RO         4089    i.UART_DMAAbortOnError  stm32h7xx_hal_uart.o
    0x0800672e   0x0800672e   0x00000002   PAD
    0x08006730   0x08006730   0x0000006c   Code   RO         4099    i.UART_EndRxTransfer  stm32h7xx_hal_uart.o
    0x0800679c   0x0800679c   0x00000030   Code   RO         4100    i.UART_EndTransmit_IT  stm32h7xx_hal_uart.o
    0x080067cc   0x080067cc   0x00000104   Code   RO         4102    i.UART_RxISR_16BIT  stm32h7xx_hal_uart.o
    0x080068d0   0x080068d0   0x000001fc   Code   RO         4103    i.UART_RxISR_16BIT_FIFOEN  stm32h7xx_hal_uart.o
    0x08006acc   0x08006acc   0x00000104   Code   RO         4104    i.UART_RxISR_8BIT   stm32h7xx_hal_uart.o
    0x08006bd0   0x08006bd0   0x000001f8   Code   RO         4105    i.UART_RxISR_8BIT_FIFOEN  stm32h7xx_hal_uart.o
    0x08006dc8   0x08006dc8   0x00000628   Code   RO         4106    i.UART_SetConfig    stm32h7xx_hal_uart.o
    0x080073f0   0x080073f0   0x0000015c   Code   RO         4108    i.UART_Start_Receive_IT  stm32h7xx_hal_uart.o
    0x0800754c   0x0800754c   0x000000ac   Code   RO         4113    i.UART_WaitOnFlagUntilTimeout  stm32h7xx_hal_uart.o
    0x080075f8   0x080075f8   0x0000001c   Code   RO          371    i.USART1_IRQHandler  stm32h7xx_it.o
    0x08007614   0x08007614   0x00000004   Code   RO          372    i.UsageFault_Handler  stm32h7xx_it.o
    0x08007618   0x08007618   0x00000020   Code   RO         4925    i.__0printf         mc_w.l(printfa.o)
    0x08007638   0x08007638   0x00000030   Code   RO         4973    i.__ARM_fpclassify  m_wv.l(fpclassify.o)
    0x08007668   0x08007668   0x00000010   Code   RO          516    i.__NVIC_GetPriorityGrouping  stm32h7xx_hal_cortex.o
    0x08007678   0x08007678   0x00000028   Code   RO          517    i.__NVIC_SetPriority  stm32h7xx_hal_cortex.o
    0x080076a0   0x080076a0   0x000008f8   Code   RO         4671    i.__hardfp_pow      m_wv.l(pow.o)
    0x08007f98   0x08007f98   0x00000070   Code   RO         4975    i.__kernel_poly     m_wv.l(poly.o)
    0x08008008   0x08008008   0x00000020   Code   RO         4953    i.__mathlib_dbl_divzero  m_wv.l(dunder.o)
    0x08008028   0x08008028   0x00000006   Code   RO         4955    i.__mathlib_dbl_infnan2  m_wv.l(dunder.o)
    0x0800802e   0x0800802e   0x00000002   PAD
    0x08008030   0x08008030   0x00000018   Code   RO         4956    i.__mathlib_dbl_invalid  m_wv.l(dunder.o)
    0x08008048   0x08008048   0x00000018   Code   RO         4957    i.__mathlib_dbl_overflow  m_wv.l(dunder.o)
    0x08008060   0x08008060   0x00000018   Code   RO         4959    i.__mathlib_dbl_underflow  m_wv.l(dunder.o)
    0x08008078   0x08008078   0x0000000e   Code   RO         5041    i.__scatterload_copy  mc_w.l(handlers.o)
    0x08008086   0x08008086   0x00000002   Code   RO         5042    i.__scatterload_null  mc_w.l(handlers.o)
    0x08008088   0x08008088   0x0000000e   Code   RO         5043    i.__scatterload_zeroinit  mc_w.l(handlers.o)
    0x08008096   0x08008096   0x00000002   PAD
    0x08008098   0x08008098   0x0000000c   Code   RO         5015    i.__set_errno       mc_w.l(errno.o)
    0x080080a4   0x080080a4   0x00000184   Code   RO         4932    i._fp_digits        mc_w.l(printfa.o)
    0x08008228   0x08008228   0x000006b4   Code   RO         4933    i._printf_core      mc_w.l(printfa.o)
    0x080088dc   0x080088dc   0x00000024   Code   RO         4934    i._printf_post_padding  mc_w.l(printfa.o)
    0x08008900   0x08008900   0x0000002e   Code   RO         4935    i._printf_pre_padding  mc_w.l(printfa.o)
    0x0800892e   0x0800892e   0x00000002   PAD
    0x08008930   0x08008930   0x00000054   Code   RO          226    i.delay_us          tim.o
    0x08008984   0x08008984   0x00000018   Code   RO         4969    i.fabs              m_wv.l(fabs.o)
    0x0800899c   0x0800899c   0x0000001c   Code   RO          304    i.fputc             usart.o
    0x080089b8   0x080089b8   0x0000007c   Code   RO           16    i.main              main.o
    0x08008a34   0x08008a34   0x0000006a   Code   RO         4980    i.sqrt              m_wv.l(sqrt.o)
    0x08008a9e   0x08008a9e   0x00000002   PAD
    0x08008aa0   0x08008aa0   0x00000080   Code   RO         4631    i.var_init          vas1082.o
    0x08008b20   0x08008b20   0x00000018   Data   RO         4114    .constdata          stm32h7xx_hal_uart.o
    0x08008b38   0x08008b38   0x00000010   Data   RO         4485    .constdata          stm32h7xx_hal_uart_ex.o
    0x08008b48   0x08008b48   0x00000010   Data   RO         4594    .constdata          system_stm32h7xx.o
    0x08008b58   0x08008b58   0x00000088   Data   RO         4674    .constdata          m_wv.l(pow.o)
    0x08008be0   0x08008be0   0x00000008   Data   RO         4977    .constdata          m_wv.l(qnan.o)
    0x08008be8   0x08008be8   0x00000020   Data   RO         5039    Region$$Table       anon$$obj.o


    Execution Region RW_IRAM1 (Exec base: 0x20000000, Load base: 0x08008c08, Size: 0x00000000, Max: 0x00020000, ABSOLUTE)

    **** No section assigned to this execution region ****


    Execution Region RW_IRAM2 (Exec base: 0x24000000, Load base: 0x08008c08, Size: 0x000006a0, Max: 0x00050000, ABSOLUTE)

    Exec Addr    Load Addr    Size         Type   Attr      Idx    E Section Name        Object

    0x24000000   0x08008c08   0x00000003   Data   RW          306    .data               usart.o
    0x24000003   0x08008c0b   0x00000002   Data   RW          373    .data               stm32h7xx_it.o
    0x24000005   0x08008c0d   0x00000003   PAD
    0x24000008   0x08008c10   0x00000009   Data   RW         2122    .data               stm32h7xx_hal.o
    0x24000011   0x08008c19   0x00000003   PAD
    0x24000014   0x08008c1c   0x00000008   Data   RW         4595    .data               system_stm32h7xx.o
    0x2400001c   0x08008c24   0x00000004   PAD
    0x24000020   0x08008c28   0x00000030   Data   RW         4633    .data               vas1082.o
    0x24000050   0x08008c58   0x00000004   Data   RW         5006    .data               mc_w.l(stdout.o)
    0x24000054   0x08008c5c   0x00000004   Data   RW         5016    .data               mc_w.l(errno.o)
    0x24000058        -       0x00000130   Zero   RW          227    .bss                tim.o
    0x24000188        -       0x00000094   Zero   RW          305    .bss                usart.o
    0x2400021c        -       0x00000080   Zero   RW         4632    .bss                vas1082.o
    0x2400029c   0x08008c60   0x00000004   PAD
    0x240002a0        -       0x00000400   Zero   RW            1    STACK               startup_stm32h723xx.o


==============================================================================

Image component sizes


      Code (inc. data)   RO Data    RW Data    ZI Data      Debug   Object Name

        64          6          0          0          0        963   gpio.o
       404         26          0          0          0    1176496   main.o
        36          8        716          0       1024        860   startup_stm32h723xx.o
       260         48          0          9          0      23841   stm32h7xx_hal.o
       510         40          0          0          0      42545   stm32h7xx_hal_cortex.o
      2164         34          0          0          0       4491   stm32h7xx_hal_dma.o
       496         50          0          0          0       1612   stm32h7xx_hal_gpio.o
        36          4          0          0          0        978   stm32h7xx_hal_msp.o
        96          6          0          0          0        797   stm32h7xx_hal_pwr_ex.o
      3388        110          0          0          0       7096   stm32h7xx_hal_rcc.o
      5140        112          0          0          0       7493   stm32h7xx_hal_rcc_ex.o
      3640        364          0          0          0      21716   stm32h7xx_hal_tim.o
       434         46          0          0          0       4304   stm32h7xx_hal_tim_ex.o
      5874        210         24          0          0      39022   stm32h7xx_hal_uart.o
       360         10         16          0          0       5742   stm32h7xx_hal_uart_ex.o
       198         48          0          2          0       6825   stm32h7xx_it.o
       224         32         16          8          0       1462   system_stm32h7xx.o
      1312         80          0          0        304       6527   tim.o
       448         84          0          3        148       4630   usart.o
      3380        496          0         48        128       4658   vas1082.o

    ----------------------------------------------------------------------
     28484       1814        804         80       1608    1362058   Object Totals
         0          0         32          0          0          0   (incl. Generated)
        20          0          0         10          4          0   (incl. Padding)

    ----------------------------------------------------------------------

      Code (inc. data)   RO Data    RW Data    ZI Data      Debug   Library Member Name

       110         60          0          0          0        580   dunder.o
        24          0          0          0          0        124   fabs.o
        48          0          0          0          0        124   fpclassify.o
       112          0          0          0          0        116   poly.o
      2296        304        136          0          0        320   pow.o
         0          0          8          0          0          0   qnan.o
       106          0          0          0          0        140   sqrt.o
         0          0          0          0          0          0   entry.o
         0          0          0          0          0          0   entry10a.o
         0          0          0          0          0          0   entry11a.o
         4          0          0          0          0          0   entry12b.o
         8          4          0          0          0          0   entry2.o
         4          0          0          0          0          0   entry5.o
         0          0          0          0          0          0   entry7b.o
         0          0          0          0          0          0   entry8b.o
         8          4          0          0          0          0   entry9a.o
        12          6          0          4          0         68   errno.o
        30          0          0          0          0          0   handlers.o
        36          8          0          0          0         68   init.o
         0          0          0          0          0          0   iusefp.o
        30          0          0          0          0         68   llshl.o
        36          0          0          0          0         68   llsshr.o
        32          0          0          0          0         68   llushr.o
        36          0          0          0          0        108   memseta.o
      2218         90          0          0          0        464   printfa.o
         0          0          0          4          0          0   stdout.o
        44          0          0          0          0         80   uidiv.o
        98          0          0          0          0         92   uldiv.o
        48          0          0          0          0         68   cdrcmple.o
       334          0          0          0          0        148   dadd.o
       222          0          0          0          0        100   ddiv.o
       186          0          0          0          0        176   depilogue.o
        48          0          0          0          0         68   dfixul.o
       228          0          0          0          0         96   dmul.o
        46          0          0          0          0         80   dscalb.o

    ----------------------------------------------------------------------
      6416        476        144          8          0       3224   Library Totals
        12          0          0          0          0          0   (incl. Padding)

    ----------------------------------------------------------------------

      Code (inc. data)   RO Data    RW Data    ZI Data      Debug   Library Name

      2696        364        144          0          0       1404   m_wv.l
      2596        112          0          8          0       1084   mc_w.l
      1112          0          0          0          0        736   mf_w.l

    ----------------------------------------------------------------------
      6416        476        144          8          0       3224   Library Totals

    ----------------------------------------------------------------------

==============================================================================


      Code (inc. data)   RO Data    RW Data    ZI Data      Debug   

     34900       2290        948         88       1608    1351902   Grand Totals
     34900       2290        948         88       1608    1351902   ELF Image Totals
     34900       2290        948         88          0          0   ROM Totals

==============================================================================

    Total RO  Size (Code + RO Data)                35848 (  35.01kB)
    Total RW  Size (RW Data + ZI Data)              1696 (   1.66kB)
    Total ROM Size (Code + RO Data + RW Data)      35936 (  35.09kB)

==============================================================================

